Component: ARM Compiler 5.06 update 4 (build 422) Tool: armlink [4d35d2]

==============================================================================

Section Cross References

    main.o(i.hal_rfphy_init) refers to patch.o(i.hal_rom_code_ini) for hal_rom_code_ini
    main.o(i.hal_rfphy_init) refers to gpio.o(i.hal_gpio_pull_set) for hal_gpio_pull_set
    main.o(i.hal_rfphy_init) refers to common.o(i.subWriteReg) for subWriteReg
    main.o(i.hal_rfphy_init) refers to main.o(i.NVIC_SetPriority) for NVIC_SetPriority
    main.o(i.hal_rfphy_init) refers to pwrmgr.o(i.hal_pwrmgr_register) for hal_pwrmgr_register
    main.o(i.hal_rfphy_init) refers to rf_phy_driver.o(.data) for g_rfPhyTxPower
    main.o(i.hal_rfphy_init) refers to main.o(i.rf_wakeup_handler) for rf_wakeup_handler
    main.o(i.main) refers to patch.o(i.init_config) for init_config
    main.o(i.main) refers to pwrmgr.o(i.hal_pwrmgr_init) for hal_pwrmgr_init
    main.o(i.main) refers to main.o(i.hal_rfphy_init) for hal_rfphy_init
    main.o(i.main) refers to common.o(i.hal_system_init) for hal_system_init
    main.o(i.main) refers to clock.o(i.hal_rtc_clock_config) for hal_rtc_clock_config
    main.o(i.main) refers to pwrmgr.o(i.hal_pwrmgr_RAM_retention) for hal_pwrmgr_RAM_retention
    main.o(i.main) refers to my_printf.o(i.phy_printf_init) for phy_printf_init
    main.o(i.main) refers to gpio.o(i.hal_gpio_init) for hal_gpio_init
    main.o(i.main) refers to adc.o(i.hal_adc_init) for hal_adc_init
    main.o(i.main) refers to my_printf.o(i.phy_printf) for phy_printf
    main.o(i.main) refers to blesmartperipheral_main.o(i.app_main) for app_main
    main.o(i.main) refers to rf_phy_driver.o(.data) for g_system_clk
    main.o(i.rf_wakeup_handler) refers to main.o(i.NVIC_SetPriority) for NVIC_SetPriority
    devinfoservice.o(i.DevInfo_AddService) refers to gattservapp.o(i.GATTServApp_RegisterService) for GATTServApp_RegisterService
    devinfoservice.o(i.DevInfo_AddService) refers to devinfoservice.o(.constdata) for .constdata
    devinfoservice.o(i.DevInfo_AddService) refers to devinfoservice.o(.data) for .data
    devinfoservice.o(i.DevInfo_GetParameter) refers to devinfoservice.o(.data) for .data
    devinfoservice.o(i.DevInfo_GetParameter) refers to devinfoservice.o(.constdata) for .constdata
    devinfoservice.o(i.DevInfo_SetParameter) refers to devinfoservice.o(.data) for .data
    devinfoservice.o(i.devInfo_ReadAttrCB) refers to devinfoservice.o(.data) for .data
    devinfoservice.o(i.devInfo_ReadAttrCB) refers to devinfoservice.o(.constdata) for .constdata
    devinfoservice.o(.constdata) refers to devinfoservice.o(.constdata) for devInfoServUUID
    devinfoservice.o(.constdata) refers to devinfoservice.o(i.devInfo_ReadAttrCB) for devInfo_ReadAttrCB
    devinfoservice.o(.data) refers to devinfoservice.o(.constdata) for devInfoService
    devinfoservice.o(.data) refers to devinfoservice.o(.data) for devInfoSystemIdProps
    devinfoservice.o(.data) refers to devinfoservice.o(.constdata) for devInfoSystemIdUUID
    devinfoservice.o(.data) refers to devinfoservice.o(.data) for devInfoModelNumberProps
    devinfoservice.o(.data) refers to devinfoservice.o(.constdata) for devInfoModelNumberUUID
    devinfoservice.o(.data) refers to devinfoservice.o(.constdata) for devInfoModelNumber
    devinfoservice.o(.data) refers to devinfoservice.o(.data) for devInfoSerialNumberProps
    devinfoservice.o(.data) refers to devinfoservice.o(.constdata) for devInfoSerialNumberUUID
    devinfoservice.o(.data) refers to devinfoservice.o(.data) for devInfoFirmwareRevProps
    devinfoservice.o(.data) refers to devinfoservice.o(.constdata) for devInfoFirmwareRevUUID
    devinfoservice.o(.data) refers to devinfoservice.o(.data) for devInfoHardwareRevProps
    devinfoservice.o(.data) refers to devinfoservice.o(.constdata) for devInfoHardwareRevUUID
    devinfoservice.o(.data) refers to devinfoservice.o(.data) for devInfoSoftwareRevProps
    devinfoservice.o(.data) refers to devinfoservice.o(.constdata) for devInfoSoftwareRevUUID
    devinfoservice.o(.data) refers to devinfoservice.o(.data) for devInfoMfrNameProps
    devinfoservice.o(.data) refers to devinfoservice.o(.constdata) for devInfoMfrNameUUID
    devinfoservice.o(.data) refers to devinfoservice.o(.data) for devInfo11073CertProps
    devinfoservice.o(.data) refers to devinfoservice.o(.constdata) for devInfo11073CertUUID
    devinfoservice.o(.data) refers to devinfoservice.o(.data) for devInfoPnpIdProps
    devinfoservice.o(.data) refers to devinfoservice.o(.constdata) for devInfoPnpIdUUID
    gapbondmgr.o(i.GAPBondMgr_GetParameter) refers to gapbondmgr.o(i.gapBondMgrBondTotal) for gapBondMgrBondTotal
    gapbondmgr.o(i.GAPBondMgr_GetParameter) refers to gapbondmgr.o(.data) for .data
    gapbondmgr.o(i.GAPBondMgr_GetParameter) refers to gapbondmgr.o(.bss) for .bss
    gapbondmgr.o(i.GAPBondMgr_Init) refers to gapbondmgr.o(i.gapBondMgrReadBonds) for gapBondMgrReadBonds
[...]
    Long Thumb to Thumb Veneer to LL_RxDataCompleteCback 0x1fff4b5d   Thumb Code    12  anon$$obj.o(Veneer$$Code)
    Long Thumb to Thumb Veneer to update_rx_read_ptr 0x1fff4b69   Thumb Code    12  anon$$obj.o(Veneer$$Code)
    Long Thumb to Thumb Veneer to llConnTerminate 0x1fff4b75   Thumb Code    12  anon$$obj.o(Veneer$$Code)
    Long Thumb to Thumb Veneer to osal_bm_free 0x1fff4b81   Thumb Code    12  anon$$obj.o(Veneer$$Code)
    Long Thumb to Thumb Veneer to llProcessMasterControlPacket 0x1fff4b8d   Thumb Code    12  anon$$obj.o(Veneer$$Code)
    Long Thumb to Thumb Veneer to llProcessSlaveControlPacket 0x1fff4b99   Thumb Code    12  anon$$obj.o(Veneer$$Code)
    Long Thumb to Thumb Veneer to llMemCopySrc 0x1fff4ba5   Thumb Code    12  anon$$obj.o(Veneer$$Code)
    Long Thumb to Thumb Veneer to LL_ENC_ReverseBytes 0x1fff4bb1   Thumb Code    12  anon$$obj.o(Veneer$$Code)
    Long Thumb to Thumb Veneer to LL_ENC_GenDeviceSKD 0x1fff4bbd   Thumb Code    12  anon$$obj.o(Veneer$$Code)
    Long Thumb to Thumb Veneer to LL_ENC_GenDeviceIV 0x1fff4bc9   Thumb Code    12  anon$$obj.o(Veneer$$Code)
    Long Thumb to Thumb Veneer to LL_ENC_GenerateTrueRandNum 0x1fff4bd5   Thumb Code    12  anon$$obj.o(Veneer$$Code)
    Long Thumb to Thumb Veneer to llEnqueueCtrlPkt 0x1fff4be1   Thumb Code    12  anon$$obj.o(Veneer$$Code)
    Long Thumb to Thumb Veneer to llDequeueCtrlPkt 0x1fff4bed   Thumb Code    12  anon$$obj.o(Veneer$$Code)
    Long Thumb to Thumb Veneer to LL_EncLtkReqCback 0x1fff4bf9   Thumb Code    12  anon$$obj.o(Veneer$$Code)
    Long Thumb to Thumb Veneer to LL_ENC_AES128_Encrypt 0x1fff4c05   Thumb Code    12  anon$$obj.o(Veneer$$Code)
    Long Thumb to Thumb Veneer to llReplaceCtrlPkt 0x1fff4c11   Thumb Code    12  anon$$obj.o(Veneer$$Code)
    Long Thumb to Thumb Veneer to llSetupStartEncReq 0x1fff4c1d   Thumb Code    12  anon$$obj.o(Veneer$$Code)
    Long Thumb to Thumb Veneer to llSetupStartEncRsp 0x1fff4c29   Thumb Code    12  anon$$obj.o(Veneer$$Code)
    Long Thumb to Thumb Veneer to LL_EncChangeCback 0x1fff4c35   Thumb Code    12  anon$$obj.o(Veneer$$Code)
    Long Thumb to Thumb Veneer to LL_EncKeyRefreshCback 0x1fff4c41   Thumb Code    12  anon$$obj.o(Veneer$$Code)
    Long Thumb to Thumb Veneer to llSetupPauseEncRsp 0x1fff4c4d   Thumb Code    12  anon$$obj.o(Veneer$$Code)
    Long Thumb to Thumb Veneer to llSetupFeatureSetReq 0x1fff4c59   Thumb Code    12  anon$$obj.o(Veneer$$Code)
    Long Thumb to Thumb Veneer to LL_ReadRemoteUsedFeaturesCompleteCback 0x1fff4c65   Thumb Code    12  anon$$obj.o(Veneer$$Code)
    Long Thumb to Thumb Veneer to llSetupVersionIndReq 0x1fff4c71   Thumb Code    12  anon$$obj.o(Veneer$$Code)
    Long Thumb to Thumb Veneer to LL_ReadRemoteVersionInfoCback 0x1fff4c7d   Thumb Code    12  anon$$obj.o(Veneer$$Code)
    Long Thumb to Thumb Veneer to llSetupDirectedAdvEvt 0x1fff4c89   Thumb Code    12  anon$$obj.o(Veneer$$Code)
    Long Thumb to Thumb Veneer to llSetupUndirectedAdvEvt 0x1fff4c95   Thumb Code    12  anon$$obj.o(Veneer$$Code)
    Long Thumb to Thumb Veneer to llSetupNonConnectableAdvEvt 0x1fff4ca1   Thumb Code    12  anon$$obj.o(Veneer$$Code)
    Long Thumb to Thumb Veneer to llSetupScannableAdvEvt 0x1fff4cad   Thumb Code    12  anon$$obj.o(Veneer$$Code)
    Long Thumb to Thumb Veneer to llGetNextAdvChn 0x1fff4cb9   Thumb Code    12  anon$$obj.o(Veneer$$Code)
    Long Thumb to Thumb Veneer to LL_Reset   0x1fff4cc5   Thumb Code    12  anon$$obj.o(Veneer$$Code)
    Long Thumb to Thumb Veneer to set_max_length 0x1fff4cd1   Thumb Code    12  anon$$obj.o(Veneer$$Code)
    Long Thumb to Thumb Veneer to ll_hw_set_trx 0x1fff4cdd   Thumb Code    12  anon$$obj.o(Veneer$$Code)
    Long Thumb to Thumb Veneer to getTxBufferSize 0x1fff4ce9   Thumb Code    12  anon$$obj.o(Veneer$$Code)
    Long Thumb to Thumb Veneer to llMemCopyDst 0x1fff4cf5   Thumb Code    12  anon$$obj.o(Veneer$$Code)
    Long Thumb to Thumb Veneer to LL_ENC_Encrypt 0x1fff4d01   Thumb Code    12  anon$$obj.o(Veneer$$Code)
    Long Thumb to Thumb Veneer to llCheckForLstoDuringSL 0x1fff4d0d   Thumb Code    12  anon$$obj.o(Veneer$$Code)
    Long Thumb to Thumb Veneer to llEventInRange 0x1fff4d19   Thumb Code    12  anon$$obj.o(Veneer$$Code)
    Long Thumb to Thumb Veneer to llConvertLstoToEvent 0x1fff4d25   Thumb Code    12  anon$$obj.o(Veneer$$Code)
    Long Thumb to Thumb Veneer to llEventDelta 0x1fff4d31   Thumb Code    12  anon$$obj.o(Veneer$$Code)
    Long Thumb to Thumb Veneer to LL_ConnParamUpdateCback 0x1fff4d3d   Thumb Code    12  anon$$obj.o(Veneer$$Code)
    Long Thumb to Thumb Veneer to llConvertCtrlProcTimeoutToEvent 0x1fff4d49   Thumb Code    12  anon$$obj.o(Veneer$$Code)
    Long Thumb to Thumb Veneer to llCalcTimerDrift 0x1fff4d55   Thumb Code    12  anon$$obj.o(Veneer$$Code)
    Long Thumb to Thumb Veneer to llSetNextDataChan 0x1fff4d61   Thumb Code    12  anon$$obj.o(Veneer$$Code)
    Long Thumb to Thumb Veneer to get_timer3_count 0x1fff4d6d   Thumb Code    12  anon$$obj.o(Veneer$$Code)
    Long Thumb to Thumb Veneer to llProcessRxData 0x1fff4d79   Thumb Code    12  anon$$obj.o(Veneer$$Code)
    Long Thumb to Thumb Veneer to llProcessSlaveControlProcedures 0x1fff4d85   Thumb Code    12  anon$$obj.o(Veneer$$Code)
    Long Thumb to Thumb Veneer to llProcessTxData 0x1fff4d91   Thumb Code    12  anon$$obj.o(Veneer$$Code)
    Long Thumb to Thumb Veneer to llSetupNextSlaveEvent 0x1fff4d9d   Thumb Code    12  anon$$obj.o(Veneer$$Code)
    Long Thumb to Thumb Veneer to LL_set_default_conn_params 0x1fff4da9   Thumb Code    12  anon$$obj.o(Veneer$$Code)
    Long Thumb to Thumb Veneer to reset_conn_buf 0x1fff4db5   Thumb Code    12  anon$$obj.o(Veneer$$Code)
    Long Thumb to Thumb Veneer to llProcessChanMap 0x1fff4dc1   Thumb Code    12  anon$$obj.o(Veneer$$Code)
    Long Thumb to Thumb Veneer to llGetNextDataChan 0x1fff4dcd   Thumb Code    12  anon$$obj.o(Veneer$$Code)
    Long Thumb to Thumb Veneer to LL_Init    0x1fff4dd9   Thumb Code    12  anon$$obj.o(Veneer$$Code)
    Long Thumb to Thumb Veneer to HCI_Init   0x1fff4de5   Thumb Code    12  anon$$obj.o(Veneer$$Code)
    Long Thumb to Thumb Veneer to L2CAP_Init 0x1fff4df1   Thumb Code    12  anon$$obj.o(Veneer$$Code)
    Long Thumb to Thumb Veneer to GAP_Init   0x1fff4dfd   Thumb Code    12  anon$$obj.o(Veneer$$Code)
    Long Thumb to Thumb Veneer to GATT_Init  0x1fff4e09   Thumb Code    12  anon$$obj.o(Veneer$$Code)
    Long Thumb to Thumb Veneer to SM_Init    0x1fff4e15   Thumb Code    12  anon$$obj.o(Veneer$$Code)
    Long Thumb to Thumb Veneer to isSleepAllow 0x1fff4e21   Thumb Code    12  anon$$obj.o(Veneer$$Code)
    Long Thumb to Thumb Veneer to osal_next_timeout 0x1fff4e2d   Thumb Code    12  anon$$obj.o(Veneer$$Code)
    Long Thumb to Thumb Veneer to read_LL_remainder_time 0x1fff4e39   Thumb Code    12  anon$$obj.o(Veneer$$Code)
    Long Thumb to Thumb Veneer to getSleepMode 0x1fff4e45   Thumb Code    12  anon$$obj.o(Veneer$$Code)
    Long Thumb to Thumb Veneer to enterSleepProcess 0x1fff4e51   Thumb Code    12  anon$$obj.o(Veneer$$Code)
    Long Thumb to Thumb Veneer to strlen     0x1fff4e5d   Thumb Code    12  anon$$obj.o(Veneer$$Code)
    Long Thumb to Thumb Veneer to ll_hw_set_rx_tx_interval 0x1fff4e69   Thumb Code    12  anon$$obj.o(Veneer$$Code)
    Long Thumb to Thumb Veneer to ll_hw_set_tx_rx_interval 0x1fff4e75   Thumb Code    12  anon$$obj.o(Veneer$$Code)
    Long Thumb to Thumb Veneer to rf_init    0x1fff4e81   Thumb Code    12  anon$$obj.o(Veneer$$Code)
    Long Thumb to Thumb Veneer to osalTimeUpdate 0x1fff4e8d   Thumb Code    12  anon$$obj.o(Veneer$$Code)
    Long Thumb to Thumb Veneer to set_timer1 0x1fff4e99   Thumb Code    12  anon$$obj.o(Veneer$$Code)
    Long Thumb to Thumb Veneer to app_wakeup_process 0x1fff4ea5   Thumb Code    12  anon$$obj.o(Veneer$$Code)
    Long Thumb to Thumb Veneer to set_timer  0x1fff4eb1   Thumb Code    12  anon$$obj.o(Veneer$$Code)
    Long Thumb to Thumb Veneer to ll_hw_set_empty_head 0x1fff4ebd   Thumb Code    12  anon$$obj.o(Veneer$$Code)
    Long Thumb to Thumb Veneer to ll_hw_set_rx_timeout 0x1fff4ec9   Thumb Code    12  anon$$obj.o(Veneer$$Code)
    Long Thumb to Thumb Veneer to ll_hw_set_timing 0x1fff4ed5   Thumb Code    12  anon$$obj.o(Veneer$$Code)
    DevInfo_AddService                       0x1fff4ee1   Thumb Code    14  devinfoservice.o(i.DevInfo_AddService)
    DevInfo_SetParameter                     0x1fff4ef9   Thumb Code    28  devinfoservice.o(i.DevInfo_SetParameter)
    GAPBondMgr_LinkEst                       0x1fff4f19   Thumb Code   316  gapbondmgr.o(i.GAPBondMgr_LinkEst)
    GAPBondMgr_Register                      0x1fff5059   Thumb Code    22  gapbondmgr.o(i.GAPBondMgr_Register)
    GAPBondMgr_ResolveAddr                   0x1fff5075   Thumb Code   174  gapbondmgr.o(i.GAPBondMgr_ResolveAddr)
    GAPBondMgr_SetParameter                  0x1fff5129   Thumb Code   344  gapbondmgr.o(i.GAPBondMgr_SetParameter)
    GAPRole_GetParameter                     0x1fff528d   Thumb Code   222  peripheral.o(i.GAPRole_GetParameter)
    GAPRole_Init                             0x1fff5375   Thumb Code    58  peripheral.o(i.GAPRole_Init)
    GAPRole_ProcessEvent                     0x1fff53b9   Thumb Code   238  peripheral.o(i.GAPRole_ProcessEvent)
    GAPRole_SendUpdateParam                  0x1fff54ad   Thumb Code    80  peripheral.o(i.GAPRole_SendUpdateParam)
    GAPRole_SetParameter                     0x1fff5505   Thumb Code   518  peripheral.o(i.GAPRole_SetParameter)
    GAPRole_StartDevice                      0x1fff5719   Thumb Code    48  peripheral.o(i.GAPRole_StartDevice)
    GAPRole_TerminateConnection              0x1fff5751   Thumb Code    26  peripheral.o(i.GAPRole_TerminateConnection)
    GAP_DeviceInit                           0x1fff5771   Thumb Code    62  gap.o(i.GAP_DeviceInit)
    GATTServApp_AddService                   0x1fff57b1   Thumb Code    22  gattservapp.o(i.GATTServApp_AddService)
    GATTServApp_FindAttr                     0x1fff57d1   Thumb Code    34  gattservapp.o(i.GATTServApp_FindAttr)
    GATTServApp_Init                         0x1fff57f5   Thumb Code    62  gattservapp.o(i.GATTServApp_Init)
    GATTServApp_InitCharCfg                  0x1fff5841   Thumb Code    44  gattservapp.o(i.GATTServApp_InitCharCfg)
    GATTServApp_ProcessCCCWriteReq           0x1fff5871   Thumb Code    88  gattservapp.o(i.GATTServApp_ProcessCCCWriteReq)
    GATTServApp_ProcessCharCfg               0x1fff58c9   Thumb Code   134  gattservapp.o(i.GATTServApp_ProcessCharCfg)
    GATTServApp_ProcessEvent                 0x1fff5955   Thumb Code    50  gattservapp.o(i.GATTServApp_ProcessEvent)
    GATTServApp_ReadAttr                     0x1fff598d   Thumb Code   540  gattservapp.o(i.GATTServApp_ReadAttr)
    GATTServApp_ReadCharCfg                  0x1fff5bb5   Thumb Code    14  gattservapp.o(i.GATTServApp_ReadCharCfg)
    GATTServApp_RegisterForMsg               0x1fff5bc5   Thumb Code     6  gattservapp.o(i.GATTServApp_RegisterForMsg)
    GATTServApp_RegisterService              0x1fff5bd1   Thumb Code    86  gattservapp.o(i.GATTServApp_RegisterService)
    GATTServApp_SendCCCUpdatedEvent          0x1fff5c2d   Thumb Code    50  gattservapp.o(i.GATTServApp_SendCCCUpdatedEvent)
    GATTServApp_SendServiceChangedInd        0x1fff5c65   Thumb Code    30  gattservapp.o(i.GATTServApp_SendServiceChangedInd)
    GATTServApp_UpdateCharCfg                0x1fff5c89   Thumb Code    24  gattservapp.o(i.GATTServApp_UpdateCharCfg)
    GATTServApp_WriteAttr                    0x1fff5ca1   Thumb Code    66  gattservapp.o(i.GATTServApp_WriteAttr)
    GATTServApp_WriteCharCfg                 0x1fff5ce5   Thumb Code    40  gattservapp.o(i.GATTServApp_WriteCharCfg)
    GGS_AddService                           0x1fff5d11   Thumb Code    22  gapgattserver.o(i.GGS_AddService)
    GGS_SetParameter                         0x1fff5d31   Thumb Code   126  gapgattserver.o(i.GGS_SetParameter)
    LL_ENC_Decrypt0                          0x1fff5db9   Thumb Code   318  patch.o(i.LL_ENC_Decrypt0)
    LL_ENC_Encrypt0                          0x1fff5f09   Thumb Code   316  patch.o(i.LL_ENC_Encrypt0)
    LL_IRQHandler1                           0x1fff6051   Thumb Code  1484  patch.o(i.LL_IRQHandler1)
    LL_SetAdvParam1                          0x1fff6641   Thumb Code   570  patch.o(i.LL_SetAdvParam1)
    LL_set_default_conn_params1              0x1fff6895   Thumb Code    58  patch.o(i.LL_set_default_conn_params1)
    LL_slave_conn_event1                     0x1fff68d9   Thumb Code   346  patch.o(i.LL_slave_conn_event1)
    ProgramWord                              0x1fff6af1   Thumb Code   164  flash_ext.o(i.ProgramWord)
    SimpleProfile_AddService                 0x1fff6b99   Thumb Code    42  simplegattprofile.o(i.SimpleProfile_AddService)
    SimpleProfile_SetParameter               0x1fff6bd5   Thumb Code    92  simplegattprofile.o(i.SimpleProfile_SetParameter)
    SystemInit                               0x1fff6c35   Thumb Code     8  system_armcm0.o(i.SystemInit)
    TIM0_IRQHandler1                         0x1fff6c45   Thumb Code   106  patch.o(i.TIM0_IRQHandler1)
    WaitRTCCount                             0x1fff6cc1   Thumb Code    38  common.o(i.WaitRTCCount)
    __ARM_clz                                0x1fff6ced   Thumb Code    46  depilogue.o(i.__ARM_clz)
    __scatterload_copy                       0x1fff6d1b   Thumb Code    14  handlers.o(i.__scatterload_copy)
    __scatterload_null                       0x1fff6d29   Thumb Code     2  handlers.o(i.__scatterload_null)
    __scatterload_zeroinit                   0x1fff6d2b   Thumb Code    14  handlers.o(i.__scatterload_zeroinit)
    app_main                                 0x1fff6d51   Thumb Code    20  blesmartperipheral_main.o(i.app_main)
    arry_sort                                0x1fff6d65   Thumb Code    54  patch.o(i.arry_sort)
    batt_init                                0x1fff6e11   Thumb Code    42  battery.o(i.batt_init)
    batt_measure                             0x1fff6e51   Thumb Code    22  battery.o(i.batt_measure)
    batt_voltage                             0x1fff6e6d   Thumb Code     6  battery.o(i.batt_voltage)
    bleSmartPeripheral_Init                  0x1fff6e79   Thumb Code   454  blesmartperipheral.o(i.bleSmartPeripheral_Init)
    bleSmartPeripheral_ProcessEvent          0x1fff7059   Thumb Code   166  blesmartperipheral.o(i.bleSmartPeripheral_ProcessEvent)
    boot_init1                               0x1fff7111   Thumb Code    64  patch.o(i.boot_init1)
    check_chip_id                            0x1fff715d   Thumb Code    26  flash_ext.o(i.check_chip_id)
    check_chip_mAddr                         0x1fff717d   Thumb Code    26  flash_ext.o(i.check_chip_mAddr)
    check_internal_bus_busy                  0x1fff719d   Thumb Code    34  flash_ext.o(i.check_internal_bus_busy)
    clk_gate_disable                         0x1fff7241   Thumb Code    20  clock.o(i.clk_gate_disable)
    clk_gate_enable                          0x1fff7255   Thumb Code    20  clock.o(i.clk_gate_enable)
    clk_pclk                                 0x1fff7269   Thumb Code     6  clock.o(i.clk_pclk)
    clk_reset                                0x1fff7275   Thumb Code    22  clock.o(i.clk_reset)
    clock_time_rtc                           0x1fff728d   Thumb Code    20  patch.o(i.clock_time_rtc)
    config_RTC1                              0x1fff72a5   Thumb Code    80  patch.o(i.config_RTC1)
    disable_spif_flash_write                 0x1fff7439   Thumb Code    28  flash_ext.o(i.disable_spif_flash_write)
    enable_spif_flash_write                  0x1fff7459   Thumb Code    28  flash_ext.o(i.enable_spif_flash_write)
    enterSleepProcess1                       0x1fff7479   Thumb Code   264  patch.o(i.enterSleepProcess1)
    flash_sector_erase                       0x1fff7595   Thumb Code    74  flash_ext.o(i.flash_sector_erase)
    getPN23RandNumber                        0x1fff831d   Thumb Code    36  patch.o(i.getPN23RandNumber)
    gpio_key_timer_handler                   0x1fff8581   Thumb Code    78  touch_key.o(i.gpio_key_timer_handler)
    gpio_pin0to3_pin31to34_control           0x1fff85dd   Thumb Code    36  gpio.o(i.gpio_pin0to3_pin31to34_control)
    hal_ADC_IRQHandler                       0x1fff8731   Thumb Code   130  adc.o(i.hal_ADC_IRQHandler)
    hal_GPIO_IRQHandler                      0x1fff87c5   Thumb Code    20  gpio.o(i.hal_GPIO_IRQHandler)
    hal_UART0_IRQHandler                     0x1fff87dd   Thumb Code    58  uart.o(i.hal_UART0_IRQHandler)
    hal_adc_config_channel                   0x1fff881d   Thumb Code   232  adc.o(i.hal_adc_config_channel)
    hal_adc_init                             0x1fff8911   Thumb Code    24  adc.o(i.hal_adc_init)
    hal_adc_start                            0x1fff8931   Thumb Code    52  adc.o(i.hal_adc_start)
    hal_adc_stop                             0x1fff897d   Thumb Code   120  adc.o(i.hal_adc_stop)
    hal_adc_value_cal                        0x1fff8a11   Thumb Code   262  adc.o(i.hal_adc_value_cal)
    hal_cpyMem                               0x1fff8b35   Thumb Code    16  common.o(i.hal_cpyMem)
    hal_gpio_cfg_analog_io                   0x1fff8b45   Thumb Code    58  gpio.o(i.hal_gpio_cfg_analog_io)
    hal_gpio_fmux                            0x1fff8b85   Thumb Code    34  gpio.o(i.hal_gpio_fmux)
    hal_gpio_fmux_set                        0x1fff8bad   Thumb Code    42  gpio.o(i.hal_gpio_fmux_set)
    hal_gpio_init                            0x1fff8bdd   Thumb Code    70  gpio.o(i.hal_gpio_init)
    hal_gpio_pin_init                        0x1fff8c39   Thumb Code    82  gpio.o(i.hal_gpio_pin_init)
    hal_gpio_pull_set                        0x1fff8c91   Thumb Code    52  gpio.o(i.hal_gpio_pull_set)
    hal_gpio_read                            0x1fff8cc9   Thumb Code    52  gpio.o(i.hal_gpio_read)
    hal_gpio_wakeup_set                      0x1fff8d01   Thumb Code    76  gpio.o(i.hal_gpio_wakeup_set)
    hal_gpio_write                           0x1fff8d51   Thumb Code    60  gpio.o(i.hal_gpio_write)
    hal_gpioin_disable                       0x1fff8d91   Thumb Code    64  gpio.o(i.hal_gpioin_disable)
    hal_gpioin_enable                        0x1fff8dd9   Thumb Code   104  gpio.o(i.hal_gpioin_enable)
    hal_gpioin_register                      0x1fff8e45   Thumb Code    44  gpio.o(i.hal_gpioin_register)
    hal_pwm_close_channel                    0x1fff8e75   Thumb Code    22  pwm.o(i.hal_pwm_close_channel)
    hal_pwm_destroy                          0x1fff8e91   Thumb Code   104  pwm.o(i.hal_pwm_destroy)
    hal_pwm_init                             0x1fff8efd   Thumb Code    96  pwm.o(i.hal_pwm_init)
    hal_pwm_open_channel                     0x1fff8f61   Thumb Code    36  pwm.o(i.hal_pwm_open_channel)
    hal_pwm_set_count_val                    0x1fff8f89   Thumb Code    38  pwm.o(i.hal_pwm_set_count_val)
    hal_pwm_start                            0x1fff8fb5   Thumb Code    28  pwm.o(i.hal_pwm_start)
    hal_pwm_stop                             0x1fff8fd5   Thumb Code    28  pwm.o(i.hal_pwm_stop)
    hal_pwrmgr_RAM_retention                 0x1fff8ff5   Thumb Code    20  pwrmgr.o(i.hal_pwrmgr_RAM_retention)
    hal_pwrmgr_RAM_retention_clr             0x1fff900d   Thumb Code    18  pwrmgr.o(i.hal_pwrmgr_RAM_retention_clr)
    hal_pwrmgr_RAM_retention_set             0x1fff9025   Thumb Code    20  pwrmgr.o(i.hal_pwrmgr_RAM_retention_set)
    hal_pwrmgr_init                          0x1fff9041   Thumb Code    44  pwrmgr.o(i.hal_pwrmgr_init)
    hal_pwrmgr_lock                          0x1fff9075   Thumb Code    74  pwrmgr.o(i.hal_pwrmgr_lock)
    hal_pwrmgr_register                      0x1fff90c9   Thumb Code    62  pwrmgr.o(i.hal_pwrmgr_register)
    hal_pwrmgr_sleep_process                 0x1fff910d   Thumb Code    46  pwrmgr.o(i.hal_pwrmgr_sleep_process)
    hal_pwrmgr_unlock                        0x1fff9141   Thumb Code    86  pwrmgr.o(i.hal_pwrmgr_unlock)
    hal_pwrmgr_wakeup_process                0x1fff91a1   Thumb Code    42  pwrmgr.o(i.hal_pwrmgr_wakeup_process)
    hal_rom_code_ini                         0x1fff9249   Thumb Code    86  patch.o(i.hal_rom_code_ini)
    hal_rtc_clock_config                     0x1fff92ad   Thumb Code   126  clock.o(i.hal_rtc_clock_config)
    hal_system_init                          0x1fff9339   Thumb Code   178  common.o(i.hal_system_init)
    hal_uart_init                            0x1fff940d   Thumb Code    76  uart.o(i.hal_uart_init)
    hal_uart_send_buff                       0x1fff9461   Thumb Code    22  uart.o(i.hal_uart_send_buff)
    init_config                              0x1fff94bd   Thumb Code   328  patch.o(i.init_config)
    llAdjSlaveLatencyValue                   0x1fff9811   Thumb Code    30  patch.o(i.llAdjSlaveLatencyValue)
    llProcessRxData1                         0x1fff9831   Thumb Code   342  patch.o(i.llProcessRxData1)
    llProcessSlaveControlPacket1             0x1fff999d   Thumb Code   536  patch.o(i.llProcessSlaveControlPacket1)
    llProcessSlaveControlProcedures0         0x1fff9bc5   Thumb Code   638  patch.o(i.llProcessSlaveControlProcedures0)
    llSetupAdv1                              0x1fff9e49   Thumb Code    98  patch.o(i.llSetupAdv1)
    llSetupDirectedAdvEvt1                   0x1fff9eb5   Thumb Code   350  patch.o(i.llSetupDirectedAdvEvt1)
    llSetupEncRsp0                           0x1fffa049   Thumb Code   120  patch.o(i.llSetupEncRsp0)
    llSetupFeatureSetRsp1                    0x1fffa0d1   Thumb Code    90  patch.o(i.llSetupFeatureSetRsp1)
    llSetupNextSlaveEvent1                   0x1fffa13d   Thumb Code   314  patch.o(i.llSetupNextSlaveEvent1)
    llSetupRejectInd1                        0x1fffa285   Thumb Code    38  patch.o(i.llSetupRejectInd1)
    llSetupTermInd1                          0x1fffa2bd   Thumb Code    96  patch.o(i.llSetupTermInd1)
    llSetupUndirectedAdvEvt1                 0x1fffa32d   Thumb Code   210  patch.o(i.llSetupUndirectedAdvEvt1)
    llSetupUnknownRsp1                       0x1fffa425   Thumb Code    76  patch.o(i.llSetupUnknownRsp1)
    llSlaveEvt_TaskEndOk1                    0x1fffa481   Thumb Code   404  patch.o(i.llSlaveEvt_TaskEndOk1)
    ll_adptive_adj_next_time                 0x1fffa639   Thumb Code    84  patch.o(i.ll_adptive_adj_next_time)
    ll_adptive_smart_window                  0x1fffa69d   Thumb Code   134  patch.o(i.ll_adptive_smart_window)
    ll_hw_go1                                0x1fffa735   Thumb Code   112  patch.o(i.ll_hw_go1)
    main                                     0x1fffa7c5   Thumb Code    64  main.o(i.main)
    move_to_slave_function1                  0x1fffa821   Thumb Code   508  patch.o(i.move_to_slave_function1)
    osalInitTasks                            0x1fffaa4d   Thumb Code    94  osal_blesmartperipheral.o(i.osalInitTasks)
    osal_pwrmgr_powerconserve1               0x1fffaab1   Thumb Code   292  patch.o(i.osal_pwrmgr_powerconserve1)
    osal_snv_compact                         0x1fffabfd   Thumb Code     4  osal_snv.o(i.osal_snv_compact)
    osal_snv_read                            0x1fffac01   Thumb Code    58  osal_snv.o(i.osal_snv_read)
    osal_snv_write                           0x1fffac51   Thumb Code   148  osal_snv.o(i.osal_snv_write)
    phy_printf                               0x1fffad49   Thumb Code    50  my_printf.o(i.phy_printf)
    phy_printf_init                          0x1fffad85   Thumb Code    12  my_printf.o(i.phy_printf_init)
    pwm_ctrl                                 0x1fffafe9   Thumb Code   146  pwm_ctrl.o(i.pwm_ctrl)
    pwm_init                                 0x1fffb081   Thumb Code    14  pwm_ctrl.o(i.pwm_init)
    pwm_off                                  0x1fffb095   Thumb Code    90  pwm_ctrl.o(i.pwm_off)
    pwm_on                                   0x1fffb0f5   Thumb Code   126  pwm_ctrl.o(i.pwm_on)
    rc32k_calibration                        0x1fffb179   Thumb Code    86  patch.o(i.rc32k_calibration)
    rc32k_calibration_check                  0x1fffb1d9   Thumb Code    60  patch.o(i.rc32k_calibration_check)
    rc32k_tracking_check                     0x1fffb219   Thumb Code   104  patch.o(i.rc32k_tracking_check)
    read_chip_id                             0x1fffb289   Thumb Code    52  flash_ext.o(i.read_chip_id)
    read_chip_mAddr                          0x1fffb2c5   Thumb Code    56  flash_ext.o(i.read_chip_mAddr)
    rf_calibrate1                            0x1fffb305   Thumb Code    34  patch.o(i.rf_calibrate1)
    rf_phy_ana_cfg                           0x1fffb32d   Thumb Code   184  rf_phy_driver.o(i.rf_phy_ana_cfg)
    rf_phy_bb_cfg                            0x1fffb409   Thumb Code   180  rf_phy_driver.o(i.rf_phy_bb_cfg)
    rf_phy_get_pktFoot                       0x1fffb519   Thumb Code    42  rf_phy_driver.o(i.rf_phy_get_pktFoot)
    rf_phy_ini                               0x1fffb549   Thumb Code    22  rf_phy_driver.o(i.rf_phy_ini)
    rf_phy_set_txPower                       0x1fffb565   Thumb Code    42  rf_phy_driver.o(i.rf_phy_set_txPower)
    rf_rxDcoc_cfg                            0x1fffb599   Thumb Code   216  rf_phy_driver.o(i.rf_rxDcoc_cfg)
    rf_tpCal_gen_cap_arrary                  0x1fffb6a1   Thumb Code   146  rf_phy_driver.o(i.rf_tpCal_gen_cap_arrary)
    rf_tp_cal                                0x1fffb73d   Thumb Code   110  rf_phy_driver.o(i.rf_tp_cal)
    simpleProfile_Notify                     0x1fffb8fd   Thumb Code    58  simplegattprofile.o(i.simpleProfile_Notify)
    simpleProfile_Read                       0x1fffb93d   Thumb Code    98  simplegattprofile.o(i.simpleProfile_Read)
    simpleProfile_Write                      0x1fffb9e1   Thumb Code   192  simplegattprofile.o(i.simpleProfile_Write)
    subWriteReg                              0x1fffbb39   Thumb Code    36  common.o(i.subWriteReg)
    switch_init                              0x1fffbb5d   Thumb Code    62  switch.o(i.switch_init)
    switch_off                               0x1fffbb9b   Thumb Code    40  switch.o(i.switch_off)
    switch_on                                0x1fffbbc3   Thumb Code    34  switch.o(i.switch_on)
    wakeupProcess1                           0x1fffbd65   Thumb Code   372  patch.o(i.wakeupProcess1)
    wakeup_init1                             0x1fffbf0d   Thumb Code   158  patch.o(i.wakeup_init1)
    devInfoServUUID                          0x1fffbfe4   Data           2  devinfoservice.o(.constdata)
    devInfoSystemIdUUID                      0x1fffbfe6   Data           2  devinfoservice.o(.constdata)
    devInfoModelNumberUUID                   0x1fffbfe8   Data           2  devinfoservice.o(.constdata)
    devInfoSerialNumberUUID                  0x1fffbfea   Data           2  devinfoservice.o(.constdata)
    devInfoFirmwareRevUUID                   0x1fffbfec   Data           2  devinfoservice.o(.constdata)
    devInfoHardwareRevUUID                   0x1fffbfee   Data           2  devinfoservice.o(.constdata)
    devInfoSoftwareRevUUID                   0x1fffbff0   Data           2  devinfoservice.o(.constdata)
    devInfoMfrNameUUID                       0x1fffbff2   Data           2  devinfoservice.o(.constdata)
    devInfo11073CertUUID                     0x1fffbff4   Data           2  devinfoservice.o(.constdata)
    devInfoPnpIdUUID                         0x1fffbff6   Data           2  devinfoservice.o(.constdata)
    devInfoCBs                               0x1fffc074   Data          12  devinfoservice.o(.constdata)
    gapServiceCBs                            0x1fffc088   Data          12  gapgattserver.o(.constdata)
    gattServiceCBs                           0x1fffc09c   Data          12  gattservapp.o(.constdata)
    simpleProfileServUUID                    0x1fffc0a8   Data           2  simplegattprofile.o(.constdata)
    simpleProfilechar1UUID                   0x1fffc0aa   Data           2  simplegattprofile.o(.constdata)
    simpleProfilechar2UUID                   0x1fffc0ac   Data           2  simplegattprofile.o(.constdata)
    simpleProfilechar3UUID                   0x1fffc0ae   Data           2  simplegattprofile.o(.constdata)
    simpleProfilechar4UUID                   0x1fffc0b0   Data           2  simplegattprofile.o(.constdata)
    simpleProfilechar5UUID                   0x1fffc0b2   Data           2  simplegattprofile.o(.constdata)
    simpleProfileCBs                         0x1fffc0bc   Data          12  simplegattprofile.o(.constdata)
    tasksArr                                 0x1fffc0c8   Data          36  osal_blesmartperipheral.o(.constdata)
    tasksCnt                                 0x1fffc0ec   Data           1  osal_blesmartperipheral.o(.constdata)
    Region$$Table$$Base                      0x1fffc118   Number         0  anon$$obj.o(Region$$Table)
    Region$$Table$$Limit                     0x1fffc168   Number         0  anon$$obj.o(Region$$Table)
    gapRole_AdvEnabled                       0x1fffc35c   Data           1  peripheral.o(.data)
    gapRole_AdvEventType                     0x1fffc364   Data           1  peripheral.o(.data)
    appTaskID                                0x1fffc3c0   Data           1  gattservapp.o(.data)
    GATTServApp_TaskID                       0x1fffc3c2   Data           1  gattservapp.o(.data)
    bleSmartPeripheral_TaskID                0x1fffc585   Data           1  blesmartperipheral.o(.data)
    sw                                       0x1fffc588   Data           4  blesmartperipheral.o(.data)
    tasksEvents                              0x1fffc5d0   Data           4  osal_blesmartperipheral.o(.data)
    put_char_size                            0x1fffc5ec   Data           2  my_printf.o(.data)
    SystemCoreClock                          0x1fffc5f4   Data           4  system_armcm0.o(.data)
    g_smartWindowRTOCnt                      0x1fffc5f8   Data           1  patch.o(.data)
    g_same_rf_channel_flag                   0x1fffc5f9   Data           1  patch.o(.data)
    g_adv_taskID                             0x1fffc5fa   Data           1  patch.o(.data)
    g_conn_taskID                            0x1fffc5fb   Data           1  patch.o(.data)
    g_conn_param_carrSens                    0x1fffc5fc   Data           1  patch.o(.data)
    g_adv_taskEvent                          0x1fffc5fe   Data           2  patch.o(.data)
    g_conn_taskEvent                         0x1fffc600   Data           2  patch.o(.data)
    g_conn_param_foff                        0x1fffc602   Data           2  patch.o(.data)
    pGlobal_config                           0x1fffc604   Data           4  patch.o(.data)
    g_smartWindowLater                       0x1fffc608   Data           4  patch.o(.data)
    g_smartWindowSize                        0x1fffc60c   Data           4  patch.o(.data)
    g_smartWindowActiveCnt                   0x1fffc610   Data           4  patch.o(.data)
    g_smartWindowPreAnchPoint                0x1fffc614   Data           4  patch.o(.data)
    g_counter_traking_avg                    0x1fffc618   Data           4  patch.o(.data)
    g_wakeup_rtc_tick                        0x1fffc61c   Data           4  patch.o(.data)
    g_counter_traking_cnt                    0x1fffc620   Data           4  patch.o(.data)
    g_TIM2_IRQ_TIM3_CurrCount                0x1fffc624   Data           4  patch.o(.data)
    g_TIM2_IRQ_to_Sleep_DeltTick             0x1fffc628   Data           4  patch.o(.data)
    g_TIM2_IRQ_PendingTick                   0x1fffc62c   Data           4  patch.o(.data)
    g_osal_tick_trim                         0x1fffc630   Data           4  patch.o(.data)
    g_osalTickTrim_mod                       0x1fffc634   Data           4  patch.o(.data)
    accuTimerDrift                           0x1fffc638   Data           4  patch.o(.data)
    LL_PLUS_ScanRequestFilterCBack           0x1fffc63c   Data           4  patch.o(.data)
    g_getPn23_cnt                            0x1fffc640   Data           4  patch.o(.data)
    g_getPn23_seed                           0x1fffc644   Data           4  patch.o(.data)
    pCtrlData                                0x1fffc64c   Data           4  patch.o(.data)
    g_rfPhyXtalCap                           0x1fffc650   Data           1  rf_phy_driver.o(.data)
    g_rfPhyTpCal0                            0x1fffc651   Data           1  rf_phy_driver.o(.data)
    g_rfPhyTpCal1                            0x1fffc652   Data           1  rf_phy_driver.o(.data)
    g_rfPhyTxPower                           0x1fffc653   Data           1  rf_phy_driver.o(.data)
    g_rfPhyPktFmt                            0x1fffc654   Data           1  rf_phy_driver.o(.data)
    g_rfPhyFreqOffSet                        0x1fffc655   Data           1  rf_phy_driver.o(.data)
    g_system_clk                             0x1fffc656   Data           1  rf_phy_driver.o(.data)
    g_rfPhyClkSel                            0x1fffc657   Data           1  rf_phy_driver.o(.data)
    g_dtmModeType                            0x1fffc658   Data           1  rf_phy_driver.o(.data)
    g_dtmCmd                                 0x1fffc659   Data           1  rf_phy_driver.o(.data)
    g_dtmFreq                                0x1fffc65a   Data           1  rf_phy_driver.o(.data)
    g_dtmLength                              0x1fffc65b   Data           1  rf_phy_driver.o(.data)
    g_dtmExtLen                              0x1fffc65c   Data           1  rf_phy_driver.o(.data)
    g_dtmPKT                                 0x1fffc65d   Data           1  rf_phy_driver.o(.data)
    g_dtmCtrl                                0x1fffc65e   Data           1  rf_phy_driver.o(.data)
    g_dtmPara                                0x1fffc65f   Data           1  rf_phy_driver.o(.data)
    g_dtmEvt                                 0x1fffc660   Data           1  rf_phy_driver.o(.data)
    g_dtmStatus                              0x1fffc661   Data           1  rf_phy_driver.o(.data)
    g_dtmTxPower                             0x1fffc662   Data           1  rf_phy_driver.o(.data)
    g_dtmRssi                                0x1fffc663   Data           1  rf_phy_driver.o(.data)
    g_dtmCarrSens                            0x1fffc664   Data           1  rf_phy_driver.o(.data)
    g_dtmTpCalEnable                         0x1fffc665   Data           1  rf_phy_driver.o(.data)
    g_rfPhyDtmCmd                            0x1fffc666   Data           2  rf_phy_driver.o(.data)
    g_rfPhyDtmEvt                            0x1fffc668   Data           2  rf_phy_driver.o(.data)
    g_dtmPktIntv                             0x1fffc66a   Data           2  rf_phy_driver.o(.data)
    g_dtmPktCount                            0x1fffc66c   Data           2  rf_phy_driver.o(.data)
    g_dtmRxCrcNum                            0x1fffc66e   Data           2  rf_phy_driver.o(.data)
    g_dtmRxTONum                             0x1fffc670   Data           2  rf_phy_driver.o(.data)
    g_dtmRsp                                 0x1fffc672   Data           2  rf_phy_driver.o(.data)
    g_dtmFoff                                0x1fffc674   Data           2  rf_phy_driver.o(.data)
    g_rfPhyRxDcIQ                            0x1fffc678   Data           4  rf_phy_driver.o(.data)
    g_dtmTick                                0x1fffc67c   Data           4  rf_phy_driver.o(.data)
    g_dtmPerAutoIntv                         0x1fffc680   Data           4  rf_phy_driver.o(.data)
    g_dtmAccessCode                          0x1fffc684   Data           4  rf_phy_driver.o(.data)
    MID                                      0x1fffc688   Data           1  flash_ext.o(.data)
    JID8                                     0x1fffc689   Data           1  flash_ext.o(.data)
    JID0                                     0x1fffc68a   Data           1  flash_ext.o(.data)
    g_chipMAddr                              0x1fffc68b   Data           7  flash_ext.o(.data)
    m_uartCtx                                0x1fffcbec   Data          32  uart.o(.bss)
    put_char                                 0x1fffcc0c   Data         120  my_printf.o(.bss)
    g_perStatsByChan                         0x1fffccac   Data         444  patch.o(.bss)
    g_rfPhyTpCalCapArry                      0x1fffce68   Data          40  rf_phy_driver.o(.bss)
    g_chipId                                 0x1fffce90   Data          65  flash_ext.o(.bss)
    __initial_sp                             0x1fffd0d8   Data           0  startup_armcm0.o(STACK)



==============================================================================

Memory Map of the image

  Image Entry point : 0x1fff40c1

  Load Region LR_IROM1 (Base: 0x1fff4000, Size: 0x00008694, Max: 0x00010000, ABSOLUTE, COMPRESSED[0x0000833c])

    Execution Region ER_IROM1 (Base: 0x1fff4000, Size: 0x000090d8, Max: 0x0000a000, ABSOLUTE, COMPRESSED[0x000001d4])

    Base Addr    Size         Type   Attr      Idx    E Section Name        Object

    0x1fff4000   0x000000c0   Data   RO         2185    RESET               startup_armcm0.o
    0x1fff40c0   0x00000000   Code   RO         2510  * .ARM.Collect$$$$00000000  mc_p.l(entry.o)
    0x1fff40c0   0x00000004   Code   RO         2541    .ARM.Collect$$$$00000001  mc_p.l(entry2.o)
    0x1fff40c4   0x00000004   Code   RO         2544    .ARM.Collect$$$$00000004  mc_p.l(entry5.o)
    0x1fff40c8   0x00000000   Code   RO         2546    .ARM.Collect$$$$00000008  mc_p.l(entry7b.o)
    0x1fff40c8   0x00000000   Code   RO         2548    .ARM.Collect$$$$0000000A  mc_p.l(entry8b.o)
    0x1fff40c8   0x00000008   Code   RO         2549    .ARM.Collect$$$$0000000B  mc_p.l(entry9a.o)
    0x1fff40d0   0x00000000   Code   RO         2551    .ARM.Collect$$$$0000000D  mc_p.l(entry10a.o)
    0x1fff40d0   0x00000000   Code   RO         2553    .ARM.Collect$$$$0000000F  mc_p.l(entry11a.o)
    0x1fff40d0   0x00000004   Code   RO         2542    .ARM.Collect$$$$00002712  mc_p.l(entry2.o)
    0x1fff40d4   0x0000001c   Code   RO         2186    .text               startup_armcm0.o
    0x1fff40f0   0x00000024   Code   RO         2513    .text               mc_p.l(memcpya.o)
    0x1fff4114   0x00000024   Code   RO         2515    .text               mc_p.l(memseta.o)
    0x1fff4138   0x00000014   Code   RO         2519    .text               mc_p.l(uread4.o)
    0x1fff414c   0x000000b2   Code   RO         2521    .text               mf_p.l(fadd.o)
    0x1fff41fe   0x0000007a   Code   RO         2523    .text               mf_p.l(fmul.o)
    0x1fff4278   0x0000007c   Code   RO         2525    .text               mf_p.l(fdiv.o)
    0x1fff42f4   0x00000018   Code   RO         2527    .text               mf_p.l(fscalb.o)
    0x1fff430c   0x0000002c   Code   RO         2529    .text               mf_p.l(dscalb.o)
    0x1fff4338   0x00000016   Code   RO         2531    .text               mf_p.l(fflti.o)
    0x1fff434e   0x0000000e   Code   RO         2533    .text               mf_p.l(ffltui.o)
    0x1fff435c   0x00000028   Code   RO         2535    .text               mf_p.l(dflti.o)
    0x1fff4384   0x00000028   Code   RO         2537    .text               mf_p.l(ffixui.o)
    0x1fff43ac   0x00000038   Code   RO         2539    .text               mf_p.l(d2f.o)
    0x1fff43e4   0x00000000   Code   RO         2555    .text               mc_p.l(iusefp.o)
    0x1fff43e4   0x00000082   Code   RO         2556    .text               mf_p.l(fepilogue.o)
    0x1fff4466   0x000000be   Code   RO         2558    .text               mf_p.l(depilogue.o)
    0x1fff4524   0x00000024   Code   RO         2562    .text               mc_p.l(init.o)
    0x1fff4548   0x00000020   Code   RO         2564    .text               mc_p.l(llshl.o)
    0x1fff4568   0x00000022   Code   RO         2566    .text               mc_p.l(llushr.o)
    0x1fff458a   0x00000056   Code   RO         2576    .text               mc_p.l(__dczerorl2.o)
    0x1fff45e0   0x0000000c   Ven    RO         2578    Veneer$$Code        anon$$obj.o
    0x1fff45ec   0x0000000c   Ven    RO         2579    Veneer$$Code        anon$$obj.o
    0x1fff45f8   0x0000000c   Ven    RO         2580    Veneer$$Code        anon$$obj.o
    0x1fff4604   0x0000000c   Ven    RO         2581    Veneer$$Code        anon$$obj.o
    0x1fff4610   0x0000000c   Ven    RO         2582    Veneer$$Code        anon$$obj.o
    0x1fff461c   0x0000000c   Ven    RO         2583    Veneer$$Code        anon$$obj.o
    0x1fff4628   0x0000000c   Ven    RO         2584    Veneer$$Code        anon$$obj.o
    0x1fff4634   0x0000000c   Ven    RO         2585    Veneer$$Code        anon$$obj.o
    0x1fff4640   0x0000000c   Ven    RO         2586    Veneer$$Code        anon$$obj.o
    0x1fff464c   0x0000000c   Ven    RO         2587    Veneer$$Code        anon$$obj.o
    0x1fff4658   0x0000000c   Ven    RO         2588    Veneer$$Code        anon$$obj.o
    0x1fff4664   0x0000000c   Ven    RO         2589    Veneer$$Code        anon$$obj.o
    0x1fff4670   0x0000000c   Ven    RO         2590    Veneer$$Code        anon$$obj.o
    0x1fff467c   0x0000000c   Ven    RO         2591    Veneer$$Code        anon$$obj.o
    0x1fff4688   0x0000000c   Ven    RO         2592    Veneer$$Code        anon$$obj.o
    0x1fff4694   0x0000000c   Ven    RO         2593    Veneer$$Code        anon$$obj.o
    0x1fff46a0   0x0000000c   Ven    RO         2594    Veneer$$Code        anon$$obj.o
    0x1fff46ac   0x0000000c   Ven    RO         2595    Veneer$$Code        anon$$obj.o
    0x1fff46b8   0x0000000c   Ven    RO         2596    Veneer$$Code        anon$$obj.o
    0x1fff46c4   0x0000000c   Ven    RO         2597    Veneer$$Code        anon$$obj.o
    0x1fff46d0   0x0000000c   Ven    RO         2598    Veneer$$Code        anon$$obj.o
    0x1fff46dc   0x0000000c   Ven    RO         2599    Veneer$$Code        anon$$obj.o
    0x1fff46e8   0x0000000c   Ven    RO         2600    Veneer$$Code        anon$$obj.o
    0x1fff46f4   0x0000000c   Ven    RO         2601    Veneer$$Code        anon$$obj.o
    0x1fff4700   0x0000000c   Ven    RO         2602    Veneer$$Code        anon$$obj.o
    0x1fff470c   0x0000000c   Ven    RO         2603    Veneer$$Code        anon$$obj.o
    0x1fff4718   0x0000000c   Ven    RO         2604    Veneer$$Code        anon$$obj.o
    0x1fff4724   0x0000000c   Ven    RO         2605    Veneer$$Code        anon$$obj.o
    0x1fff4730   0x0000000c   Ven    RO         2606    Veneer$$Code        anon$$obj.o
    0x1fff473c   0x0000000c   Ven    RO         2607    Veneer$$Code        anon$$obj.o
    0x1fff4748   0x0000000c   Ven    RO         2608    Veneer$$Code        anon$$obj.o
    0x1fff4754   0x0000000c   Ven    RO         2609    Veneer$$Code        anon$$obj.o
    0x1fff4760   0x0000000c   Ven    RO         2610    Veneer$$Code        anon$$obj.o
    0x1fff476c   0x0000000c   Ven    RO         2611    Veneer$$Code        anon$$obj.o
    0x1fff4778   0x0000000c   Ven    RO         2612    Veneer$$Code        anon$$obj.o
    0x1fff4784   0x0000000c   Ven    RO         2613    Veneer$$Code        anon$$obj.o
    0x1fff4790   0x0000000c   Ven    RO         2614    Veneer$$Code        anon$$obj.o
    0x1fff479c   0x0000000c   Ven    RO         2615    Veneer$$Code        anon$$obj.o
    0x1fff47a8   0x0000000c   Ven    RO         2616    Veneer$$Code        anon$$obj.o
    0x1fff47b4   0x0000000c   Ven    RO         2617    Veneer$$Code        anon$$obj.o
    0x1fff47c0   0x0000000c   Ven    RO         2618    Veneer$$Code        anon$$obj.o
    0x1fff47cc   0x0000000c   Ven    RO         2619    Veneer$$Code        anon$$obj.o
    0x1fff47d8   0x0000000c   Ven    RO         2620    Veneer$$Code        anon$$obj.o
    0x1fff47e4   0x0000000c   Ven    RO         2621    Veneer$$Code        anon$$obj.o
    0x1fff47f0   0x0000000c   Ven    RO         2622    Veneer$$Code        anon$$obj.o
    0x1fff47fc   0x0000000c   Ven    RO         2623    Veneer$$Code        anon$$obj.o
    0x1fff4808   0x0000000c   Ven    RO         2624    Veneer$$Code        anon$$obj.o
    0x1fff4814   0x0000000c   Ven    RO         2625    Veneer$$Code        anon$$obj.o
    0x1fff4820   0x0000000c   Ven    RO         2626    Veneer$$Code        anon$$obj.o
    0x1fff482c   0x0000000c   Ven    RO         2627    Veneer$$Code        anon$$obj.o
    0x1fff4838   0x0000000c   Ven    RO         2628    Veneer$$Code        anon$$obj.o
    0x1fff4844   0x0000000c   Ven    RO         2629    Veneer$$Code        anon$$obj.o
    0x1fff4850   0x0000000c   Ven    RO         2630    Veneer$$Code        anon$$obj.o
    0x1fff485c   0x0000000c   Ven    RO         2631    Veneer$$Code        anon$$obj.o
    0x1fff4868   0x0000000c   Ven    RO         2632    Veneer$$Code        anon$$obj.o
    0x1fff4874   0x0000000c   Ven    RO         2633    Veneer$$Code        anon$$obj.o
    0x1fff4880   0x0000000c   Ven    RO         2634    Veneer$$Code        anon$$obj.o
    0x1fff488c   0x0000000c   Ven    RO         2635    Veneer$$Code        anon$$obj.o
    0x1fff4898   0x0000000c   Ven    RO         2636    Veneer$$Code        anon$$obj.o
    0x1fff48a4   0x0000000c   Ven    RO         2637    Veneer$$Code        anon$$obj.o
    0x1fff48b0   0x0000000c   Ven    RO         2638    Veneer$$Code        anon$$obj.o
    0x1fff48bc   0x0000000c   Ven    RO         2639    Veneer$$Code        anon$$obj.o
    0x1fff48c8   0x0000000c   Ven    RO         2640    Veneer$$Code        anon$$obj.o
    0x1fff48d4   0x0000000c   Ven    RO         2641    Veneer$$Code        anon$$obj.o
    0x1fff48e0   0x0000000c   Ven    RO         2642    Veneer$$Code        anon$$obj.o
    0x1fff48ec   0x0000000c   Ven    RO         2643    Veneer$$Code        anon$$obj.o
    0x1fff48f8   0x0000000c   Ven    RO         2644    Veneer$$Code        anon$$obj.o
    0x1fff4904   0x0000000c   Ven    RO         2645    Veneer$$Code        anon$$obj.o
    0x1fff4910   0x0000000c   Ven    RO         2646    Veneer$$Code        anon$$obj.o
    0x1fff491c   0x0000000c   Ven    RO         2647    Veneer$$Code        anon$$obj.o
    0x1fff4928   0x0000000c   Ven    RO         2648    Veneer$$Code        anon$$obj.o
    0x1fff4934   0x0000000c   Ven    RO         2649    Veneer$$Code        anon$$obj.o
    0x1fff4940   0x0000000c   Ven    RO         2650    Veneer$$Code        anon$$obj.o
    0x1fff494c   0x0000000c   Ven    RO         2651    Veneer$$Code        anon$$obj.o
    0x1fff4958   0x0000000c   Ven    RO         2652    Veneer$$Code        anon$$obj.o
    0x1fff4964   0x0000000c   Ven    RO         2653    Veneer$$Code        anon$$obj.o
    0x1fff4970   0x0000000c   Ven    RO         2654    Veneer$$Code        anon$$obj.o
    0x1fff497c   0x0000000c   Ven    RO         2655    Veneer$$Code        anon$$obj.o
    0x1fff4988   0x0000000c   Ven    RO         2656    Veneer$$Code        anon$$obj.o
    0x1fff4994   0x0000000c   Ven    RO         2657    Veneer$$Code        anon$$obj.o
    0x1fff49a0   0x0000000c   Ven    RO         2658    Veneer$$Code        anon$$obj.o
    0x1fff49ac   0x0000000c   Ven    RO         2659    Veneer$$Code        anon$$obj.o
    0x1fff49b8   0x0000000c   Ven    RO         2660    Veneer$$Code        anon$$obj.o
    0x1fff49c4   0x0000000c   Ven    RO         2661    Veneer$$Code        anon$$obj.o
    0x1fff49d0   0x0000000c   Ven    RO         2662    Veneer$$Code        anon$$obj.o
    0x1fff49dc   0x0000000c   Ven    RO         2663    Veneer$$Code        anon$$obj.o
    0x1fff49e8   0x0000000c   Ven    RO         2664    Veneer$$Code        anon$$obj.o
    0x1fff49f4   0x0000000c   Ven    RO         2665    Veneer$$Code        anon$$obj.o
    0x1fff4a00   0x0000000c   Ven    RO         2666    Veneer$$Code        anon$$obj.o
    0x1fff4a0c   0x0000000c   Ven    RO         2667    Veneer$$Code        anon$$obj.o
    0x1fff4a18   0x0000000c   Ven    RO         2668    Veneer$$Code        anon$$obj.o
    0x1fff4a24   0x0000000c   Ven    RO         2669    Veneer$$Code        anon$$obj.o
    0x1fff4a30   0x0000000c   Ven    RO         2670    Veneer$$Code        anon$$obj.o
    0x1fff4a3c   0x0000000c   Ven    RO         2671    Veneer$$Code        anon$$obj.o
    0x1fff4a48   0x0000000c   Ven    RO         2672    Veneer$$Code        anon$$obj.o
    0x1fff4a54   0x0000000c   Ven    RO         2673    Veneer$$Code        anon$$obj.o
    0x1fff4a60   0x0000000c   Ven    RO         2674    Veneer$$Code        anon$$obj.o
    0x1fff4a6c   0x0000000c   Ven    RO         2675    Veneer$$Code        anon$$obj.o
    0x1fff4a78   0x0000000c   Ven    RO         2676    Veneer$$Code        anon$$obj.o
    0x1fff4a84   0x0000000c   Ven    RO         2677    Veneer$$Code        anon$$obj.o
    0x1fff4a90   0x0000000c   Ven    RO         2678    Veneer$$Code        anon$$obj.o
    0x1fff4a9c   0x0000000c   Ven    RO         2679    Veneer$$Code        anon$$obj.o
    0x1fff4aa8   0x0000000c   Ven    RO         2680    Veneer$$Code        anon$$obj.o
    0x1fff4ab4   0x0000000c   Ven    RO         2681    Veneer$$Code        anon$$obj.o
    0x1fff4ac0   0x0000000c   Ven    RO         2682    Veneer$$Code        anon$$obj.o
    0x1fff4acc   0x0000000c   Ven    RO         2683    Veneer$$Code        anon$$obj.o
    0x1fff4ad8   0x0000000c   Ven    RO         2684    Veneer$$Code        anon$$obj.o
    0x1fff4ae4   0x0000000c   Ven    RO         2685    Veneer$$Code        anon$$obj.o
    0x1fff4af0   0x0000000c   Ven    RO         2686    Veneer$$Code        anon$$obj.o
    0x1fff4afc   0x0000000c   Ven    RO         2687    Veneer$$Code        anon$$obj.o
    0x1fff4b08   0x0000000c   Ven    RO         2688    Veneer$$Code        anon$$obj.o
    0x1fff4b14   0x0000000c   Ven    RO         2689    Veneer$$Code        anon$$obj.o
    0x1fff4b20   0x0000000c   Ven    RO         2690    Veneer$$Code        anon$$obj.o
    0x1fff4b2c   0x0000000c   Ven    RO         2691    Veneer$$Code        anon$$obj.o
    0x1fff4b38   0x0000000c   Ven    RO         2692    Veneer$$Code        anon$$obj.o
    0x1fff4b44   0x0000000c   Ven    RO         2693    Veneer$$Code        anon$$obj.o
    0x1fff4b50   0x0000000c   Ven    RO         2694    Veneer$$Code        anon$$obj.o
    0x1fff4b5c   0x0000000c   Ven    RO         2695    Veneer$$Code        anon$$obj.o
    0x1fff4b68   0x0000000c   Ven    RO         2696    Veneer$$Code        anon$$obj.o
    0x1fff4b74   0x0000000c   Ven    RO         2697    Veneer$$Code        anon$$obj.o
    0x1fff4b80   0x0000000c   Ven    RO         2698    Veneer$$Code        anon$$obj.o
    0x1fff4b8c   0x0000000c   Ven    RO         2699    Veneer$$Code        anon$$obj.o
    0x1fff4b98   0x0000000c   Ven    RO         2700    Veneer$$Code        anon$$obj.o
    0x1fff4ba4   0x0000000c   Ven    RO         2701    Veneer$$Code        anon$$obj.o
    0x1fff4bb0   0x0000000c   Ven    RO         2702    Veneer$$Code        anon$$obj.o
    0x1fff4bbc   0x0000000c   Ven    RO         2703    Veneer$$Code        anon$$obj.o
    0x1fff4bc8   0x0000000c   Ven    RO         2704    Veneer$$Code        anon$$obj.o
    0x1fff4bd4   0x0000000c   Ven    RO         2705    Veneer$$Code        anon$$obj.o
    0x1fff4be0   0x0000000c   Ven    RO         2706    Veneer$$Code        anon$$obj.o
    0x1fff4bec   0x0000000c   Ven    RO         2707    Veneer$$Code        anon$$obj.o
    0x1fff4bf8   0x0000000c   Ven    RO         2708    Veneer$$Code        anon$$obj.o
    0x1fff4c04   0x0000000c   Ven    RO         2709    Veneer$$Code        anon$$obj.o
    0x1fff4c10   0x0000000c   Ven    RO         2710    Veneer$$Code        anon$$obj.o
    0x1fff4c1c   0x0000000c   Ven    RO         2711    Veneer$$Code        anon$$obj.o
    0x1fff4c28   0x0000000c   Ven    RO         2712    Veneer$$Code        anon$$obj.o
    0x1fff4c34   0x0000000c   Ven    RO         2713    Veneer$$Code        anon$$obj.o
    0x1fff4c40   0x0000000c   Ven    RO         2714    Veneer$$Code        anon$$obj.o
    0x1fff4c4c   0x0000000c   Ven    RO         2715    Veneer$$Code        anon$$obj.o
    0x1fff4c58   0x0000000c   Ven    RO         2716    Veneer$$Code        anon$$obj.o
    0x1fff4c64   0x0000000c   Ven    RO         2717    Veneer$$Code        anon$$obj.o
    0x1fff4c70   0x0000000c   Ven    RO         2718    Veneer$$Code        anon$$obj.o
    0x1fff4c7c   0x0000000c   Ven    RO         2719    Veneer$$Code        anon$$obj.o
    0x1fff4c88   0x0000000c   Ven    RO         2720    Veneer$$Code        anon$$obj.o
    0x1fff4c94   0x0000000c   Ven    RO         2721    Veneer$$Code        anon$$obj.o
    0x1fff4ca0   0x0000000c   Ven    RO         2722    Veneer$$Code        anon$$obj.o
    0x1fff4cac   0x0000000c   Ven    RO         2723    Veneer$$Code        anon$$obj.o
    0x1fff4cb8   0x0000000c   Ven    RO         2724    Veneer$$Code        anon$$obj.o
    0x1fff4cc4   0x0000000c   Ven    RO         2725    Veneer$$Code        anon$$obj.o
    0x1fff4cd0   0x0000000c   Ven    RO         2726    Veneer$$Code        anon$$obj.o
    0x1fff4cdc   0x0000000c   Ven    RO         2727    Veneer$$Code        anon$$obj.o
    0x1fff4ce8   0x0000000c   Ven    RO         2728    Veneer$$Code        anon$$obj.o
    0x1fff4cf4   0x0000000c   Ven    RO         2729    Veneer$$Code        anon$$obj.o
    0x1fff4d00   0x0000000c   Ven    RO         2730    Veneer$$Code        anon$$obj.o
    0x1fff4d0c   0x0000000c   Ven    RO         2731    Veneer$$Code        anon$$obj.o
    0x1fff4d18   0x0000000c   Ven    RO         2732    Veneer$$Code        anon$$obj.o
    0x1fff4d24   0x0000000c   Ven    RO         2733    Veneer$$Code        anon$$obj.o
    0x1fff4d30   0x0000000c   Ven    RO         2734    Veneer$$Code        anon$$obj.o
    0x1fff4d3c   0x0000000c   Ven    RO         2735    Veneer$$Code        anon$$obj.o
    0x1fff4d48   0x0000000c   Ven    RO         2736    Veneer$$Code        anon$$obj.o
    0x1fff4d54   0x0000000c   Ven    RO         2737    Veneer$$Code        anon$$obj.o
    0x1fff4d60   0x0000000c   Ven    RO         2738    Veneer$$Code        anon$$obj.o
    0x1fff4d6c   0x0000000c   Ven    RO         2739    Veneer$$Code        anon$$obj.o
    0x1fff4d78   0x0000000c   Ven    RO         2740    Veneer$$Code        anon$$obj.o
    0x1fff4d84   0x0000000c   Ven    RO         2741    Veneer$$Code        anon$$obj.o
    0x1fff4d90   0x0000000c   Ven    RO         2742    Veneer$$Code        anon$$obj.o
    0x1fff4d9c   0x0000000c   Ven    RO         2743    Veneer$$Code        anon$$obj.o
    0x1fff4da8   0x0000000c   Ven    RO         2744    Veneer$$Code        anon$$obj.o
    0x1fff4db4   0x0000000c   Ven    RO         2745    Veneer$$Code        anon$$obj.o
    0x1fff4dc0   0x0000000c   Ven    RO         2746    Veneer$$Code        anon$$obj.o
    0x1fff4dcc   0x0000000c   Ven    RO         2747    Veneer$$Code        anon$$obj.o
    0x1fff4dd8   0x0000000c   Ven    RO         2748    Veneer$$Code        anon$$obj.o
    0x1fff4de4   0x0000000c   Ven    RO         2749    Veneer$$Code        anon$$obj.o
    0x1fff4df0   0x0000000c   Ven    RO         2750    Veneer$$Code        anon$$obj.o
    0x1fff4dfc   0x0000000c   Ven    RO         2751    Veneer$$Code        anon$$obj.o
    0x1fff4e08   0x0000000c   Ven    RO         2752    Veneer$$Code        anon$$obj.o
    0x1fff4e14   0x0000000c   Ven    RO         2753    Veneer$$Code        anon$$obj.o
    0x1fff4e20   0x0000000c   Ven    RO         2754    Veneer$$Code        anon$$obj.o
    0x1fff4e2c   0x0000000c   Ven    RO         2755    Veneer$$Code        anon$$obj.o
    0x1fff4e38   0x0000000c   Ven    RO         2756    Veneer$$Code        anon$$obj.o
    0x1fff4e44   0x0000000c   Ven    RO         2757    Veneer$$Code        anon$$obj.o
    0x1fff4e50   0x0000000c   Ven    RO         2758    Veneer$$Code        anon$$obj.o
    0x1fff4e5c   0x0000000c   Ven    RO         2759    Veneer$$Code        anon$$obj.o
    0x1fff4e68   0x0000000c   Ven    RO         2760    Veneer$$Code        anon$$obj.o
    0x1fff4e74   0x0000000c   Ven    RO         2761    Veneer$$Code        anon$$obj.o
    0x1fff4e80   0x0000000c   Ven    RO         2762    Veneer$$Code        anon$$obj.o
    0x1fff4e8c   0x0000000c   Ven    RO         2763    Veneer$$Code        anon$$obj.o
    0x1fff4e98   0x0000000c   Ven    RO         2764    Veneer$$Code        anon$$obj.o
    0x1fff4ea4   0x0000000c   Ven    RO         2765    Veneer$$Code        anon$$obj.o
    0x1fff4eb0   0x0000000c   Ven    RO         2766    Veneer$$Code        anon$$obj.o
    0x1fff4ebc   0x0000000c   Ven    RO         2767    Veneer$$Code        anon$$obj.o
    0x1fff4ec8   0x0000000c   Ven    RO         2768    Veneer$$Code        anon$$obj.o
    0x1fff4ed4   0x0000000c   Ven    RO         2769    Veneer$$Code        anon$$obj.o
    0x1fff4ee0   0x00000018   Code   RO          162    i.DevInfo_AddService  devinfoservice.o
    0x1fff4ef8   0x00000020   Code   RO          164    i.DevInfo_SetParameter  devinfoservice.o
    0x1fff4f18   0x00000140   Code   RO          267    i.GAPBondMgr_LinkEst  gapbondmgr.o
    0x1fff5058   0x0000001c   Code   RO          271    i.GAPBondMgr_Register  gapbondmgr.o
    0x1fff5074   0x000000b4   Code   RO          272    i.GAPBondMgr_ResolveAddr  gapbondmgr.o
    0x1fff5128   0x00000164   Code   RO          274    i.GAPBondMgr_SetParameter  gapbondmgr.o
    0x1fff528c   0x000000e8   Code   RO          516    i.GAPRole_GetParameter  peripheral.o
    0x1fff5374   0x00000044   Code   RO          517    i.GAPRole_Init      peripheral.o
    0x1fff53b8   0x000000f4   Code   RO          518    i.GAPRole_ProcessEvent  peripheral.o
    0x1fff54ac   0x00000058   Code   RO          520    i.GAPRole_SendUpdateParam  peripheral.o
    0x1fff5504   0x00000214   Code   RO          521    i.GAPRole_SetParameter  peripheral.o
    0x1fff5718   0x00000038   Code   RO          522    i.GAPRole_StartDevice  peripheral.o
    0x1fff5750   0x00000020   Code   RO          523    i.GAPRole_TerminateConnection  peripheral.o
    0x1fff5770   0x0000003e   Code   RO          246    i.GAP_DeviceInit    gap.o
    0x1fff57ae   0x00000002   PAD
    0x1fff57b0   0x00000020   Code   RO          612    i.GATTServApp_AddService  gattservapp.o
    0x1fff57d0   0x00000022   Code   RO          615    i.GATTServApp_FindAttr  gattservapp.o
    0x1fff57f2   0x00000002   PAD
    0x1fff57f4   0x0000004c   Code   RO          618    i.GATTServApp_Init  gattservapp.o
    0x1fff5840   0x00000030   Code   RO          619    i.GATTServApp_InitCharCfg  gattservapp.o
    0x1fff5870   0x00000058   Code   RO          620    i.GATTServApp_ProcessCCCWriteReq  gattservapp.o
    0x1fff58c8   0x0000008c   Code   RO          621    i.GATTServApp_ProcessCharCfg  gattservapp.o
    0x1fff5954   0x00000038   Code   RO          622    i.GATTServApp_ProcessEvent  gattservapp.o
    0x1fff598c   0x00000228   Code   RO          623    i.GATTServApp_ReadAttr  gattservapp.o
    0x1fff5bb4   0x0000000e   Code   RO          624    i.GATTServApp_ReadCharCfg  gattservapp.o
    0x1fff5bc2   0x00000002   PAD
    0x1fff5bc4   0x0000000c   Code   RO          625    i.GATTServApp_RegisterForMsg  gattservapp.o
    0x1fff5bd0   0x0000005c   Code   RO          626    i.GATTServApp_RegisterService  gattservapp.o
    0x1fff5c2c   0x00000038   Code   RO          627    i.GATTServApp_SendCCCUpdatedEvent  gattservapp.o
    0x1fff5c64   0x00000024   Code   RO          628    i.GATTServApp_SendServiceChangedInd  gattservapp.o
    0x1fff5c88   0x00000018   Code   RO          631    i.GATTServApp_UpdateCharCfg  gattservapp.o
    0x1fff5ca0   0x00000042   Code   RO          632    i.GATTServApp_WriteAttr  gattservapp.o
    0x1fff5ce2   0x00000002   PAD
    0x1fff5ce4   0x0000002c   Code   RO          633    i.GATTServApp_WriteCharCfg  gattservapp.o
    0x1fff5d10   0x00000020   Code   RO          442    i.GGS_AddService    gapgattserver.o
    0x1fff5d30   0x00000088   Code   RO          448    i.GGS_SetParameter  gapgattserver.o
    0x1fff5db8   0x00000150   Code   RO         2227    i.LL_ENC_Decrypt0   rf.lib(patch.o)
    0x1fff5f08   0x00000148   Code   RO         2228    i.LL_ENC_Encrypt0   rf.lib(patch.o)
    0x1fff6050   0x000005f0   Code   RO         2229    i.LL_IRQHandler1    rf.lib(patch.o)
    0x1fff6640   0x00000254   Code   RO         2239    i.LL_SetAdvParam1   rf.lib(patch.o)
    0x1fff6894   0x00000044   Code   RO         2240    i.LL_set_default_conn_params1  rf.lib(patch.o)
    0x1fff68d8   0x00000178   Code   RO         2241    i.LL_slave_conn_event1  rf.lib(patch.o)
    0x1fff6a50   0x00000018   Code   RO         1571    i.NVIC_EnableIRQ    gpio.o
    0x1fff6a68   0x00000044   Code   RO            3    i.NVIC_SetPriority  main.o
    0x1fff6aac   0x00000044   Code   RO         1572    i.NVIC_SetPriority  gpio.o
    0x1fff6af0   0x000000a8   Code   RO         2422    i.ProgramWord       rf.lib(flash_ext.o)
    0x1fff6b98   0x0000003c   Code   RO          832    i.SimpleProfile_AddService  simplegattprofile.o
    0x1fff6bd4   0x00000060   Code   RO          834    i.SimpleProfile_SetParameter  simplegattprofile.o
    0x1fff6c34   0x00000010   Code   RO         2193    i.SystemInit        system_armcm0.o
    0x1fff6c44   0x0000007c   Code   RO         2243    i.TIM0_IRQHandler1  rf.lib(patch.o)
    0x1fff6cc0   0x0000002c   Code   RO         1443    i.WaitRTCCount      common.o
    0x1fff6cec   0x0000002e   Code   RO         2560    i.__ARM_clz         mf_p.l(depilogue.o)
    0x1fff6d1a   0x0000000e   Code   RO         2570    i.__scatterload_copy  mc_p.l(handlers.o)
    0x1fff6d28   0x00000002   Code   RO         2571    i.__scatterload_null  mc_p.l(handlers.o)
    0x1fff6d2a   0x0000000e   Code   RO         2572    i.__scatterload_zeroinit  mc_p.l(handlers.o)
    0x1fff6d38   0x00000018   Code   RO         1920    i.adc_wakeup_hdl    adc.o
    0x1fff6d50   0x00000014   Code   RO         1029    i.app_main          blesmartperipheral_main.o
    0x1fff6d64   0x00000036   Code   RO         2244    i.arry_sort         rf.lib(patch.o)
    0x1fff6d9a   0x00000002   PAD
    0x1fff6d9c   0x00000024   Code   RO         1075    i.batt_adc_evt      battery.o
    0x1fff6dc0   0x00000050   Code   RO         1077    i.batt_charge_evt_hdl  battery.o
    0x1fff6e10   0x00000040   Code   RO         1078    i.batt_init         battery.o
    0x1fff6e50   0x0000001c   Code   RO         1079    i.batt_measure      battery.o
    0x1fff6e6c   0x0000000c   Code   RO         1080    i.batt_voltage      battery.o
    0x1fff6e78   0x000001e0   Code   RO          973    i.bleSmartPeripheral_Init  blesmartperipheral.o
    0x1fff7058   0x000000b8   Code   RO          974    i.bleSmartPeripheral_ProcessEvent  blesmartperipheral.o
    0x1fff7110   0x0000004c   Code   RO         2245    i.boot_init1        rf.lib(patch.o)
    0x1fff715c   0x00000020   Code   RO         2426    i.check_chip_id     rf.lib(flash_ext.o)
    0x1fff717c   0x00000020   Code   RO         2427    i.check_chip_mAddr  rf.lib(flash_ext.o)
    0x1fff719c   0x00000028   Code   RO         2428    i.check_internal_bus_busy  rf.lib(flash_ext.o)
    0x1fff71c4   0x0000006c   Code   RO         2429    i.chip_id_one_bit_hot_convter  rf.lib(flash_ext.o)
    0x1fff7230   0x00000010   Code   RO         1921    i.clear_adcc_cfg    adc.o
    0x1fff7240   0x00000014   Code   RO         1269    i.clk_gate_disable  clock.o
    0x1fff7254   0x00000014   Code   RO         1270    i.clk_gate_enable   clock.o
    0x1fff7268   0x0000000c   Code   RO         1272    i.clk_pclk          clock.o
    0x1fff7274   0x00000016   Code   RO         1273    i.clk_reset         clock.o
    0x1fff728a   0x00000002   PAD
    0x1fff728c   0x00000018   Code   RO         2247    i.clock_time_rtc    rf.lib(patch.o)
    0x1fff72a4   0x00000060   Code   RO         2248    i.config_RTC1       rf.lib(patch.o)
    0x1fff7304   0x00000134   Code   RO          165    i.devInfo_ReadAttrCB  devinfoservice.o
    0x1fff7438   0x00000020   Code   RO         2431    i.disable_spif_flash_write  rf.lib(flash_ext.o)
    0x1fff7458   0x00000020   Code   RO         2432    i.enable_spif_flash_write  rf.lib(flash_ext.o)
    0x1fff7478   0x0000011c   Code   RO         2249    i.enterSleepProcess1  rf.lib(patch.o)
    0x1fff7594   0x00000050   Code   RO         2434    i.flash_sector_erase  rf.lib(flash_ext.o)
    0x1fff75e4   0x0000001c   Code   RO          276    i.gapBondFreeAuthEvt  gapbondmgr.o
    0x1fff7600   0x00000030   Code   RO          279    i.gapBondMgrBondTotal  gapbondmgr.o
    0x1fff7630   0x00000018   Code   RO          281    i.gapBondMgrEraseAllBondings  gapbondmgr.o
    0x1fff7648   0x000000e4   Code   RO          282    i.gapBondMgrEraseBonding  gapbondmgr.o
    0x1fff772c   0x00000030   Code   RO          283    i.gapBondMgrFindAddr  gapbondmgr.o
    0x1fff775c   0x00000036   Code   RO          285    i.gapBondMgrGetPublicAddr  gapbondmgr.o
    0x1fff7792   0x0000001c   Code   RO          286    i.gapBondMgrInvertCharCfgItem  gapbondmgr.o
    0x1fff77ae   0x00000002   PAD
    0x1fff77b0   0x0000005c   Code   RO          287    i.gapBondMgrReadBonds  gapbondmgr.o
    0x1fff780c   0x00000034   Code   RO          291    i.gapBondMgr_SyncWhiteList  gapbondmgr.o
    0x1fff7840   0x00000020   Code   RO          292    i.gapBondSetupPrivFlag  gapbondmgr.o
    0x1fff7860   0x000001f4   Code   RO          524    i.gapRole_ProcessGAPMsg  peripheral.o
    0x1fff7a54   0x00000080   Code   RO          525    i.gapRole_ProcessOSALMsg  peripheral.o
    0x1fff7ad4   0x00000058   Code   RO          526    i.gapRole_startConnUpdate  peripheral.o
    0x1fff7b2c   0x0000000e   Code   RO          634    i.gattServApp_FindAuthorizeAttrCB  gattservapp.o
    0x1fff7b3a   0x0000001c   Code   RO          635    i.gattServApp_FindCharCfgItem  gattservapp.o
    0x1fff7b56   0x00000002   PAD
    0x1fff7b58   0x00000024   Code   RO          636    i.gattServApp_FindPrepareWriteQ  gattservapp.o
    0x1fff7b7c   0x00000020   Code   RO          637    i.gattServApp_FindServiceCBs  gattservapp.o
    0x1fff7b9c   0x0000005c   Code   RO          638    i.gattServApp_HandleConnStatusCB  gattservapp.o
    0x1fff7bf8   0x00000088   Code   RO          639    i.gattServApp_ProcessExecuteWriteReq  gattservapp.o
    0x1fff7c80   0x000000dc   Code   RO          640    i.gattServApp_ProcessFindByTypeValueReq  gattservapp.o
    0x1fff7d5c   0x00000134   Code   RO          641    i.gattServApp_ProcessMsg  gattservapp.o
    0x1fff7e90   0x000000a4   Code   RO          642    i.gattServApp_ProcessPrepareWriteReq  gattservapp.o
    0x1fff7f34   0x00000128   Code   RO          643    i.gattServApp_ProcessReadByGrpTypeReq  gattservapp.o
    0x1fff805c   0x00000100   Code   RO          644    i.gattServApp_ProcessReadByTypeReq  gattservapp.o
    0x1fff815c   0x000000a8   Code   RO          645    i.gattServApp_ProcessReadMultiReq  gattservapp.o
    0x1fff8204   0x00000070   Code   RO          646    i.gattServApp_ProcessWriteReq  gattservapp.o
    0x1fff8274   0x00000078   Code   RO          647    i.gattServApp_SetNumPrepareWrites  gattservapp.o
    0x1fff82ec   0x00000030   Code   RO          648    i.gattServApp_WriteAttrCB  gattservapp.o
    0x1fff831c   0x00000028   Code   RO         2251    i.getPN23RandNumber  rf.lib(patch.o)
    0x1fff8344   0x000000c2   Code   RO          449    i.ggs_ReadAttrCB    gapgattserver.o
    0x1fff8406   0x00000058   Code   RO          450    i.ggs_SetAttrWPermit  gapgattserver.o
    0x1fff845e   0x00000002   PAD
    0x1fff8460   0x000000e4   Code   RO          451    i.ggs_WriteAttrCB   gapgattserver.o
    0x1fff8544   0x0000003c   Code   RO         1573    i.gpio_interrupt_enable  gpio.o
    0x1fff8580   0x0000005c   Code   RO         1131    i.gpio_key_timer_handler  touch_key.o
    0x1fff85dc   0x00000028   Code   RO         1574    i.gpio_pin0to3_pin31to34_control  gpio.o
    0x1fff8604   0x00000044   Code   RO         1575    i.gpio_sleep_handler  gpio.o
    0x1fff8648   0x0000005c   Code   RO         1576    i.gpio_wakeup_handler  gpio.o
    0x1fff86a4   0x00000068   Code   RO         1577    i.gpioin_event      gpio.o
    0x1fff870c   0x00000024   Code   RO         1578    i.gpioin_event_pin  gpio.o
    0x1fff8730   0x00000094   Code   RO         1922    i.hal_ADC_IRQHandler  adc.o
    0x1fff87c4   0x00000018   Code   RO         1579    i.hal_GPIO_IRQHandler  gpio.o
    0x1fff87dc   0x00000040   Code   RO         1775    i.hal_UART0_IRQHandler  uart.o
    0x1fff881c   0x000000f4   Code   RO         1924    i.hal_adc_config_channel  adc.o
    0x1fff8910   0x00000020   Code   RO         1925    i.hal_adc_init      adc.o
    0x1fff8930   0x0000004c   Code   RO         1926    i.hal_adc_start     adc.o
    0x1fff897c   0x00000094   Code   RO         1927    i.hal_adc_stop      adc.o
    0x1fff8a10   0x00000124   Code   RO         1929    i.hal_adc_value_cal  adc.o
    0x1fff8b34   0x00000010   Code   RO         1451    i.hal_cpyMem        common.o
    0x1fff8b44   0x00000040   Code   RO         1581    i.hal_gpio_cfg_analog_io  gpio.o
    0x1fff8b84   0x00000028   Code   RO         1582    i.hal_gpio_fmux     gpio.o
    0x1fff8bac   0x00000030   Code   RO         1583    i.hal_gpio_fmux_set  gpio.o
    0x1fff8bdc   0x0000005c   Code   RO         1584    i.hal_gpio_init     gpio.o
    0x1fff8c38   0x00000058   Code   RO         1593    i.hal_gpio_pin_init  gpio.o
    0x1fff8c90   0x00000038   Code   RO         1594    i.hal_gpio_pull_set  gpio.o
    0x1fff8cc8   0x00000038   Code   RO         1595    i.hal_gpio_read     gpio.o
    0x1fff8d00   0x00000050   Code   RO         1597    i.hal_gpio_wakeup_set  gpio.o
    0x1fff8d50   0x00000040   Code   RO         1598    i.hal_gpio_write    gpio.o
    0x1fff8d90   0x00000048   Code   RO         1599    i.hal_gpioin_disable  gpio.o
    0x1fff8dd8   0x0000006c   Code   RO         1600    i.hal_gpioin_enable  gpio.o
    0x1fff8e44   0x00000030   Code   RO         1601    i.hal_gpioin_register  gpio.o
    0x1fff8e74   0x0000001c   Code   RO         2014    i.hal_pwm_close_channel  pwm.o
    0x1fff8e90   0x0000006c   Code   RO         2015    i.hal_pwm_destroy   pwm.o
    0x1fff8efc   0x00000064   Code   RO         2016    i.hal_pwm_init      pwm.o
    0x1fff8f60   0x00000028   Code   RO         2017    i.hal_pwm_open_channel  pwm.o
    0x1fff8f88   0x0000002c   Code   RO         2018    i.hal_pwm_set_count_val  pwm.o
    0x1fff8fb4   0x00000020   Code   RO         2019    i.hal_pwm_start     pwm.o
    0x1fff8fd4   0x00000020   Code   RO         2020    i.hal_pwm_stop      pwm.o
    0x1fff8ff4   0x00000018   Code   RO         1334    i.hal_pwrmgr_RAM_retention  pwrmgr.o
    0x1fff900c   0x00000018   Code   RO         1335    i.hal_pwrmgr_RAM_retention_clr  pwrmgr.o
    0x1fff9024   0x0000001c   Code   RO         1336    i.hal_pwrmgr_RAM_retention_set  pwrmgr.o
    0x1fff9040   0x00000034   Code   RO         1337    i.hal_pwrmgr_init   pwrmgr.o
    0x1fff9074   0x00000054   Code   RO         1339    i.hal_pwrmgr_lock   pwrmgr.o
    0x1fff90c8   0x00000044   Code   RO         1341    i.hal_pwrmgr_register  pwrmgr.o
    0x1fff910c   0x00000034   Code   RO         1342    i.hal_pwrmgr_sleep_process  pwrmgr.o
    0x1fff9140   0x00000060   Code   RO         1343    i.hal_pwrmgr_unlock  pwrmgr.o
    0x1fff91a0   0x00000030   Code   RO         1345    i.hal_pwrmgr_wakeup_process  pwrmgr.o
    0x1fff91d0   0x00000078   Code   RO            4    i.hal_rfphy_init    main.o
    0x1fff9248   0x00000064   Code   RO         2253    i.hal_rom_code_ini  rf.lib(patch.o)
    0x1fff92ac   0x0000008c   Code   RO         1275    i.hal_rtc_clock_config  clock.o
    0x1fff9338   0x000000d4   Code   RO         1459    i.hal_system_init   common.o
    0x1fff940c   0x00000054   Code   RO         1777    i.hal_uart_init     uart.o
    0x1fff9460   0x0000001c   Code   RO         1778    i.hal_uart_send_buff  uart.o
    0x1fff947c   0x00000040   Code   RO          928    i.hard_fault        jump_table.o
    0x1fff94bc   0x000001dc   Code   RO         2254    i.init_config       rf.lib(patch.o)
    0x1fff9698   0x00000050   Code   RO         1781    i.irq_rx_handler    uart.o
    0x1fff96e8   0x0000007c   Code   RO         1782    i.irq_tx_empty_handler  uart.o
    0x1fff9764   0x000000ac   Code   RO         1132    i.key_release_debonce_timer_handler  touch_key.o
    0x1fff9810   0x0000001e   Code   RO         2255    i.llAdjSlaveLatencyValue  rf.lib(patch.o)
    0x1fff982e   0x00000002   PAD
    0x1fff9830   0x0000016c   Code   RO         2256    i.llProcessRxData1  rf.lib(patch.o)
    0x1fff999c   0x00000228   Code   RO         2257    i.llProcessSlaveControlPacket1  rf.lib(patch.o)
    0x1fff9bc4   0x00000284   Code   RO         2258    i.llProcessSlaveControlProcedures0  rf.lib(patch.o)
    0x1fff9e48   0x0000006c   Code   RO         2259    i.llSetupAdv1       rf.lib(patch.o)
    0x1fff9eb4   0x00000194   Code   RO         2260    i.llSetupDirectedAdvEvt1  rf.lib(patch.o)
    0x1fffa048   0x00000088   Code   RO         2261    i.llSetupEncRsp0    rf.lib(patch.o)
    0x1fffa0d0   0x0000006c   Code   RO         2262    i.llSetupFeatureSetRsp1  rf.lib(patch.o)
    0x1fffa13c   0x00000148   Code   RO         2263    i.llSetupNextSlaveEvent1  rf.lib(patch.o)
    0x1fffa284   0x00000038   Code   RO         2264    i.llSetupRejectInd1  rf.lib(patch.o)
    0x1fffa2bc   0x00000070   Code   RO         2265    i.llSetupTermInd1   rf.lib(patch.o)
    0x1fffa32c   0x000000f8   Code   RO         2266    i.llSetupUndirectedAdvEvt1  rf.lib(patch.o)
    0x1fffa424   0x0000005c   Code   RO         2267    i.llSetupUnknownRsp1  rf.lib(patch.o)
    0x1fffa480   0x000001b8   Code   RO         2268    i.llSlaveEvt_TaskEndOk1  rf.lib(patch.o)
    0x1fffa638   0x00000064   Code   RO         2269    i.ll_adptive_adj_next_time  rf.lib(patch.o)
    0x1fffa69c   0x00000098   Code   RO         2270    i.ll_adptive_smart_window  rf.lib(patch.o)
    0x1fffa734   0x00000090   Code   RO         2271    i.ll_hw_go1         rf.lib(patch.o)
    0x1fffa7c4   0x0000005c   Code   RO            5    i.main              main.o
    0x1fffa820   0x0000022c   Code   RO         2272    i.move_to_slave_function1  rf.lib(patch.o)
    0x1fffaa4c   0x00000064   Code   RO         1043    i.osalInitTasks     osal_blesmartperipheral.o
    0x1fffaab0   0x0000014c   Code   RO         2273    i.osal_pwrmgr_powerconserve1  rf.lib(patch.o)
    0x1fffabfc   0x00000004   Code   RO         2132    i.osal_snv_compact  osal_snv.o
    0x1fffac00   0x00000050   Code   RO         2134    i.osal_snv_read     osal_snv.o
    0x1fffac50   0x000000ac   Code   RO         2135    i.osal_snv_write    osal_snv.o
    0x1fffacfc   0x0000004c   Code   RO          975    i.peripheralStateNotificationCB  blesmartperipheral.o
    0x1fffad48   0x0000003c   Code   RO         1866    i.phy_printf        my_printf.o
    0x1fffad84   0x00000010   Code   RO         1867    i.phy_printf_init   my_printf.o
    0x1fffad94   0x000000f0   Code   RO         1868    i.print             my_printf.o
    0x1fffae84   0x00000034   Code   RO         2136    i.print_hex         osal_snv.o
    0x1fffaeb8   0x0000002c   Code   RO         1869    i.printchar         my_printf.o
    0x1fffaee4   0x00000092   Code   RO         1870    i.printi            my_printf.o
    0x1fffaf76   0x00000070   Code   RO         1871    i.prints            my_printf.o
    0x1fffafe6   0x00000002   PAD
    0x1fffafe8   0x00000098   Code   RO         1206    i.pwm_ctrl          pwm_ctrl.o
    0x1fffb080   0x00000014   Code   RO         1207    i.pwm_init          pwm_ctrl.o
    0x1fffb094   0x00000060   Code   RO         1208    i.pwm_off           pwm_ctrl.o
    0x1fffb0f4   0x00000084   Code   RO         1209    i.pwm_on            pwm_ctrl.o
    0x1fffb178   0x00000060   Code   RO         2276    i.rc32k_calibration  rf.lib(patch.o)
    0x1fffb1d8   0x00000040   Code   RO         2277    i.rc32k_calibration_check  rf.lib(patch.o)
    0x1fffb218   0x00000070   Code   RO         2278    i.rc32k_tracking_check  rf.lib(patch.o)
    0x1fffb288   0x0000003c   Code   RO         2436    i.read_chip_id      rf.lib(flash_ext.o)
    0x1fffb2c4   0x00000040   Code   RO         2437    i.read_chip_mAddr   rf.lib(flash_ext.o)
    0x1fffb304   0x00000028   Code   RO         2279    i.rf_calibrate1     rf.lib(patch.o)
    0x1fffb32c   0x000000dc   Code   RO         2363    i.rf_phy_ana_cfg    rf.lib(rf_phy_driver.o)
    0x1fffb408   0x00000110   Code   RO         2364    i.rf_phy_bb_cfg     rf.lib(rf_phy_driver.o)
    0x1fffb518   0x00000030   Code   RO         2378    i.rf_phy_get_pktFoot  rf.lib(rf_phy_driver.o)
    0x1fffb548   0x0000001c   Code   RO         2379    i.rf_phy_ini        rf.lib(rf_phy_driver.o)
    0x1fffb564   0x00000034   Code   RO         2380    i.rf_phy_set_txPower  rf.lib(rf_phy_driver.o)
    0x1fffb598   0x00000108   Code   RO         2381    i.rf_rxDcoc_cfg     rf.lib(rf_phy_driver.o)
    0x1fffb6a0   0x0000009c   Code   RO         2384    i.rf_tpCal_gen_cap_arrary  rf.lib(rf_phy_driver.o)
    0x1fffb73c   0x00000094   Code   RO         2385    i.rf_tp_cal         rf.lib(rf_phy_driver.o)
    0x1fffb7d0   0x00000014   Code   RO            6    i.rf_wakeup_handler  main.o
    0x1fffb7e4   0x00000018   Code   RO         1930    i.set_analog_pin    adc.o
    0x1fffb7fc   0x00000044   Code   RO         1931    i.set_channel       adc.o
    0x1fffb840   0x0000008c   Code   RO         1932    i.set_sampling_resolution  adc.o
    0x1fffb8cc   0x00000030   Code   RO          835    i.simpleProfile_HandleConnStatusCB  simplegattprofile.o
    0x1fffb8fc   0x00000040   Code   RO          836    i.simpleProfile_Notify  simplegattprofile.o
    0x1fffb93c   0x00000070   Code   RO          837    i.simpleProfile_Read  simplegattprofile.o
    0x1fffb9ac   0x00000034   Code   RO          838    i.simpleProfile_ReadAttrCB  simplegattprofile.o
    0x1fffb9e0   0x000000d0   Code   RO          839    i.simpleProfile_Write  simplegattprofile.o
    0x1fffbab0   0x00000024   Code   RO          840    i.simpleProfile_WriteAttrCB  simplegattprofile.o
    0x1fffbad4   0x00000028   Code   RO         2137    i.snv_calc_addr     osal_snv.o
    0x1fffbafc   0x0000003c   Code   RO         2138    i.snvwr             osal_snv.o
    0x1fffbb38   0x00000024   Code   RO         1461    i.subWriteReg       common.o
    0x1fffbb5c   0x0000003e   Code   RO         1174    i.switch_init       switch.o
    0x1fffbb9a   0x00000028   Code   RO         1175    i.switch_off        switch.o
    0x1fffbbc2   0x00000022   Code   RO         1176    i.switch_on         switch.o
    0x1fffbbe4   0x00000068   Code   RO         1783    i.txmit_buf_polling  uart.o
    0x1fffbc4c   0x00000080   Code   RO         1784    i.txmit_buf_use_tx_buf  uart.o
    0x1fffbccc   0x00000098   Code   RO         1785    i.uart_hw_config    uart.o
    0x1fffbd64   0x000001a8   Code   RO         2283    i.wakeupProcess1    rf.lib(patch.o)
    0x1fffbf0c   0x000000d8   Code   RO         2284    i.wakeup_init1      rf.lib(patch.o)
    0x1fffbfe4   0x00000002   Data   RO          166    .constdata          devinfoservice.o
    0x1fffbfe6   0x00000002   Data   RO          167    .constdata          devinfoservice.o
    0x1fffbfe8   0x00000002   Data   RO          168    .constdata          devinfoservice.o
    0x1fffbfea   0x00000002   Data   RO          169    .constdata          devinfoservice.o
    0x1fffbfec   0x00000002   Data   RO          170    .constdata          devinfoservice.o
    0x1fffbfee   0x00000002   Data   RO          171    .constdata          devinfoservice.o
    0x1fffbff0   0x00000002   Data   RO          172    .constdata          devinfoservice.o
    0x1fffbff2   0x00000002   Data   RO          173    .constdata          devinfoservice.o
    0x1fffbff4   0x00000002   Data   RO          174    .constdata          devinfoservice.o
    0x1fffbff6   0x00000002   Data   RO          175    .constdata          devinfoservice.o
    0x1fffbff8   0x00000008   Data   RO          176    .constdata          devinfoservice.o
    0x1fffc000   0x00000080   Data   RO          177    .constdata          devinfoservice.o
    0x1fffc080   0x00000008   Data   RO          453    .constdata          gapgattserver.o
    0x1fffc088   0x0000000c   Data   RO          454    .constdata          gapgattserver.o
    0x1fffc094   0x00000008   Data   RO          650    .constdata          gattservapp.o
    0x1fffc09c   0x0000000c   Data   RO          651    .constdata          gattservapp.o
    0x1fffc0a8   0x00000002   Data   RO          841    .constdata          simplegattprofile.o
    0x1fffc0aa   0x00000002   Data   RO          842    .constdata          simplegattprofile.o
    0x1fffc0ac   0x00000002   Data   RO          843    .constdata          simplegattprofile.o
    0x1fffc0ae   0x00000002   Data   RO          844    .constdata          simplegattprofile.o
    0x1fffc0b0   0x00000002   Data   RO          845    .constdata          simplegattprofile.o
    0x1fffc0b2   0x00000002   Data   RO          846    .constdata          simplegattprofile.o
    0x1fffc0b4   0x00000008   Data   RO          847    .constdata          simplegattprofile.o
    0x1fffc0bc   0x0000000c   Data   RO          848    .constdata          simplegattprofile.o
    0x1fffc0c8   0x00000024   Data   RO         1044    .constdata          osal_blesmartperipheral.o
    0x1fffc0ec   0x00000001   Data   RO         1045    .constdata          osal_blesmartperipheral.o
    0x1fffc0ed   0x00000003   PAD
    0x1fffc0f0   0x0000000c   Data   RO         1787    .constdata          uart.o
    0x1fffc0fc   0x00000010   Data   RO         1873    .constdata          my_printf.o
    0x1fffc10c   0x00000009   Data   RO         1934    .constdata          adc.o
    0x1fffc115   0x00000003   PAD
    0x1fffc118   0x00000050   Data   RO         2568    Region$$Table       anon$$obj.o
    0x1fffc168   0x00000001   Data   RW          178    .data               devinfoservice.o
    0x1fffc169   0x00000003   PAD
    0x1fffc16c   0x00000140   Data   RW          179    .data               devinfoservice.o
    0x1fffc2ac   0x00000001   Data   RW          180    .data               devinfoservice.o
    0x1fffc2ad   0x00000001   Data   RW          181    .data               devinfoservice.o
    0x1fffc2ae   0x00000001   Data   RW          182    .data               devinfoservice.o
    0x1fffc2af   0x00000001   Data   RW          183    .data               devinfoservice.o
    0x1fffc2b0   0x00000001   Data   RW          184    .data               devinfoservice.o
    0x1fffc2b1   0x00000001   Data   RW          185    .data               devinfoservice.o
    0x1fffc2b2   0x00000001   Data   RW          186    .data               devinfoservice.o
    0x1fffc2b3   0x00000001   Data   RW          187    .data               devinfoservice.o
    0x1fffc2b4   0x00000024   Data   RW          294    .data               gapbondmgr.o
    0x1fffc2d8   0x00000080   Data   RW          455    .data               gapgattserver.o
    0x1fffc358   0x00000001   Data   RW          456    .data               gapgattserver.o
    0x1fffc359   0x00000001   Data   RW          457    .data               gapgattserver.o
    0x1fffc35a   0x00000001   Data   RW          458    .data               gapgattserver.o
    0x1fffc35b   0x00000001   PAD
    0x1fffc35c   0x00000061   Data   RW          528    .data               peripheral.o
    0x1fffc3bd   0x00000003   PAD
    0x1fffc3c0   0x00000058   Data   RW          652    .data               gattservapp.o
    0x1fffc418   0x00000001   Data   RW          653    .data               gattservapp.o
    0x1fffc419   0x00000001   Data   RW          849    .data               simplegattprofile.o
    0x1fffc41a   0x00000002   PAD
    0x1fffc41c   0x00000128   Data   RW          850    .data               simplegattprofile.o
    0x1fffc544   0x0000000c   Data   RW          851    .data               simplegattprofile.o
    0x1fffc550   0x00000001   Data   RW          852    .data               simplegattprofile.o
    0x1fffc551   0x00000009   Data   RW          853    .data               simplegattprofile.o
    0x1fffc55a   0x00000001   Data   RW          854    .data               simplegattprofile.o
    0x1fffc55b   0x0000000d   Data   RW          855    .data               simplegattprofile.o
    0x1fffc568   0x00000001   Data   RW          856    .data               simplegattprofile.o
    0x1fffc569   0x0000000c   Data   RW          857    .data               simplegattprofile.o
    0x1fffc575   0x00000001   Data   RW          858    .data               simplegattprofile.o
    0x1fffc576   0x0000000d   Data   RW          859    .data               simplegattprofile.o
    0x1fffc583   0x00000001   PAD
    0x1fffc584   0x0000004a   Data   RW          976    .data               blesmartperipheral.o
    0x1fffc5ce   0x00000002   PAD
    0x1fffc5d0   0x00000004   Data   RW         1046    .data               osal_blesmartperipheral.o
    0x1fffc5d4   0x00000008   Data   RW         1081    .data               battery.o
    0x1fffc5dc   0x00000006   Data   RW         1211    .data               pwm_ctrl.o
    0x1fffc5e2   0x00000002   PAD
    0x1fffc5e4   0x00000008   Data   RW         1348    .data               pwrmgr.o
    0x1fffc5ec   0x00000002   Data   RW         1874    .data               my_printf.o
    0x1fffc5ee   0x00000006   Data   RW         1935    .data               adc.o
    0x1fffc5f4   0x00000004   Data   RW         2194    .data               system_armcm0.o
    0x1fffc5f8   0x00000058   Data   RW         2289    .data               rf.lib(patch.o)
    0x1fffc650   0x00000038   Data   RW         2388    .data               rf.lib(rf_phy_driver.o)
    0x1fffc688   0x0000000a   Data   RW         2444    .data               rf.lib(flash_ext.o)
    0x1fffc692   0x00000002   PAD
    0x1fffc694   0x000000a6   Zero   RW          293    .bss                gapbondmgr.o
    0x1fffc73a   0x00000016   Zero   RW          452    .bss                gapgattserver.o
    0x1fffc750   0x0000003f   Zero   RW          527    .bss                peripheral.o
    0x1fffc78f   0x00000001   PAD
    0x1fffc790   0x00000210   Zero   RW          649    .bss                gattservapp.o
    0x1fffc9a0   0x0000000c   Zero   RW         1136    .bss                touch_key.o
    0x1fffc9ac   0x00000078   Zero   RW         1347    .bss                pwrmgr.o
    0x1fffca24   0x000001c8   Zero   RW         1603    .bss                gpio.o
    0x1fffcbec   0x00000020   Zero   RW         1786    .bss                uart.o
    0x1fffcc0c   0x00000078   Zero   RW         1872    .bss                my_printf.o
    0x1fffcc84   0x00000028   Zero   RW         1933    .bss                adc.o
    0x1fffccac   0x000001bc   Zero   RW         2285    .bss                rf.lib(patch.o)
    0x1fffce68   0x00000028   Zero   RW         2387    .bss                rf.lib(rf_phy_driver.o)
    0x1fffce90   0x00000041   Zero   RW         2443    .bss                rf.lib(flash_ext.o)
    0x1fffced1   0x00000007   PAD
    0x1fffced8   0x00000200   Zero   RW         2183    STACK               startup_armcm0.o



  Load Region LR_IROM2 (Base: 0x1fff0800, Size: 0x00000800, Max: 0x00000800, ABSOLUTE, COMPRESSED[0x0000040c])

    Execution Region JUMP_TABLE (Base: 0x1fff0800, Size: 0x00000400, Max: 0x00000400, ABSOLUTE)

    Base Addr    Size         Type   Attr      Idx    E Section Name        Object

    0x1fff0800   0x00000400   Data   RO          930    jump_table_mem_area  jump_table.o


    Execution Region GOLBAL_CONFIG (Base: 0x1fff0c00, Size: 0x00000400, Max: 0x00000400, ABSOLUTE, COMPRESSED[0x0000000c])

    Base Addr    Size         Type   Attr      Idx    E Section Name        Object

    0x1fff0c00   0x00000400   Data   RW          929    global_config_area  jump_table.o


==============================================================================

Image component sizes


      Code (inc. data)   RO Data    RW Data    ZI Data      Debug   Object Name

      1212        148          9          6         40      15516   adc.o
       220         74          0          8          0       3778   battery.o
       740         52          0         74          0       5755   blesmartperipheral.o
        20          0          0          0          0        499   blesmartperipheral_main.o
       214         20          0          0          0       2643   clock.o
       308         40          0          0          0       3825   common.o
       364         32        156        329          0      21215   devinfoservice.o
        62         12          0          0          0      10997   gap.o
      1518         82          0         36        166      29650   gapbondmgr.o
       678         44         20        131         22       5924   gapgattserver.o
      3400        164         20         89        528      31565   gattservapp.o
      1332        128          0          0        456      22130   gpio.o
        64         34       1024       1024          0       1808   jump_table.o
       300         64          0          0          0      29434   main.o
       618         30         16          2        120       6700   my_printf.o
       100          6         37          4          0       2060   osal_blesmartperipheral.o
       408         68          0          0          0       4728   osal_snv.o
      1968        152          0         97         63      13816   peripheral.o
       384         32          0          0          0       4003   pwm.o
       400         24          0          6          0       3265   pwm_ctrl.o
       476         64          0          8        120       7922   pwrmgr.o
       676         74         32        360          0       8743   simplegattprofile.o
        28          8        192          0        512        636   startup_armcm0.o
       136          0          0          0          0       2387   switch.o
        16          8          0          4          0        707   system_armcm0.o
       264         70          0          0         12       2197   touch_key.o
       764         78         12          0         32      13332   uart.o

    ----------------------------------------------------------------------
     18992       2276       1604       2192       2072     255235   Object Totals
      2304        768         80          0          0          0   (incl. Generated)
        18          0          6         14          1          0   (incl. Padding)

    ----------------------------------------------------------------------

      Code (inc. data)   RO Data    RW Data    ZI Data      Debug   Library Member Name

        86          0          0          0          0          0   __dczerorl2.o
         0          0          0          0          0          0   entry.o
         0          0          0          0          0          0   entry10a.o
         0          0          0          0          0          0   entry11a.o
         8          4          0          0          0          0   entry2.o
         4          0          0          0          0          0   entry5.o
         0          0          0          0          0          0   entry7b.o
         0          0          0          0          0          0   entry8b.o
         8          4          0          0          0          0   entry9a.o
        30          0          0          0          0          0   handlers.o
        36          8          0          0          0         68   init.o
         0          0          0          0          0          0   iusefp.o
        32          0          0          0          0         68   llshl.o
        34          0          0          0          0         68   llushr.o
        36          0          0          0          0         60   memcpya.o
        36          0          0          0          0        100   memseta.o
        20          0          0          0          0         60   uread4.o
        56          0          0          0          0         68   d2f.o
       236          0          0          0          0        216   depilogue.o
        40          6          0          0          0         68   dflti.o
        44          0          0          0          0         72   dscalb.o
       178          0          0          0          0        108   fadd.o
       124          0          0          0          0         72   fdiv.o
       130          0          0          0          0        144   fepilogue.o
        40          0          0          0          0         60   ffixui.o
        22          0          0          0          0         68   fflti.o
        14          0          0          0          0         68   ffltui.o
       122          0          0          0          0         72   fmul.o
        24          0          0          0          0         60   fscalb.o
       648         52          0         10         65        688   flash_ext.o
     10356       1070          0         88        444       2952   patch.o
      1188        266          0         56         40        576   rf_phy_driver.o

    ----------------------------------------------------------------------
     13556       1410          0        156        556       5716   Library Totals
         4          0          0          2          7          0   (incl. Padding)

    ----------------------------------------------------------------------

      Code (inc. data)   RO Data    RW Data    ZI Data      Debug   Library Name

       330         16          0          0          0        424   mc_p.l
      1030          6          0          0          0       1076   mf_p.l
     12192       1388          0        154        549       4216   rf.lib

    ----------------------------------------------------------------------
     13556       1410          0        156        556       5716   Library Totals

    ----------------------------------------------------------------------

==============================================================================


      Code (inc. data)   RO Data    RW Data    ZI Data      Debug   

     32548       3686       1604       2348       2628     250307   Grand Totals
     32548       3686       1604        480       2628     250307   ELF Image Totals (compressed)
     32548       3686       1604        480          0          0   ROM Totals

==============================================================================

    Total RO  Size (Code + RO Data)                34152 (  33.35kB)
    Total RW  Size (RW Data + ZI Data)              4976 (   4.86kB)
    Total ROM Size (Code + RO Data + RW Data)      34632 (  33.82kB)

==============================================================================

