Component: ARM Compiler 5.06 update 6 (build 750) Tool: armlink [4d35ed]

==============================================================================

Section Cross References

    main.o(i.cons_callback) refers to my_printf.o(i.phy_printf) for phy_printf
    main.o(i.hal_gpio_write_ram) refers to gpio.o(i.hal_gpio_pin_init) for hal_gpio_pin_init
    main.o(i.hal_init) refers to common.o(i.hal_system_init) for hal_system_init
    main.o(i.hal_init) refers to clock.o(i.hal_rtc_clock_config) for hal_rtc_clock_config
    main.o(i.hal_init) refers to pwrmgr.o(i.hal_pwrmgr_RAM_retention) for hal_pwrmgr_RAM_retention
    main.o(i.hal_init) refers to my_printf.o(i.phy_printf_init) for phy_printf_init
    main.o(i.hal_init) refers to main.o(i.loop) for loop
    main.o(i.hal_init) refers to my_printf.o(i.phy_printf) for phy_printf
    main.o(i.hal_init) refers to gpio.o(i.hal_gpio_init) for hal_gpio_init
    main.o(i.hal_init) refers to adc.o(i.hal_adc_init) for hal_adc_init
    main.o(i.hal_init) refers to phy_console.o(i.console_init) for console_init
    main.o(i.hal_init) refers to rf_phy_driver.o(.data) for g_system_clk
    main.o(i.hal_init) refers to main.o(i.cons_callback) for cons_callback
    main.o(i.hal_init) refers to main.o(.constdata) for s_cmd_list
    main.o(i.hal_rfphy_init) refers to patch.o(i.hal_rom_code_ini) for hal_rom_code_ini
    main.o(i.hal_rfphy_init) refers to gpio.o(i.hal_gpio_pull_set) for hal_gpio_pull_set
    main.o(i.hal_rfphy_init) refers to common.o(i.subWriteReg) for subWriteReg
    main.o(i.hal_rfphy_init) refers to main.o(i.__NVIC_SetPriority) for __NVIC_SetPriority
    main.o(i.hal_rfphy_init) refers to pwrmgr.o(i.hal_pwrmgr_register) for hal_pwrmgr_register
    main.o(i.hal_rfphy_init) refers to rf_phy_driver.o(.data) for g_rfPhyTxPower
    main.o(i.hal_rfphy_init) refers to main.o(i.rf_wakeup_handler) for rf_wakeup_handler
    main.o(i.main) refers to patch.o(i.init_config) for init_config
    main.o(i.main) refers to pwrmgr.o(i.hal_pwrmgr_init) for hal_pwrmgr_init
    main.o(i.main) refers to main.o(i.hal_rfphy_init) for hal_rfphy_init
    main.o(i.main) refers to main.o(i.hal_init) for hal_init
    main.o(i.main) refers to main.o(i.xip_test) for xip_test
    main.o(i.main) refers to wrist_main.o(i.app_main) for app_main
    main.o(i.main) refers to rf_phy_driver.o(.data) for g_system_clk
    main.o(i.rf_wakeup_handler) refers to main.o(i.__NVIC_SetPriority) for __NVIC_SetPriority
    main.o(i.xip_test) refers to my_printf.o(i.phy_printf) for phy_printf
    main.o(i.xip_test) refers to main.o(i.hal_gpio_write_ram) for hal_gpio_write_ram
    main.o(i.xip_test) refers to main.o(i.loop) for loop
    main.o(.constdata) refers to main.o(.conststring) for .conststring
    devinfoservice.o(i.DevInfo_AddService) refers to gattservapp.o(i.GATTServApp_RegisterService) for GATTServApp_RegisterService
    devinfoservice.o(i.DevInfo_AddService) refers to devinfoservice.o(.constdata) for devInfoCBs
    devinfoservice.o(i.DevInfo_AddService) refers to devinfoservice.o(.data) for devInfoAttrTbl
    devinfoservice.o(i.DevInfo_GetParameter) refers to devinfoservice.o(.data) for devInfoSystemId
    devinfoservice.o(i.DevInfo_GetParameter) refers to devinfoservice.o(.constdata) for devInfoModelNumber
    devinfoservice.o(i.DevInfo_SetParameter) refers to devinfoservice.o(.data) for devInfoSystemId
    devinfoservice.o(i.devInfo_ReadAttrCB) refers to devinfoservice.o(.data) for devInfoSystemId
    devinfoservice.o(i.devInfo_ReadAttrCB) refers to devinfoservice.o(.constdata) for devInfoModelNumber
    devinfoservice.o(.constdata) refers to devinfoservice.o(i.devInfo_ReadAttrCB) for devInfo_ReadAttrCB
    devinfoservice.o(.data) refers to devinfoservice.o(.constdata) for devInfoService
    gattservapp.o(i.GATTServApp_AddService) refers to gattservapp.o(i.GATTServApp_RegisterService) for GATTServApp_RegisterService
    gattservapp.o(i.GATTServApp_AddService) refers to gattservapp.o(.constdata) for gattServiceCBs
    gattservapp.o(i.GATTServApp_AddService) refers to gattservapp.o(.data) for gattAttrTbl
    gattservapp.o(i.GATTServApp_DelService) refers to gattservapp.o(i.GATTServApp_DeregisterService) for GATTServApp_DeregisterService
    gattservapp.o(i.GATTServApp_DelService) refers to gattservapp.o(.data) for gattAttrTbl
    gattservapp.o(i.GATTServApp_DeregisterService) refers to gattservapp.o(i.gattServApp_DeregisterServiceCBs) for gattServApp_DeregisterServiceCBs
    gattservapp.o(i.GATTServApp_GetParameter) refers to gattservapp.o(.data) for maxNumPrepareWrites
    gattservapp.o(i.GATTServApp_Init) refers to gattservapp.o(i.GATTServApp_InitCharCfg) for GATTServApp_InitCharCfg
    gattservapp.o(i.GATTServApp_Init) refers to gattservapp.o(i.gattServApp_SetNumPrepareWrites) for gattServApp_SetNumPrepareWrites
    gattservapp.o(i.GATTServApp_Init) refers to gattservapp.o(.data) for GATTServApp_TaskID
[...]
    Long Thumb to Thumb Veneer to llConvertLstoToEvent 0x1fff4d25   Thumb Code    12  anon$$obj.o(Veneer$$Code)
    Long Thumb to Thumb Veneer to llEventDelta 0x1fff4d31   Thumb Code    12  anon$$obj.o(Veneer$$Code)
    Long Thumb to Thumb Veneer to LL_ConnParamUpdateCback 0x1fff4d3d   Thumb Code    12  anon$$obj.o(Veneer$$Code)
    Long Thumb to Thumb Veneer to llConvertCtrlProcTimeoutToEvent 0x1fff4d49   Thumb Code    12  anon$$obj.o(Veneer$$Code)
    Long Thumb to Thumb Veneer to llCalcTimerDrift 0x1fff4d55   Thumb Code    12  anon$$obj.o(Veneer$$Code)
    Long Thumb to Thumb Veneer to llSetNextDataChan 0x1fff4d61   Thumb Code    12  anon$$obj.o(Veneer$$Code)
    Long Thumb to Thumb Veneer to get_timer3_count 0x1fff4d6d   Thumb Code    12  anon$$obj.o(Veneer$$Code)
    Long Thumb to Thumb Veneer to llProcessRxData 0x1fff4d79   Thumb Code    12  anon$$obj.o(Veneer$$Code)
    Long Thumb to Thumb Veneer to llProcessSlaveControlProcedures 0x1fff4d85   Thumb Code    12  anon$$obj.o(Veneer$$Code)
    Long Thumb to Thumb Veneer to llProcessTxData 0x1fff4d91   Thumb Code    12  anon$$obj.o(Veneer$$Code)
    Long Thumb to Thumb Veneer to llSetupNextSlaveEvent 0x1fff4d9d   Thumb Code    12  anon$$obj.o(Veneer$$Code)
    Long Thumb to Thumb Veneer to LL_set_default_conn_params 0x1fff4da9   Thumb Code    12  anon$$obj.o(Veneer$$Code)
    Long Thumb to Thumb Veneer to reset_conn_buf 0x1fff4db5   Thumb Code    12  anon$$obj.o(Veneer$$Code)
    Long Thumb to Thumb Veneer to llProcessChanMap 0x1fff4dc1   Thumb Code    12  anon$$obj.o(Veneer$$Code)
    Long Thumb to Thumb Veneer to llGetNextDataChan 0x1fff4dcd   Thumb Code    12  anon$$obj.o(Veneer$$Code)
    Long Thumb to Thumb Veneer to LL_Init    0x1fff4dd9   Thumb Code    12  anon$$obj.o(Veneer$$Code)
    Long Thumb to Thumb Veneer to HCI_Init   0x1fff4de5   Thumb Code    12  anon$$obj.o(Veneer$$Code)
    Long Thumb to Thumb Veneer to L2CAP_Init 0x1fff4df1   Thumb Code    12  anon$$obj.o(Veneer$$Code)
    Long Thumb to Thumb Veneer to GAP_Init   0x1fff4dfd   Thumb Code    12  anon$$obj.o(Veneer$$Code)
    Long Thumb to Thumb Veneer to GATT_Init  0x1fff4e09   Thumb Code    12  anon$$obj.o(Veneer$$Code)
    Long Thumb to Thumb Veneer to SM_Init    0x1fff4e15   Thumb Code    12  anon$$obj.o(Veneer$$Code)
    Long Thumb to Thumb Veneer to appWristInit 0x1fff4e21   Thumb Code    12  anon$$obj.o(Veneer$$Code)
    Long Thumb to Thumb Veneer to isSleepAllow 0x1fff4e2d   Thumb Code    12  anon$$obj.o(Veneer$$Code)
    Long Thumb to Thumb Veneer to osal_next_timeout 0x1fff4e39   Thumb Code    12  anon$$obj.o(Veneer$$Code)
    Long Thumb to Thumb Veneer to read_LL_remainder_time 0x1fff4e45   Thumb Code    12  anon$$obj.o(Veneer$$Code)
    Long Thumb to Thumb Veneer to getSleepMode 0x1fff4e51   Thumb Code    12  anon$$obj.o(Veneer$$Code)
    Long Thumb to Thumb Veneer to enterSleepProcess 0x1fff4e5d   Thumb Code    12  anon$$obj.o(Veneer$$Code)
    Long Thumb to Thumb Veneer to strlen     0x1fff4e69   Thumb Code    12  anon$$obj.o(Veneer$$Code)
    Long Thumb to Thumb Veneer to GATT_Notification 0x1fff4e75   Thumb Code    12  anon$$obj.o(Veneer$$Code)
    Long Thumb to Thumb Veneer to ll_hw_set_rx_tx_interval 0x1fff4e81   Thumb Code    12  anon$$obj.o(Veneer$$Code)
    Long Thumb to Thumb Veneer to ll_hw_set_tx_rx_interval 0x1fff4e8d   Thumb Code    12  anon$$obj.o(Veneer$$Code)
    Long Thumb to Thumb Veneer to rf_init    0x1fff4e99   Thumb Code    12  anon$$obj.o(Veneer$$Code)
    Long Thumb to Thumb Veneer to osalTimeUpdate 0x1fff4ea5   Thumb Code    12  anon$$obj.o(Veneer$$Code)
    Long Thumb to Thumb Veneer to set_timer1 0x1fff4eb1   Thumb Code    12  anon$$obj.o(Veneer$$Code)
    Long Thumb to Thumb Veneer to app_wakeup_process 0x1fff4ebd   Thumb Code    12  anon$$obj.o(Veneer$$Code)
    Long Thumb to Thumb Veneer to set_timer  0x1fff4ec9   Thumb Code    12  anon$$obj.o(Veneer$$Code)
    Long Thumb to Thumb Veneer to ll_hw_set_empty_head 0x1fff4ed5   Thumb Code    12  anon$$obj.o(Veneer$$Code)
    Long Thumb to Thumb Veneer to ll_hw_set_rx_timeout 0x1fff4ee1   Thumb Code    12  anon$$obj.o(Veneer$$Code)
    Long Thumb to Thumb Veneer to ll_hw_set_timing 0x1fff4eed   Thumb Code    12  anon$$obj.o(Veneer$$Code)
    DevInfo_AddService                       0x1fff4ef9   Thumb Code    14  devinfoservice.o(i.DevInfo_AddService)
    DevInfo_SetParameter                     0x1fff4f11   Thumb Code    36  devinfoservice.o(i.DevInfo_SetParameter)
    GAPBondMgr_LinkEst                       0x1fff4f39   Thumb Code   242  gapbondmgr.o(i.GAPBondMgr_LinkEst)
    GAPBondMgr_Register                      0x1fff5035   Thumb Code    28  gapbondmgr.o(i.GAPBondMgr_Register)
    GAPBondMgr_ResolveAddr                   0x1fff5059   Thumb Code   118  gapbondmgr.o(i.GAPBondMgr_ResolveAddr)
    GAPRole_GetParameter                     0x1fff50d1   Thumb Code   332  peripheral.o(i.GAPRole_GetParameter)
    GAPRole_Init                             0x1fff5295   Thumb Code    82  peripheral.o(i.GAPRole_Init)
    GAPRole_ProcessEvent                     0x1fff5315   Thumb Code   304  peripheral.o(i.GAPRole_ProcessEvent)
    GAPRole_SendUpdateParam                  0x1fff5471   Thumb Code   102  peripheral.o(i.GAPRole_SendUpdateParam)
    GAPRole_SetParameter                     0x1fff54f1   Thumb Code   760  peripheral.o(i.GAPRole_SetParameter)
    GAPRole_StartDevice                      0x1fff5845   Thumb Code    32  peripheral.o(i.GAPRole_StartDevice)
    GAPRole_TerminateConnection              0x1fff586d   Thumb Code    30  peripheral.o(i.GAPRole_TerminateConnection)
    GAP_DeviceInit                           0x1fff5899   Thumb Code    92  gap.o(i.GAP_DeviceInit)
    GATTServApp_AddService                   0x1fff58f5   Thumb Code    30  gattservapp.o(i.GATTServApp_AddService)
    GATTServApp_Init                         0x1fff591d   Thumb Code    68  gattservapp.o(i.GATTServApp_Init)
    GATTServApp_InitCharCfg                  0x1fff5975   Thumb Code    70  gattservapp.o(i.GATTServApp_InitCharCfg)
    GATTServApp_ProcessCCCWriteReq           0x1fff59c1   Thumb Code   108  gattservapp.o(i.GATTServApp_ProcessCCCWriteReq)
    GATTServApp_ProcessEvent                 0x1fff5a2d   Thumb Code    66  gattservapp.o(i.GATTServApp_ProcessEvent)
    GATTServApp_ReadAttr                     0x1fff5a75   Thumb Code   662  gattservapp.o(i.GATTServApp_ReadAttr)
    GATTServApp_ReadCharCfg                  0x1fff5d19   Thumb Code    28  gattservapp.o(i.GATTServApp_ReadCharCfg)
    GATTServApp_RegisterForMsg               0x1fff5d35   Thumb Code     6  gattservapp.o(i.GATTServApp_RegisterForMsg)
    GATTServApp_RegisterService              0x1fff5d41   Thumb Code    50  gattservapp.o(i.GATTServApp_RegisterService)
    GATTServApp_SendCCCUpdatedEvent          0x1fff5d75   Thumb Code    58  gattservapp.o(i.GATTServApp_SendCCCUpdatedEvent)
    GATTServApp_SendServiceChangedInd        0x1fff5db5   Thumb Code    38  gattservapp.o(i.GATTServApp_SendServiceChangedInd)
    GATTServApp_UpdateCharCfg                0x1fff5de1   Thumb Code    38  gattservapp.o(i.GATTServApp_UpdateCharCfg)
    GATTServApp_WriteAttr                    0x1fff5e07   Thumb Code    68  gattservapp.o(i.GATTServApp_WriteAttr)
    GATTServApp_WriteCharCfg                 0x1fff5e4d   Thumb Code    48  gattservapp.o(i.GATTServApp_WriteCharCfg)
    GGS_AddService                           0x1fff5e81   Thumb Code    30  gapgattserver.o(i.GGS_AddService)
    GGS_SetParameter                         0x1fff5ea9   Thumb Code   146  gapgattserver.o(i.GGS_SetParameter)
    LL_ENC_Decrypt0                          0x1fff5f4d   Thumb Code   318  patch.o(i.LL_ENC_Decrypt0)
    LL_ENC_Encrypt0                          0x1fff609d   Thumb Code   316  patch.o(i.LL_ENC_Encrypt0)
    LL_IRQHandler1                           0x1fff61e5   Thumb Code  1484  patch.o(i.LL_IRQHandler1)
    LL_SetAdvParam1                          0x1fff67d5   Thumb Code   570  patch.o(i.LL_SetAdvParam1)
    LL_set_default_conn_params1              0x1fff6a29   Thumb Code    58  patch.o(i.LL_set_default_conn_params1)
    LL_slave_conn_event1                     0x1fff6a6d   Thumb Code   346  patch.o(i.LL_slave_conn_event1)
    SystemInit                               0x1fff6be5   Thumb Code     8  system_armcm0.o(i.SystemInit)
    TIM0_IRQHandler1                         0x1fff6bf5   Thumb Code   106  patch.o(i.TIM0_IRQHandler1)
    WaitRTCCount                             0x1fff6c71   Thumb Code    42  common.o(i.WaitRTCCount)
    __0sprintf$3                             0x1fff6ca1   Thumb Code    36  printf3.o(i.__0sprintf$3)
    __1sprintf$3                             0x1fff6ca1   Thumb Code     0  printf3.o(i.__0sprintf$3)
    __2sprintf                               0x1fff6ca1   Thumb Code     0  printf3.o(i.__0sprintf$3)
    __aeabi_errno_addr                       0x1fff6e31   Thumb Code     4  errno.o(i.__aeabi_errno_addr)
    __rt_errno_addr                          0x1fff6e31   Thumb Code     0  errno.o(i.__aeabi_errno_addr)
    __scatterload_copy                       0x1fff6e39   Thumb Code    14  handlers.o(i.__scatterload_copy)
    __scatterload_null                       0x1fff6e47   Thumb Code     2  handlers.o(i.__scatterload_null)
    __scatterload_zeroinit                   0x1fff6e49   Thumb Code    14  handlers.o(i.__scatterload_zeroinit)
    app_datetime                             0x1fff703d   Thumb Code   106  app_datetime.o(i.app_datetime)
    app_datetime_init                        0x1fff714d   Thumb Code    14  app_datetime.o(i.app_datetime_init)
    app_datetime_set                         0x1fff7161   Thumb Code   116  app_datetime.o(i.app_datetime_set)
    app_datetime_sync_handler                0x1fff7211   Thumb Code    58  app_datetime.o(i.app_datetime_sync_handler)
    app_main                                 0x1fff7255   Thumb Code    20  wrist_main.o(i.app_main)
    arry_sort                                0x1fff7269   Thumb Code    54  patch.o(i.arry_sort)
    boot_init1                               0x1fff72a1   Thumb Code    64  patch.o(i.boot_init1)
    check_chip_id                            0x1fff72ed   Thumb Code    26  flash_ext.o(i.check_chip_id)
    check_chip_mAddr                         0x1fff730d   Thumb Code    26  flash_ext.o(i.check_chip_mAddr)
    clk_gate_disable                         0x1fff7431   Thumb Code    28  clock.o(i.clk_gate_disable)
    clk_gate_enable                          0x1fff744d   Thumb Code    28  clock.o(i.clk_gate_enable)
    clk_pclk                                 0x1fff7469   Thumb Code     6  clock.o(i.clk_pclk)
    clk_reset                                0x1fff7475   Thumb Code    36  clock.o(i.clk_reset)
    clock_time_rtc                           0x1fff7499   Thumb Code    20  patch.o(i.clock_time_rtc)
    config_RTC1                              0x1fff76a9   Thumb Code    80  patch.o(i.config_RTC1)
    cons_callback                            0x1fff7709   Thumb Code    44  main.o(i.cons_callback)
    console_init                             0x1fff776d   Thumb Code    62  phy_console.o(i.console_init)
    console_parse_cmd                        0x1fff77c1   Thumb Code   400  phy_console.o(i.console_parse_cmd)
    console_rx_handler                       0x1fff7a45   Thumb Code   140  phy_console.o(i.console_rx_handler)
    console_sleep_handler                    0x1fff7ad5   Thumb Code    20  phy_console.o(i.console_sleep_handler)
    console_wakeup_handler                   0x1fff7ae9   Thumb Code    88  phy_console.o(i.console_wakeup_handler)
    enterSleepProcess1                       0x1fff7de9   Thumb Code   264  patch.o(i.enterSleepProcess1)
    getPN23RandNumber                        0x1fff902d   Thumb Code    36  patch.o(i.getPN23RandNumber)
    hal_ADC_IRQHandler                       0x1fff9451   Thumb Code   176  adc.o(i.hal_ADC_IRQHandler)
    hal_KSCAN_IRQHandler                     0x1fff9511   Thumb Code   154  kscan.o(i.hal_KSCAN_IRQHandler)
    hal_SPI0_IRQHandler                      0x1fff95b9   Thumb Code    10  spi.o(i.hal_SPI0_IRQHandler)
    hal_SPI1_IRQHandler                      0x1fff95c3   Thumb Code    10  spi.o(i.hal_SPI1_IRQHandler)
    hal_UART0_IRQHandler                     0x1fff95cd   Thumb Code    70  uart.o(i.hal_UART0_IRQHandler)
    hal_adc_init                             0x1fff9619   Thumb Code    24  adc.o(i.hal_adc_init)
    hal_adc_stop                             0x1fff9639   Thumb Code   142  adc.o(i.hal_adc_stop)
    hal_cpyMem                               0x1fff96e1   Thumb Code    26  common.o(i.hal_cpyMem)
    hal_pwm_close_channel                    0x1fff97dd   Thumb Code    24  pwm.o(i.hal_pwm_close_channel)
    hal_pwm_destroy                          0x1fff97f9   Thumb Code   136  pwm.o(i.hal_pwm_destroy)
    hal_pwm_init                             0x1fff9885   Thumb Code   118  pwm.o(i.hal_pwm_init)
    hal_pwm_open_channel                     0x1fff9901   Thumb Code    38  pwm.o(i.hal_pwm_open_channel)
    hal_pwm_set_count_val                    0x1fff992d   Thumb Code    46  pwm.o(i.hal_pwm_set_count_val)
    hal_pwm_start                            0x1fff9961   Thumb Code    38  pwm.o(i.hal_pwm_start)
    hal_pwm_stop                             0x1fff998d   Thumb Code    38  pwm.o(i.hal_pwm_stop)
    hal_pwrmgr_RAM_retention                 0x1fff99b9   Thumb Code    28  pwrmgr.o(i.hal_pwrmgr_RAM_retention)
    hal_pwrmgr_RAM_retention_clr             0x1fff99d9   Thumb Code    18  pwrmgr.o(i.hal_pwrmgr_RAM_retention_clr)
    hal_pwrmgr_RAM_retention_set             0x1fff99f1   Thumb Code    20  pwrmgr.o(i.hal_pwrmgr_RAM_retention_set)
    hal_pwrmgr_init                          0x1fff9a0d   Thumb Code    54  pwrmgr.o(i.hal_pwrmgr_init)
    hal_pwrmgr_lock                          0x1fff9a4d   Thumb Code    96  pwrmgr.o(i.hal_pwrmgr_lock)
    hal_pwrmgr_register                      0x1fff9ab5   Thumb Code    80  pwrmgr.o(i.hal_pwrmgr_register)
    hal_pwrmgr_sleep_process                 0x1fff9b09   Thumb Code    62  pwrmgr.o(i.hal_pwrmgr_sleep_process)
    hal_pwrmgr_unlock                        0x1fff9b4d   Thumb Code   118  pwrmgr.o(i.hal_pwrmgr_unlock)
    hal_pwrmgr_wakeup_process                0x1fff9bcd   Thumb Code    58  pwrmgr.o(i.hal_pwrmgr_wakeup_process)
    hal_rom_code_ini                         0x1fff9c85   Thumb Code    86  patch.o(i.hal_rom_code_ini)
    hal_rtc_clock_config                     0x1fff9ce9   Thumb Code   144  clock.o(i.hal_rtc_clock_config)
    hal_system_init                          0x1fff9d85   Thumb Code   250  common.o(i.hal_system_init)
    hal_systick                              0x1fff9ea1   Thumb Code     6  clock.o(i.hal_systick)
    hal_uart_init                            0x1fff9ead   Thumb Code    78  uart.o(i.hal_uart_init)
    hal_uart_send_buff                       0x1fff9f05   Thumb Code    34  uart.o(i.hal_uart_send_buff)
    init_config                              0x1fff9fa5   Thumb Code   328  patch.o(i.init_config)
    llAdjSlaveLatencyValue                   0x1fffa325   Thumb Code    30  patch.o(i.llAdjSlaveLatencyValue)
    llProcessRxData1                         0x1fffa345   Thumb Code   342  patch.o(i.llProcessRxData1)
    llProcessSlaveControlPacket1             0x1fffa4b1   Thumb Code   536  patch.o(i.llProcessSlaveControlPacket1)
    llProcessSlaveControlProcedures0         0x1fffa6d9   Thumb Code   638  patch.o(i.llProcessSlaveControlProcedures0)
    llSetupAdv1                              0x1fffa95d   Thumb Code    98  patch.o(i.llSetupAdv1)
    llSetupDirectedAdvEvt1                   0x1fffa9c9   Thumb Code   350  patch.o(i.llSetupDirectedAdvEvt1)
    llSetupEncRsp0                           0x1fffab5d   Thumb Code   120  patch.o(i.llSetupEncRsp0)
    llSetupFeatureSetRsp1                    0x1fffabe5   Thumb Code    90  patch.o(i.llSetupFeatureSetRsp1)
    llSetupNextSlaveEvent1                   0x1fffac51   Thumb Code   314  patch.o(i.llSetupNextSlaveEvent1)
    llSetupRejectInd1                        0x1fffad99   Thumb Code    38  patch.o(i.llSetupRejectInd1)
    llSetupTermInd1                          0x1fffadd1   Thumb Code    96  patch.o(i.llSetupTermInd1)
    llSetupUndirectedAdvEvt1                 0x1fffae41   Thumb Code   210  patch.o(i.llSetupUndirectedAdvEvt1)
    llSetupUnknownRsp1                       0x1fffaf39   Thumb Code    76  patch.o(i.llSetupUnknownRsp1)
    llSlaveEvt_TaskEndOk1                    0x1fffaf95   Thumb Code   404  patch.o(i.llSlaveEvt_TaskEndOk1)
    ll_adptive_adj_next_time                 0x1fffb14d   Thumb Code    84  patch.o(i.ll_adptive_adj_next_time)
    ll_adptive_smart_window                  0x1fffb1b1   Thumb Code   134  patch.o(i.ll_adptive_smart_window)
    ll_hw_go1                                0x1fffb249   Thumb Code   112  patch.o(i.ll_hw_go1)
    main                                     0x1fffb389   Thumb Code    36  main.o(i.main)
    move_to_slave_function1                  0x1fffb3b1   Thumb Code   508  patch.o(i.move_to_slave_function1)
    on_recieved_cmd_packet                   0x1fffb5dd   Thumb Code   168  wristservice.o(i.on_recieved_cmd_packet)
    osalInitTasks                            0x1fffb68d   Thumb Code   100  osal_wrist.o(i.osalInitTasks)
    osal_pwrmgr_powerconserve1               0x1fffb6f5   Thumb Code   292  patch.o(i.osal_pwrmgr_powerconserve1)
    osal_snv_read                            0x1fffb841   Thumb Code    66  osal_snv.o(i.osal_snv_read)
    ota_app_AddService                       0x1fffb985   Thumb Code    48  ota_app_service.o(i.ota_app_AddService)
    phy_printf                               0x1fffb9e5   Thumb Code    56  my_printf.o(i.phy_printf)
    phy_printf_init                          0x1fffba25   Thumb Code    20  my_printf.o(i.phy_printf_init)
    rc32k_calibration                        0x1fffbed5   Thumb Code    86  patch.o(i.rc32k_calibration)
    rc32k_calibration_check                  0x1fffbf35   Thumb Code    60  patch.o(i.rc32k_calibration_check)
    rc32k_tracking_check                     0x1fffbf75   Thumb Code   104  patch.o(i.rc32k_tracking_check)
    read_chip_id                             0x1fffbfe5   Thumb Code    52  flash_ext.o(i.read_chip_id)
    read_chip_mAddr                          0x1fffc021   Thumb Code    56  flash_ext.o(i.read_chip_mAddr)
    rf_calibrate1                            0x1fffc095   Thumb Code    34  patch.o(i.rf_calibrate1)
    rf_phy_ana_cfg                           0x1fffc0bd   Thumb Code   184  rf_phy_driver.o(i.rf_phy_ana_cfg)
    rf_phy_bb_cfg                            0x1fffc199   Thumb Code   180  rf_phy_driver.o(i.rf_phy_bb_cfg)
    rf_phy_get_pktFoot                       0x1fffc2a9   Thumb Code    42  rf_phy_driver.o(i.rf_phy_get_pktFoot)
    rf_phy_ini                               0x1fffc2d9   Thumb Code    22  rf_phy_driver.o(i.rf_phy_ini)
    rf_phy_set_txPower                       0x1fffc2f5   Thumb Code    42  rf_phy_driver.o(i.rf_phy_set_txPower)
    rf_rxDcoc_cfg                            0x1fffc329   Thumb Code   216  rf_phy_driver.o(i.rf_rxDcoc_cfg)
    rf_tpCal_gen_cap_arrary                  0x1fffc431   Thumb Code   146  rf_phy_driver.o(i.rf_tpCal_gen_cap_arrary)
    rf_tp_cal                                0x1fffc4cd   Thumb Code   110  rf_phy_driver.o(i.rf_tp_cal)
    subWriteReg                              0x1fffc801   Thumb Code    56  common.o(i.subWriteReg)
    timer_cnt_get                            0x1fffc839   Thumb Code    12  app_datetime.o(i.timer_cnt_get)
    wakeupProcess1                           0x1fffca2d   Thumb Code   372  patch.o(i.wakeupProcess1)
    wakeup_init1                             0x1fffcbd5   Thumb Code   158  patch.o(i.wakeup_init1)
    wristProfile_AddService                  0x1fffccad   Thumb Code    34  wristservice.o(i.wristProfile_AddService)
    wristProfile_HandleConnStatusCB          0x1fffcce5   Thumb Code    42  wristservice.o(i.wristProfile_HandleConnStatusCB)
    s_cmd_list                               0x1fffcf8c   Data          56  main.o(.constdata)
    devInfoServUUID                          0x1fffcfc4   Data           2  devinfoservice.o(.constdata)
    devInfoSystemIdUUID                      0x1fffcfc6   Data           2  devinfoservice.o(.constdata)
    devInfoModelNumberUUID                   0x1fffcfc8   Data           2  devinfoservice.o(.constdata)
    devInfoSerialNumberUUID                  0x1fffcfca   Data           2  devinfoservice.o(.constdata)
    devInfoFirmwareRevUUID                   0x1fffcfcc   Data           2  devinfoservice.o(.constdata)
    devInfoHardwareRevUUID                   0x1fffcfce   Data           2  devinfoservice.o(.constdata)
    devInfoSoftwareRevUUID                   0x1fffcfd0   Data           2  devinfoservice.o(.constdata)
    devInfoMfrNameUUID                       0x1fffcfd2   Data           2  devinfoservice.o(.constdata)
    devInfo11073CertUUID                     0x1fffcfd4   Data           2  devinfoservice.o(.constdata)
    devInfoPnpIdUUID                         0x1fffcfd6   Data           2  devinfoservice.o(.constdata)
    devInfoCBs                               0x1fffd054   Data          12  devinfoservice.o(.constdata)
    gattServiceCBs                           0x1fffd068   Data          12  gattservapp.o(.constdata)
    gapServiceCBs                            0x1fffd07c   Data          12  gapgattserver.o(.constdata)
    ota_ServiceUUID                          0x1fffd088   Data          16  ota_app_service.o(.constdata)
    ota_CommandUUID                          0x1fffd098   Data          16  ota_app_service.o(.constdata)
    ota_ResponseUUID                         0x1fffd0a8   Data          16  ota_app_service.o(.constdata)
    ota_ProfileCBs                           0x1fffd0c0   Data          12  ota_app_service.o(.constdata)
    tasksArr                                 0x1fffd0cc   Data          36  osal_wrist.o(.constdata)
    tasksCnt                                 0x1fffd0f0   Data           1  osal_wrist.o(.constdata)
    wristServUUID                            0x1fffd0f4   Data           2  wristservice.o(.constdata)
    wristProfilecharCommandUUID              0x1fffd0f6   Data           2  wristservice.o(.constdata)
    wristProfilecharReadonlyUUID             0x1fffd0f8   Data           2  wristservice.o(.constdata)
    wristProfileCBs                          0x1fffd104   Data          12  wristservice.o(.constdata)
    __ctype_table                            0x1fffd190   Data         129  ctype_o.o(.constdata)
    Region$$Table$$Base                      0x1fffd278   Number         0  anon$$obj.o(Region$$Table)
    Region$$Table$$Limit                     0x1fffd2c8   Number         0  anon$$obj.o(Region$$Table)
    GATTServApp_TaskID                       0x1fffd410   Data           1  gattservapp.o(.data)
    appTaskID                                0x1fffd411   Data           1  gattservapp.o(.data)
    gapRole_AdvEnabled                       0x1fffd502   Data           1  peripheral.o(.data)
    gapRole_AdvEventType                     0x1fffd527   Data           1  peripheral.o(.data)
    s_ota_app                                0x1fffd5f0   Data           7  ota_app_service.o(.data)
    tasksEvents                              0x1fffd5f8   Data           4  osal_wrist.o(.data)
    AppWrist_TaskID                          0x1fffd5fc   Data           1  app_wrist.o(.data)
    put_char_size                            0x1fffd6e8   Data           2  my_printf.o(.data)
    SystemCoreClock                          0x1fffd6fc   Data           4  system_armcm0.o(.data)
    g_smartWindowRTOCnt                      0x1fffd700   Data           1  patch.o(.data)
    g_same_rf_channel_flag                   0x1fffd701   Data           1  patch.o(.data)
    g_adv_taskID                             0x1fffd702   Data           1  patch.o(.data)
    g_conn_taskID                            0x1fffd703   Data           1  patch.o(.data)
    g_conn_param_carrSens                    0x1fffd704   Data           1  patch.o(.data)
    g_adv_taskEvent                          0x1fffd706   Data           2  patch.o(.data)
    g_conn_taskEvent                         0x1fffd708   Data           2  patch.o(.data)
    g_conn_param_foff                        0x1fffd70a   Data           2  patch.o(.data)
    pGlobal_config                           0x1fffd70c   Data           4  patch.o(.data)
    g_smartWindowLater                       0x1fffd710   Data           4  patch.o(.data)
    g_smartWindowSize                        0x1fffd714   Data           4  patch.o(.data)
    g_smartWindowActiveCnt                   0x1fffd718   Data           4  patch.o(.data)
    g_smartWindowPreAnchPoint                0x1fffd71c   Data           4  patch.o(.data)
    g_counter_traking_avg                    0x1fffd720   Data           4  patch.o(.data)
    g_wakeup_rtc_tick                        0x1fffd724   Data           4  patch.o(.data)
    g_counter_traking_cnt                    0x1fffd728   Data           4  patch.o(.data)
    g_TIM2_IRQ_TIM3_CurrCount                0x1fffd72c   Data           4  patch.o(.data)
    g_TIM2_IRQ_to_Sleep_DeltTick             0x1fffd730   Data           4  patch.o(.data)
    g_TIM2_IRQ_PendingTick                   0x1fffd734   Data           4  patch.o(.data)
    g_osal_tick_trim                         0x1fffd738   Data           4  patch.o(.data)
    g_osalTickTrim_mod                       0x1fffd73c   Data           4  patch.o(.data)
    accuTimerDrift                           0x1fffd740   Data           4  patch.o(.data)
    LL_PLUS_ScanRequestFilterCBack           0x1fffd744   Data           4  patch.o(.data)
    g_getPn23_cnt                            0x1fffd748   Data           4  patch.o(.data)
    g_getPn23_seed                           0x1fffd74c   Data           4  patch.o(.data)
    pCtrlData                                0x1fffd754   Data           4  patch.o(.data)
    g_rfPhyXtalCap                           0x1fffd758   Data           1  rf_phy_driver.o(.data)
    g_rfPhyTpCal0                            0x1fffd759   Data           1  rf_phy_driver.o(.data)
    g_rfPhyTpCal1                            0x1fffd75a   Data           1  rf_phy_driver.o(.data)
    g_rfPhyTxPower                           0x1fffd75b   Data           1  rf_phy_driver.o(.data)
    g_rfPhyPktFmt                            0x1fffd75c   Data           1  rf_phy_driver.o(.data)
    g_rfPhyFreqOffSet                        0x1fffd75d   Data           1  rf_phy_driver.o(.data)
    g_system_clk                             0x1fffd75e   Data           1  rf_phy_driver.o(.data)
    g_rfPhyClkSel                            0x1fffd75f   Data           1  rf_phy_driver.o(.data)
    g_dtmModeType                            0x1fffd760   Data           1  rf_phy_driver.o(.data)
    g_dtmCmd                                 0x1fffd761   Data           1  rf_phy_driver.o(.data)
    g_dtmFreq                                0x1fffd762   Data           1  rf_phy_driver.o(.data)
    g_dtmLength                              0x1fffd763   Data           1  rf_phy_driver.o(.data)
    g_dtmExtLen                              0x1fffd764   Data           1  rf_phy_driver.o(.data)
    g_dtmPKT                                 0x1fffd765   Data           1  rf_phy_driver.o(.data)
    g_dtmCtrl                                0x1fffd766   Data           1  rf_phy_driver.o(.data)
    g_dtmPara                                0x1fffd767   Data           1  rf_phy_driver.o(.data)
    g_dtmEvt                                 0x1fffd768   Data           1  rf_phy_driver.o(.data)
    g_dtmStatus                              0x1fffd769   Data           1  rf_phy_driver.o(.data)
    g_dtmTxPower                             0x1fffd76a   Data           1  rf_phy_driver.o(.data)
    g_dtmRssi                                0x1fffd76b   Data           1  rf_phy_driver.o(.data)
    g_dtmCarrSens                            0x1fffd76c   Data           1  rf_phy_driver.o(.data)
    g_dtmTpCalEnable                         0x1fffd76d   Data           1  rf_phy_driver.o(.data)
    g_rfPhyDtmCmd                            0x1fffd76e   Data           2  rf_phy_driver.o(.data)
    g_rfPhyDtmEvt                            0x1fffd770   Data           2  rf_phy_driver.o(.data)
    g_dtmPktIntv                             0x1fffd772   Data           2  rf_phy_driver.o(.data)
    g_dtmPktCount                            0x1fffd774   Data           2  rf_phy_driver.o(.data)
    g_dtmRxCrcNum                            0x1fffd776   Data           2  rf_phy_driver.o(.data)
    g_dtmRxTONum                             0x1fffd778   Data           2  rf_phy_driver.o(.data)
    g_dtmRsp                                 0x1fffd77a   Data           2  rf_phy_driver.o(.data)
    g_dtmFoff                                0x1fffd77c   Data           2  rf_phy_driver.o(.data)
    g_rfPhyRxDcIQ                            0x1fffd780   Data           4  rf_phy_driver.o(.data)
    g_dtmTick                                0x1fffd784   Data           4  rf_phy_driver.o(.data)
    g_dtmPerAutoIntv                         0x1fffd788   Data           4  rf_phy_driver.o(.data)
    g_dtmAccessCode                          0x1fffd78c   Data           4  rf_phy_driver.o(.data)
    MID                                      0x1fffd790   Data           1  flash_ext.o(.data)
    JID8                                     0x1fffd791   Data           1  flash_ext.o(.data)
    JID0                                     0x1fffd792   Data           1  flash_ext.o(.data)
    g_chipMAddr                              0x1fffd793   Data           7  flash_ext.o(.data)
    put_char                                 0x1fffdad8   Data         120  my_printf.o(.bss)
    m_uartCtx                                0x1fffdba0   Data          32  uart.o(.bss)
    s_cons_ctx                               0x1fffde8c   Data        1036  phy_console.o(.bss)
    g_perStatsByChan                         0x1fffe2a8   Data         444  patch.o(.bss)
    g_rfPhyTpCalCapArry                      0x1fffe464   Data          40  rf_phy_driver.o(.bss)
    g_chipId                                 0x1fffe48c   Data          65  flash_ext.o(.bss)
    __initial_sp                             0x1fffea00   Data           0  startup_armcm0.o(STACK)



==============================================================================

Memory Map of the image

  Image Entry point : 0x1fff40c1

  Load Region LR_IROM1 (Base: 0x1fff4000, Size: 0x000097a4, Max: 0x00018000, ABSOLUTE, COMPRESSED[0x0000946c])

    Execution Region ER_IROM1 (Exec base: 0x1fff4000, Load base: 0x1fff4000, Size: 0x0000aa00, Max: 0x00018000, ABSOLUTE, COMPRESSED[0x000001a4])

    Exec Addr    Load Addr    Size         Type   Attr      Idx    E Section Name        Object

    0x1fff4000   0x1fff4000   0x000000c0   Data   RO         2901    RESET               startup_armcm0.o
    0x1fff40c0   0x1fff40c0   0x00000000   Code   RO         3233  * .ARM.Collect$$$$00000000  mc_p.l(entry.o)
    0x1fff40c0   0x1fff40c0   0x00000004   Code   RO         3544    .ARM.Collect$$$$00000001  mc_p.l(entry2.o)
    0x1fff40c4   0x1fff40c4   0x00000004   Code   RO         3547    .ARM.Collect$$$$00000004  mc_p.l(entry5.o)
    0x1fff40c8   0x1fff40c8   0x00000000   Code   RO         3549    .ARM.Collect$$$$00000008  mc_p.l(entry7b.o)
    0x1fff40c8   0x1fff40c8   0x00000000   Code   RO         3551    .ARM.Collect$$$$0000000A  mc_p.l(entry8b.o)
    0x1fff40c8   0x1fff40c8   0x00000008   Code   RO         3552    .ARM.Collect$$$$0000000B  mc_p.l(entry9a.o)
    0x1fff40d0   0x1fff40d0   0x00000000   Code   RO         3554    .ARM.Collect$$$$0000000D  mc_p.l(entry10a.o)
    0x1fff40d0   0x1fff40d0   0x00000000   Code   RO         3556    .ARM.Collect$$$$0000000F  mc_p.l(entry11a.o)
    0x1fff40d0   0x1fff40d0   0x00000004   Code   RO         3545    .ARM.Collect$$$$00002712  mc_p.l(entry2.o)
    0x1fff40d4   0x1fff40d4   0x0000001c   Code   RO         2902    .text               startup_armcm0.o
    0x1fff40f0   0x1fff40f0   0x00000060   Code   RO         3236    .text               mc_p.l(uldiv.o)
    0x1fff4150   0x1fff4150   0x0000007a   Code   RO         3238    .text               mc_p.l(llmul.o)
    0x1fff41ca   COMPRESSED   0x00000002   PAD
    0x1fff41cc   0x1fff41cc   0x0000008c   Code   RO         3244    .text               mc_p.l(mktime.o)
    0x1fff4258   0x1fff4258   0x00000024   Code   RO         3247    .text               mc_p.l(memcpya.o)
    0x1fff427c   0x1fff427c   0x00000024   Code   RO         3249    .text               mc_p.l(memseta.o)
    0x1fff42a0   0x1fff42a0   0x0000001c   Code   RO         3251    .text               mc_p.l(strcmp.o)
    0x1fff42bc   0x1fff42bc   0x00000048   Code   RO         3253    .text               mc_p.l(strtok.o)
    0x1fff4304   0x1fff4304   0x00000014   Code   RO         3522    .text               mc_p.l(uread4.o)
    0x1fff4318   0x1fff4318   0x0000001a   Code   RO         3524    .text               mc_p.l(atoi.o)
    0x1fff4332   0x1fff4332   0x00000020   Code   RO         3561    .text               mc_p.l(llshl.o)
    0x1fff4352   0x1fff4352   0x00000022   Code   RO         3563    .text               mc_p.l(llushr.o)
    0x1fff4374   0x1fff4374   0x00000010   Code   RO         3565    .text               mc_p.l(localtime_w.o)
    0x1fff4384   0x1fff4384   0x00000074   Code   RO         3568    .text               mc_p.l(localtime_i.o)
    0x1fff43f8   0x1fff43f8   0x00000070   Code   RO         3578    .text               mc_p.l(strtol.o)
    0x1fff4468   0x1fff4468   0x00000024   Code   RO         3597    .text               mc_p.l(init.o)
    0x1fff448c   0x1fff448c   0x00000008   Code   RO         3602    .text               mc_p.l(ctype_o.o)
    0x1fff4494   0x1fff4494   0x000000a6   Code   RO         3630    .text               mc_p.l(_strtoul.o)
    0x1fff453a   0x1fff453a   0x0000001e   Code   RO         3633    .text               mc_p.l(_chval.o)
    0x1fff4558   0x1fff4558   0x00000056   Code   RO         3642    .text               mc_p.l(__dczerorl2.o)
    0x1fff45ae   COMPRESSED   0x00000002   PAD
    0x1fff45b0   0x1fff45b0   0x0000000c   Ven    RO         3644    Veneer$$Code        anon$$obj.o
    0x1fff45bc   0x1fff45bc   0x0000000c   Ven    RO         3645    Veneer$$Code        anon$$obj.o
    0x1fff45c8   0x1fff45c8   0x0000000c   Ven    RO         3646    Veneer$$Code        anon$$obj.o
    0x1fff45d4   0x1fff45d4   0x0000000c   Ven    RO         3647    Veneer$$Code        anon$$obj.o
    0x1fff45e0   0x1fff45e0   0x0000000c   Ven    RO         3648    Veneer$$Code        anon$$obj.o
    0x1fff45ec   0x1fff45ec   0x0000000c   Ven    RO         3649    Veneer$$Code        anon$$obj.o
    0x1fff45f8   0x1fff45f8   0x0000000c   Ven    RO         3650    Veneer$$Code        anon$$obj.o
    0x1fff4604   0x1fff4604   0x0000000c   Ven    RO         3651    Veneer$$Code        anon$$obj.o
    0x1fff4610   0x1fff4610   0x0000000c   Ven    RO         3652    Veneer$$Code        anon$$obj.o
    0x1fff461c   0x1fff461c   0x0000000c   Ven    RO         3653    Veneer$$Code        anon$$obj.o
    0x1fff4628   0x1fff4628   0x0000000c   Ven    RO         3654    Veneer$$Code        anon$$obj.o
    0x1fff4634   0x1fff4634   0x0000000c   Ven    RO         3655    Veneer$$Code        anon$$obj.o
    0x1fff4640   0x1fff4640   0x0000000c   Ven    RO         3656    Veneer$$Code        anon$$obj.o
    0x1fff464c   0x1fff464c   0x0000000c   Ven    RO         3657    Veneer$$Code        anon$$obj.o
    0x1fff4658   0x1fff4658   0x0000000c   Ven    RO         3658    Veneer$$Code        anon$$obj.o
    0x1fff4664   0x1fff4664   0x0000000c   Ven    RO         3659    Veneer$$Code        anon$$obj.o
    0x1fff4670   0x1fff4670   0x0000000c   Ven    RO         3660    Veneer$$Code        anon$$obj.o
    0x1fff467c   0x1fff467c   0x0000000c   Ven    RO         3661    Veneer$$Code        anon$$obj.o
    0x1fff4688   0x1fff4688   0x0000000c   Ven    RO         3662    Veneer$$Code        anon$$obj.o
    0x1fff4694   0x1fff4694   0x0000000c   Ven    RO         3663    Veneer$$Code        anon$$obj.o
    0x1fff46a0   0x1fff46a0   0x0000000c   Ven    RO         3664    Veneer$$Code        anon$$obj.o
    0x1fff46ac   0x1fff46ac   0x0000000c   Ven    RO         3665    Veneer$$Code        anon$$obj.o
    0x1fff46b8   0x1fff46b8   0x0000000c   Ven    RO         3666    Veneer$$Code        anon$$obj.o
    0x1fff46c4   0x1fff46c4   0x0000000c   Ven    RO         3667    Veneer$$Code        anon$$obj.o
    0x1fff46d0   0x1fff46d0   0x0000000c   Ven    RO         3668    Veneer$$Code        anon$$obj.o
    0x1fff46dc   0x1fff46dc   0x0000000c   Ven    RO         3669    Veneer$$Code        anon$$obj.o
    0x1fff46e8   0x1fff46e8   0x0000000c   Ven    RO         3670    Veneer$$Code        anon$$obj.o
    0x1fff46f4   0x1fff46f4   0x0000000c   Ven    RO         3671    Veneer$$Code        anon$$obj.o
    0x1fff4700   0x1fff4700   0x0000000c   Ven    RO         3672    Veneer$$Code        anon$$obj.o
    0x1fff470c   0x1fff470c   0x0000000c   Ven    RO         3673    Veneer$$Code        anon$$obj.o
    0x1fff4718   0x1fff4718   0x0000000c   Ven    RO         3674    Veneer$$Code        anon$$obj.o
    0x1fff4724   0x1fff4724   0x0000000c   Ven    RO         3675    Veneer$$Code        anon$$obj.o
    0x1fff4730   0x1fff4730   0x0000000c   Ven    RO         3676    Veneer$$Code        anon$$obj.o
    0x1fff473c   0x1fff473c   0x0000000c   Ven    RO         3677    Veneer$$Code        anon$$obj.o
    0x1fff4748   0x1fff4748   0x0000000c   Ven    RO         3678    Veneer$$Code        anon$$obj.o
    0x1fff4754   0x1fff4754   0x0000000c   Ven    RO         3679    Veneer$$Code        anon$$obj.o
    0x1fff4760   0x1fff4760   0x0000000c   Ven    RO         3680    Veneer$$Code        anon$$obj.o
    0x1fff476c   0x1fff476c   0x0000000c   Ven    RO         3681    Veneer$$Code        anon$$obj.o
    0x1fff4778   0x1fff4778   0x0000000c   Ven    RO         3682    Veneer$$Code        anon$$obj.o
    0x1fff4784   0x1fff4784   0x0000000c   Ven    RO         3683    Veneer$$Code        anon$$obj.o
    0x1fff4790   0x1fff4790   0x0000000c   Ven    RO         3684    Veneer$$Code        anon$$obj.o
    0x1fff479c   0x1fff479c   0x0000000c   Ven    RO         3685    Veneer$$Code        anon$$obj.o
    0x1fff47a8   0x1fff47a8   0x0000000c   Ven    RO         3686    Veneer$$Code        anon$$obj.o
    0x1fff47b4   0x1fff47b4   0x0000000c   Ven    RO         3687    Veneer$$Code        anon$$obj.o
    0x1fff47c0   0x1fff47c0   0x0000000c   Ven    RO         3688    Veneer$$Code        anon$$obj.o
    0x1fff47cc   0x1fff47cc   0x0000000c   Ven    RO         3689    Veneer$$Code        anon$$obj.o
    0x1fff47d8   0x1fff47d8   0x0000000c   Ven    RO         3690    Veneer$$Code        anon$$obj.o
    0x1fff47e4   0x1fff47e4   0x0000000c   Ven    RO         3691    Veneer$$Code        anon$$obj.o
    0x1fff47f0   0x1fff47f0   0x0000000c   Ven    RO         3692    Veneer$$Code        anon$$obj.o
    0x1fff47fc   0x1fff47fc   0x0000000c   Ven    RO         3693    Veneer$$Code        anon$$obj.o
    0x1fff4808   0x1fff4808   0x0000000c   Ven    RO         3694    Veneer$$Code        anon$$obj.o
    0x1fff4814   0x1fff4814   0x0000000c   Ven    RO         3695    Veneer$$Code        anon$$obj.o
    0x1fff4820   0x1fff4820   0x0000000c   Ven    RO         3696    Veneer$$Code        anon$$obj.o
    0x1fff482c   0x1fff482c   0x0000000c   Ven    RO         3697    Veneer$$Code        anon$$obj.o
    0x1fff4838   0x1fff4838   0x0000000c   Ven    RO         3698    Veneer$$Code        anon$$obj.o
    0x1fff4844   0x1fff4844   0x0000000c   Ven    RO         3699    Veneer$$Code        anon$$obj.o
    0x1fff4850   0x1fff4850   0x0000000c   Ven    RO         3700    Veneer$$Code        anon$$obj.o
    0x1fff485c   0x1fff485c   0x0000000c   Ven    RO         3701    Veneer$$Code        anon$$obj.o
    0x1fff4868   0x1fff4868   0x0000000c   Ven    RO         3702    Veneer$$Code        anon$$obj.o
    0x1fff4874   0x1fff4874   0x0000000c   Ven    RO         3703    Veneer$$Code        anon$$obj.o
    0x1fff4880   0x1fff4880   0x0000000c   Ven    RO         3704    Veneer$$Code        anon$$obj.o
    0x1fff488c   0x1fff488c   0x0000000c   Ven    RO         3705    Veneer$$Code        anon$$obj.o
    0x1fff4898   0x1fff4898   0x0000000c   Ven    RO         3706    Veneer$$Code        anon$$obj.o
    0x1fff48a4   0x1fff48a4   0x0000000c   Ven    RO         3707    Veneer$$Code        anon$$obj.o
    0x1fff48b0   0x1fff48b0   0x0000000c   Ven    RO         3708    Veneer$$Code        anon$$obj.o
    0x1fff48bc   0x1fff48bc   0x0000000c   Ven    RO         3709    Veneer$$Code        anon$$obj.o
    0x1fff48c8   0x1fff48c8   0x0000000c   Ven    RO         3710    Veneer$$Code        anon$$obj.o
    0x1fff48d4   0x1fff48d4   0x0000000c   Ven    RO         3711    Veneer$$Code        anon$$obj.o
    0x1fff48e0   0x1fff48e0   0x0000000c   Ven    RO         3712    Veneer$$Code        anon$$obj.o
    0x1fff48ec   0x1fff48ec   0x0000000c   Ven    RO         3713    Veneer$$Code        anon$$obj.o
    0x1fff48f8   0x1fff48f8   0x0000000c   Ven    RO         3714    Veneer$$Code        anon$$obj.o
    0x1fff4904   0x1fff4904   0x0000000c   Ven    RO         3715    Veneer$$Code        anon$$obj.o
    0x1fff4910   0x1fff4910   0x0000000c   Ven    RO         3716    Veneer$$Code        anon$$obj.o
    0x1fff491c   0x1fff491c   0x0000000c   Ven    RO         3717    Veneer$$Code        anon$$obj.o
    0x1fff4928   0x1fff4928   0x0000000c   Ven    RO         3718    Veneer$$Code        anon$$obj.o
    0x1fff4934   0x1fff4934   0x0000000c   Ven    RO         3719    Veneer$$Code        anon$$obj.o
    0x1fff4940   0x1fff4940   0x0000000c   Ven    RO         3720    Veneer$$Code        anon$$obj.o
    0x1fff494c   0x1fff494c   0x0000000c   Ven    RO         3721    Veneer$$Code        anon$$obj.o
    0x1fff4958   0x1fff4958   0x0000000c   Ven    RO         3722    Veneer$$Code        anon$$obj.o
    0x1fff4964   0x1fff4964   0x0000000c   Ven    RO         3723    Veneer$$Code        anon$$obj.o
    0x1fff4970   0x1fff4970   0x0000000c   Ven    RO         3724    Veneer$$Code        anon$$obj.o
    0x1fff497c   0x1fff497c   0x0000000c   Ven    RO         3725    Veneer$$Code        anon$$obj.o
    0x1fff4988   0x1fff4988   0x0000000c   Ven    RO         3726    Veneer$$Code        anon$$obj.o
    0x1fff4994   0x1fff4994   0x0000000c   Ven    RO         3727    Veneer$$Code        anon$$obj.o
    0x1fff49a0   0x1fff49a0   0x0000000c   Ven    RO         3728    Veneer$$Code        anon$$obj.o
    0x1fff49ac   0x1fff49ac   0x0000000c   Ven    RO         3729    Veneer$$Code        anon$$obj.o
    0x1fff49b8   0x1fff49b8   0x0000000c   Ven    RO         3730    Veneer$$Code        anon$$obj.o
    0x1fff49c4   0x1fff49c4   0x0000000c   Ven    RO         3731    Veneer$$Code        anon$$obj.o
    0x1fff49d0   0x1fff49d0   0x0000000c   Ven    RO         3732    Veneer$$Code        anon$$obj.o
    0x1fff49dc   0x1fff49dc   0x0000000c   Ven    RO         3733    Veneer$$Code        anon$$obj.o
    0x1fff49e8   0x1fff49e8   0x0000000c   Ven    RO         3734    Veneer$$Code        anon$$obj.o
    0x1fff49f4   0x1fff49f4   0x0000000c   Ven    RO         3735    Veneer$$Code        anon$$obj.o
    0x1fff4a00   0x1fff4a00   0x0000000c   Ven    RO         3736    Veneer$$Code        anon$$obj.o
    0x1fff4a0c   0x1fff4a0c   0x0000000c   Ven    RO         3737    Veneer$$Code        anon$$obj.o
    0x1fff4a18   0x1fff4a18   0x0000000c   Ven    RO         3738    Veneer$$Code        anon$$obj.o
    0x1fff4a24   0x1fff4a24   0x0000000c   Ven    RO         3739    Veneer$$Code        anon$$obj.o
    0x1fff4a30   0x1fff4a30   0x0000000c   Ven    RO         3740    Veneer$$Code        anon$$obj.o
    0x1fff4a3c   0x1fff4a3c   0x0000000c   Ven    RO         3741    Veneer$$Code        anon$$obj.o
    0x1fff4a48   0x1fff4a48   0x0000000c   Ven    RO         3742    Veneer$$Code        anon$$obj.o
    0x1fff4a54   0x1fff4a54   0x0000000c   Ven    RO         3743    Veneer$$Code        anon$$obj.o
    0x1fff4a60   0x1fff4a60   0x0000000c   Ven    RO         3744    Veneer$$Code        anon$$obj.o
    0x1fff4a6c   0x1fff4a6c   0x0000000c   Ven    RO         3745    Veneer$$Code        anon$$obj.o
    0x1fff4a78   0x1fff4a78   0x0000000c   Ven    RO         3746    Veneer$$Code        anon$$obj.o
    0x1fff4a84   0x1fff4a84   0x0000000c   Ven    RO         3747    Veneer$$Code        anon$$obj.o
    0x1fff4a90   0x1fff4a90   0x0000000c   Ven    RO         3748    Veneer$$Code        anon$$obj.o
    0x1fff4a9c   0x1fff4a9c   0x0000000c   Ven    RO         3749    Veneer$$Code        anon$$obj.o
    0x1fff4aa8   0x1fff4aa8   0x0000000c   Ven    RO         3750    Veneer$$Code        anon$$obj.o
    0x1fff4ab4   0x1fff4ab4   0x0000000c   Ven    RO         3751    Veneer$$Code        anon$$obj.o
    0x1fff4ac0   0x1fff4ac0   0x0000000c   Ven    RO         3752    Veneer$$Code        anon$$obj.o
    0x1fff4acc   0x1fff4acc   0x0000000c   Ven    RO         3753    Veneer$$Code        anon$$obj.o
    0x1fff4ad8   0x1fff4ad8   0x0000000c   Ven    RO         3754    Veneer$$Code        anon$$obj.o
    0x1fff4ae4   0x1fff4ae4   0x0000000c   Ven    RO         3755    Veneer$$Code        anon$$obj.o
    0x1fff4af0   0x1fff4af0   0x0000000c   Ven    RO         3756    Veneer$$Code        anon$$obj.o
    0x1fff4afc   0x1fff4afc   0x0000000c   Ven    RO         3757    Veneer$$Code        anon$$obj.o
    0x1fff4b08   0x1fff4b08   0x0000000c   Ven    RO         3758    Veneer$$Code        anon$$obj.o
    0x1fff4b14   0x1fff4b14   0x0000000c   Ven    RO         3759    Veneer$$Code        anon$$obj.o
    0x1fff4b20   0x1fff4b20   0x0000000c   Ven    RO         3760    Veneer$$Code        anon$$obj.o
    0x1fff4b2c   0x1fff4b2c   0x0000000c   Ven    RO         3761    Veneer$$Code        anon$$obj.o
    0x1fff4b38   0x1fff4b38   0x0000000c   Ven    RO         3762    Veneer$$Code        anon$$obj.o
    0x1fff4b44   0x1fff4b44   0x0000000c   Ven    RO         3763    Veneer$$Code        anon$$obj.o
    0x1fff4b50   0x1fff4b50   0x0000000c   Ven    RO         3764    Veneer$$Code        anon$$obj.o
    0x1fff4b5c   0x1fff4b5c   0x0000000c   Ven    RO         3765    Veneer$$Code        anon$$obj.o
    0x1fff4b68   0x1fff4b68   0x0000000c   Ven    RO         3766    Veneer$$Code        anon$$obj.o
    0x1fff4b74   0x1fff4b74   0x0000000c   Ven    RO         3767    Veneer$$Code        anon$$obj.o
    0x1fff4b80   0x1fff4b80   0x0000000c   Ven    RO         3768    Veneer$$Code        anon$$obj.o
    0x1fff4b8c   0x1fff4b8c   0x0000000c   Ven    RO         3769    Veneer$$Code        anon$$obj.o
    0x1fff4b98   0x1fff4b98   0x0000000c   Ven    RO         3770    Veneer$$Code        anon$$obj.o
    0x1fff4ba4   0x1fff4ba4   0x0000000c   Ven    RO         3771    Veneer$$Code        anon$$obj.o
    0x1fff4bb0   0x1fff4bb0   0x0000000c   Ven    RO         3772    Veneer$$Code        anon$$obj.o
    0x1fff4bbc   0x1fff4bbc   0x0000000c   Ven    RO         3773    Veneer$$Code        anon$$obj.o
    0x1fff4bc8   0x1fff4bc8   0x0000000c   Ven    RO         3774    Veneer$$Code        anon$$obj.o
    0x1fff4bd4   0x1fff4bd4   0x0000000c   Ven    RO         3775    Veneer$$Code        anon$$obj.o
    0x1fff4be0   0x1fff4be0   0x0000000c   Ven    RO         3776    Veneer$$Code        anon$$obj.o
    0x1fff4bec   0x1fff4bec   0x0000000c   Ven    RO         3777    Veneer$$Code        anon$$obj.o
    0x1fff4bf8   0x1fff4bf8   0x0000000c   Ven    RO         3778    Veneer$$Code        anon$$obj.o
    0x1fff4c04   0x1fff4c04   0x0000000c   Ven    RO         3779    Veneer$$Code        anon$$obj.o
    0x1fff4c10   0x1fff4c10   0x0000000c   Ven    RO         3780    Veneer$$Code        anon$$obj.o
    0x1fff4c1c   0x1fff4c1c   0x0000000c   Ven    RO         3781    Veneer$$Code        anon$$obj.o
    0x1fff4c28   0x1fff4c28   0x0000000c   Ven    RO         3782    Veneer$$Code        anon$$obj.o
    0x1fff4c34   0x1fff4c34   0x0000000c   Ven    RO         3783    Veneer$$Code        anon$$obj.o
    0x1fff4c40   0x1fff4c40   0x0000000c   Ven    RO         3784    Veneer$$Code        anon$$obj.o
    0x1fff4c4c   0x1fff4c4c   0x0000000c   Ven    RO         3785    Veneer$$Code        anon$$obj.o
    0x1fff4c58   0x1fff4c58   0x0000000c   Ven    RO         3786    Veneer$$Code        anon$$obj.o
    0x1fff4c64   0x1fff4c64   0x0000000c   Ven    RO         3787    Veneer$$Code        anon$$obj.o
    0x1fff4c70   0x1fff4c70   0x0000000c   Ven    RO         3788    Veneer$$Code        anon$$obj.o
    0x1fff4c7c   0x1fff4c7c   0x0000000c   Ven    RO         3789    Veneer$$Code        anon$$obj.o
    0x1fff4c88   0x1fff4c88   0x0000000c   Ven    RO         3790    Veneer$$Code        anon$$obj.o
    0x1fff4c94   0x1fff4c94   0x0000000c   Ven    RO         3791    Veneer$$Code        anon$$obj.o
    0x1fff4ca0   0x1fff4ca0   0x0000000c   Ven    RO         3792    Veneer$$Code        anon$$obj.o
    0x1fff4cac   0x1fff4cac   0x0000000c   Ven    RO         3793    Veneer$$Code        anon$$obj.o
    0x1fff4cb8   0x1fff4cb8   0x0000000c   Ven    RO         3794    Veneer$$Code        anon$$obj.o
    0x1fff4cc4   0x1fff4cc4   0x0000000c   Ven    RO         3795    Veneer$$Code        anon$$obj.o
    0x1fff4cd0   0x1fff4cd0   0x0000000c   Ven    RO         3796    Veneer$$Code        anon$$obj.o
    0x1fff4cdc   0x1fff4cdc   0x0000000c   Ven    RO         3797    Veneer$$Code        anon$$obj.o
    0x1fff4ce8   0x1fff4ce8   0x0000000c   Ven    RO         3798    Veneer$$Code        anon$$obj.o
    0x1fff4cf4   0x1fff4cf4   0x0000000c   Ven    RO         3799    Veneer$$Code        anon$$obj.o
    0x1fff4d00   0x1fff4d00   0x0000000c   Ven    RO         3800    Veneer$$Code        anon$$obj.o
    0x1fff4d0c   0x1fff4d0c   0x0000000c   Ven    RO         3801    Veneer$$Code        anon$$obj.o
    0x1fff4d18   0x1fff4d18   0x0000000c   Ven    RO         3802    Veneer$$Code        anon$$obj.o
    0x1fff4d24   0x1fff4d24   0x0000000c   Ven    RO         3803    Veneer$$Code        anon$$obj.o
    0x1fff4d30   0x1fff4d30   0x0000000c   Ven    RO         3804    Veneer$$Code        anon$$obj.o
    0x1fff4d3c   0x1fff4d3c   0x0000000c   Ven    RO         3805    Veneer$$Code        anon$$obj.o
    0x1fff4d48   0x1fff4d48   0x0000000c   Ven    RO         3806    Veneer$$Code        anon$$obj.o
    0x1fff4d54   0x1fff4d54   0x0000000c   Ven    RO         3807    Veneer$$Code        anon$$obj.o
    0x1fff4d60   0x1fff4d60   0x0000000c   Ven    RO         3808    Veneer$$Code        anon$$obj.o
    0x1fff4d6c   0x1fff4d6c   0x0000000c   Ven    RO         3809    Veneer$$Code        anon$$obj.o
    0x1fff4d78   0x1fff4d78   0x0000000c   Ven    RO         3810    Veneer$$Code        anon$$obj.o
    0x1fff4d84   0x1fff4d84   0x0000000c   Ven    RO         3811    Veneer$$Code        anon$$obj.o
    0x1fff4d90   0x1fff4d90   0x0000000c   Ven    RO         3812    Veneer$$Code        anon$$obj.o
    0x1fff4d9c   0x1fff4d9c   0x0000000c   Ven    RO         3813    Veneer$$Code        anon$$obj.o
    0x1fff4da8   0x1fff4da8   0x0000000c   Ven    RO         3814    Veneer$$Code        anon$$obj.o
    0x1fff4db4   0x1fff4db4   0x0000000c   Ven    RO         3815    Veneer$$Code        anon$$obj.o
    0x1fff4dc0   0x1fff4dc0   0x0000000c   Ven    RO         3816    Veneer$$Code        anon$$obj.o
    0x1fff4dcc   0x1fff4dcc   0x0000000c   Ven    RO         3817    Veneer$$Code        anon$$obj.o
    0x1fff4dd8   0x1fff4dd8   0x0000000c   Ven    RO         3818    Veneer$$Code        anon$$obj.o
    0x1fff4de4   0x1fff4de4   0x0000000c   Ven    RO         3819    Veneer$$Code        anon$$obj.o
    0x1fff4df0   0x1fff4df0   0x0000000c   Ven    RO         3820    Veneer$$Code        anon$$obj.o
    0x1fff4dfc   0x1fff4dfc   0x0000000c   Ven    RO         3821    Veneer$$Code        anon$$obj.o
    0x1fff4e08   0x1fff4e08   0x0000000c   Ven    RO         3822    Veneer$$Code        anon$$obj.o
    0x1fff4e14   0x1fff4e14   0x0000000c   Ven    RO         3823    Veneer$$Code        anon$$obj.o
    0x1fff4e20   0x1fff4e20   0x0000000c   Ven    RO         3824    Veneer$$Code        anon$$obj.o
    0x1fff4e2c   0x1fff4e2c   0x0000000c   Ven    RO         3825    Veneer$$Code        anon$$obj.o
    0x1fff4e38   0x1fff4e38   0x0000000c   Ven    RO         3826    Veneer$$Code        anon$$obj.o
    0x1fff4e44   0x1fff4e44   0x0000000c   Ven    RO         3827    Veneer$$Code        anon$$obj.o
    0x1fff4e50   0x1fff4e50   0x0000000c   Ven    RO         3828    Veneer$$Code        anon$$obj.o
    0x1fff4e5c   0x1fff4e5c   0x0000000c   Ven    RO         3829    Veneer$$Code        anon$$obj.o
    0x1fff4e68   0x1fff4e68   0x0000000c   Ven    RO         3830    Veneer$$Code        anon$$obj.o
    0x1fff4e74   0x1fff4e74   0x0000000c   Ven    RO         3831    Veneer$$Code        anon$$obj.o
    0x1fff4e80   0x1fff4e80   0x0000000c   Ven    RO         3832    Veneer$$Code        anon$$obj.o
    0x1fff4e8c   0x1fff4e8c   0x0000000c   Ven    RO         3833    Veneer$$Code        anon$$obj.o
    0x1fff4e98   0x1fff4e98   0x0000000c   Ven    RO         3834    Veneer$$Code        anon$$obj.o
    0x1fff4ea4   0x1fff4ea4   0x0000000c   Ven    RO         3835    Veneer$$Code        anon$$obj.o
    0x1fff4eb0   0x1fff4eb0   0x0000000c   Ven    RO         3836    Veneer$$Code        anon$$obj.o
    0x1fff4ebc   0x1fff4ebc   0x0000000c   Ven    RO         3837    Veneer$$Code        anon$$obj.o
    0x1fff4ec8   0x1fff4ec8   0x0000000c   Ven    RO         3838    Veneer$$Code        anon$$obj.o
    0x1fff4ed4   0x1fff4ed4   0x0000000c   Ven    RO         3839    Veneer$$Code        anon$$obj.o
    0x1fff4ee0   0x1fff4ee0   0x0000000c   Ven    RO         3840    Veneer$$Code        anon$$obj.o
    0x1fff4eec   0x1fff4eec   0x0000000c   Ven    RO         3841    Veneer$$Code        anon$$obj.o
    0x1fff4ef8   0x1fff4ef8   0x00000018   Code   RO          191    i.DevInfo_AddService  devinfoservice.o
    0x1fff4f10   0x1fff4f10   0x00000028   Code   RO          193    i.DevInfo_SetParameter  devinfoservice.o
    0x1fff4f38   0x1fff4f38   0x000000fc   Code   RO          773    i.GAPBondMgr_LinkEst  gapbondmgr.o
    0x1fff5034   0x1fff5034   0x00000024   Code   RO          777    i.GAPBondMgr_Register  gapbondmgr.o
    0x1fff5058   0x1fff5058   0x00000076   Code   RO          778    i.GAPBondMgr_ResolveAddr  gapbondmgr.o
    0x1fff50ce   COMPRESSED   0x00000002   PAD
    0x1fff50d0   0x1fff50d0   0x000001c4   Code   RO          658    i.GAPRole_GetParameter  peripheral.o
    0x1fff5294   0x1fff5294   0x00000080   Code   RO          659    i.GAPRole_Init      peripheral.o
    0x1fff5314   0x1fff5314   0x0000015c   Code   RO          660    i.GAPRole_ProcessEvent  peripheral.o
    0x1fff5470   0x1fff5470   0x00000080   Code   RO          662    i.GAPRole_SendUpdateParam  peripheral.o
    0x1fff54f0   0x1fff54f0   0x00000354   Code   RO          663    i.GAPRole_SetParameter  peripheral.o
    0x1fff5844   0x1fff5844   0x00000028   Code   RO          664    i.GAPRole_StartDevice  peripheral.o
    0x1fff586c   0x1fff586c   0x0000002c   Code   RO          665    i.GAPRole_TerminateConnection  peripheral.o
    0x1fff5898   0x1fff5898   0x0000005c   Code   RO          573    i.GAP_DeviceInit    gap.o
    0x1fff58f4   0x1fff58f4   0x00000028   Code   RO          255    i.GATTServApp_AddService  gattservapp.o
    0x1fff591c   0x1fff591c   0x00000058   Code   RO          261    i.GATTServApp_Init  gattservapp.o
    0x1fff5974   0x1fff5974   0x0000004c   Code   RO          262    i.GATTServApp_InitCharCfg  gattservapp.o
    0x1fff59c0   0x1fff59c0   0x0000006c   Code   RO          263    i.GATTServApp_ProcessCCCWriteReq  gattservapp.o
    0x1fff5a2c   0x1fff5a2c   0x00000048   Code   RO          265    i.GATTServApp_ProcessEvent  gattservapp.o
    0x1fff5a74   0x1fff5a74   0x000002a4   Code   RO          266    i.GATTServApp_ReadAttr  gattservapp.o
    0x1fff5d18   0x1fff5d18   0x0000001c   Code   RO          267    i.GATTServApp_ReadCharCfg  gattservapp.o
    0x1fff5d34   0x1fff5d34   0x0000000c   Code   RO          268    i.GATTServApp_RegisterForMsg  gattservapp.o
    0x1fff5d40   0x1fff5d40   0x00000032   Code   RO          269    i.GATTServApp_RegisterService  gattservapp.o
    0x1fff5d72   COMPRESSED   0x00000002   PAD
    0x1fff5d74   0x1fff5d74   0x00000040   Code   RO          270    i.GATTServApp_SendCCCUpdatedEvent  gattservapp.o
    0x1fff5db4   0x1fff5db4   0x0000002c   Code   RO          271    i.GATTServApp_SendServiceChangedInd  gattservapp.o
    0x1fff5de0   0x1fff5de0   0x00000026   Code   RO          274    i.GATTServApp_UpdateCharCfg  gattservapp.o
    0x1fff5e06   0x1fff5e06   0x00000044   Code   RO          275    i.GATTServApp_WriteAttr  gattservapp.o
    0x1fff5e4a   COMPRESSED   0x00000002   PAD
    0x1fff5e4c   0x1fff5e4c   0x00000034   Code   RO          276    i.GATTServApp_WriteCharCfg  gattservapp.o
    0x1fff5e80   0x1fff5e80   0x00000028   Code   RO          585    i.GGS_AddService    gapgattserver.o
    0x1fff5ea8   0x1fff5ea8   0x000000a4   Code   RO          591    i.GGS_SetParameter  gapgattserver.o
    0x1fff5f4c   0x1fff5f4c   0x00000150   Code   RO         2943    i.LL_ENC_Decrypt0   rf.lib(patch.o)
    0x1fff609c   0x1fff609c   0x00000148   Code   RO         2944    i.LL_ENC_Encrypt0   rf.lib(patch.o)
    0x1fff61e4   0x1fff61e4   0x000005f0   Code   RO         2945    i.LL_IRQHandler1    rf.lib(patch.o)
    0x1fff67d4   0x1fff67d4   0x00000254   Code   RO         2955    i.LL_SetAdvParam1   rf.lib(patch.o)
    0x1fff6a28   0x1fff6a28   0x00000044   Code   RO         2956    i.LL_set_default_conn_params1  rf.lib(patch.o)
    0x1fff6a6c   0x1fff6a6c   0x00000178   Code   RO         2957    i.LL_slave_conn_event1  rf.lib(patch.o)
    0x1fff6be4   0x1fff6be4   0x00000010   Code   RO         2909    i.SystemInit        system_armcm0.o
    0x1fff6bf4   0x1fff6bf4   0x0000007c   Code   RO         2959    i.TIM0_IRQHandler1  rf.lib(patch.o)
    0x1fff6c70   0x1fff6c70   0x00000030   Code   RO         1451    i.WaitRTCCount      common.o
    0x1fff6ca0   0x1fff6ca0   0x00000028   Code   RO         3352    i.__0sprintf$3      mc_p.l(printf3.o)
    0x1fff6cc8   0x1fff6cc8   0x00000078   Code   RO            3    i.__NVIC_SetPriority  main.o
    0x1fff6d40   0x1fff6d40   0x00000078   Code   RO         1804    i.__NVIC_SetPriority  uart.o
    0x1fff6db8   0x1fff6db8   0x00000078   Code   RO         2197    i.__NVIC_SetPriority  adc.o
    0x1fff6e30   0x1fff6e30   0x00000008   Code   RO         3571    i.__aeabi_errno_addr  mc_p.l(errno.o)
    0x1fff6e38   0x1fff6e38   0x0000000e   Code   RO         3636    i.__scatterload_copy  mc_p.l(handlers.o)
    0x1fff6e46   0x1fff6e46   0x00000002   Code   RO         3637    i.__scatterload_null  mc_p.l(handlers.o)
    0x1fff6e48   0x1fff6e48   0x0000000e   Code   RO         3638    i.__scatterload_zeroinit  mc_p.l(handlers.o)
    0x1fff6e56   COMPRESSED   0x00000002   PAD
    0x1fff6e58   0x1fff6e58   0x000001cc   Code   RO         3357    i._printf_core      mc_p.l(printf3.o)
    0x1fff7024   0x1fff7024   0x0000000a   Code   RO         3359    i._sputc            mc_p.l(printf3.o)
    0x1fff702e   0x1fff702e   0x0000000c   Code   RO         2198    i.adc_wakeup_hdl    adc.o
    0x1fff703a   COMPRESSED   0x00000002   PAD
    0x1fff703c   0x1fff703c   0x0000007c   Code   RO         2798    i.app_datetime      app_datetime.o
    0x1fff70b8   0x1fff70b8   0x00000094   Code   RO         2799    i.app_datetime_adjust_baseline  app_datetime.o
    0x1fff714c   0x1fff714c   0x00000014   Code   RO         2801    i.app_datetime_init  app_datetime.o
    0x1fff7160   0x1fff7160   0x000000b0   Code   RO         2802    i.app_datetime_set  app_datetime.o
    0x1fff7210   0x1fff7210   0x00000044   Code   RO         2803    i.app_datetime_sync_handler  app_datetime.o
    0x1fff7254   0x1fff7254   0x00000014   Code   RO         1204    i.app_main          wrist_main.o
    0x1fff7268   0x1fff7268   0x00000036   Code   RO         2960    i.arry_sort         rf.lib(patch.o)
    0x1fff729e   COMPRESSED   0x00000002   PAD
    0x1fff72a0   0x1fff72a0   0x0000004c   Code   RO         2961    i.boot_init1        rf.lib(patch.o)
    0x1fff72ec   0x1fff72ec   0x00000020   Code   RO         3145    i.check_chip_id     rf.lib(flash_ext.o)
    0x1fff730c   0x1fff730c   0x00000020   Code   RO         3146    i.check_chip_mAddr  rf.lib(flash_ext.o)
    0x1fff732c   0x1fff732c   0x0000006c   Code   RO         2805    i.check_default_datetime  app_datetime.o
    0x1fff7398   0x1fff7398   0x0000001c   Code   RO         1224    i.checksum          wristservice.o
    0x1fff73b4   0x1fff73b4   0x0000006c   Code   RO         3148    i.chip_id_one_bit_hot_convter  rf.lib(flash_ext.o)
    0x1fff7420   0x1fff7420   0x00000010   Code   RO         2199    i.clear_adcc_cfg    adc.o
    0x1fff7430   0x1fff7430   0x0000001c   Code   RO         2313    i.clk_gate_disable  clock.o
    0x1fff744c   0x1fff744c   0x0000001c   Code   RO         2314    i.clk_gate_enable   clock.o
    0x1fff7468   0x1fff7468   0x0000000c   Code   RO         2316    i.clk_pclk          clock.o
    0x1fff7474   0x1fff7474   0x00000024   Code   RO         2317    i.clk_reset         clock.o
    0x1fff7498   0x1fff7498   0x00000018   Code   RO         2963    i.clock_time_rtc    rf.lib(patch.o)
    0x1fff74b0   0x1fff74b0   0x00000050   Code   RO         1225    i.cmd_get_time      wristservice.o
    0x1fff7500   0x1fff7500   0x00000028   Code   RO         1226    i.cmd_light_ctrl    wristservice.o
    0x1fff7528   0x1fff7528   0x00000012   Code   RO         1227    i.cmd_lookup_bracelet  wristservice.o
    0x1fff753a   0x1fff753a   0x0000005a   Code   RO         1228    i.cmd_query_version  wristservice.o
    0x1fff7594   0x1fff7594   0x00000030   Code   RO         1229    i.cmd_response      wristservice.o
    0x1fff75c4   0x1fff75c4   0x00000060   Code   RO         1230    i.cmd_response_err  wristservice.o
    0x1fff7624   0x1fff7624   0x00000084   Code   RO         1231    i.cmd_set_time      wristservice.o
    0x1fff76a8   0x1fff76a8   0x00000060   Code   RO         2964    i.config_RTC1       rf.lib(patch.o)
    0x1fff7708   0x1fff7708   0x00000064   Code   RO            4    i.cons_callback     main.o
    0x1fff776c   0x1fff776c   0x00000054   Code   RO         2750    i.console_init      phy_console.o
    0x1fff77c0   0x1fff77c0   0x00000284   Code   RO         2751    i.console_parse_cmd  phy_console.o
    0x1fff7a44   0x1fff7a44   0x00000090   Code   RO         2752    i.console_rx_handler  phy_console.o
    0x1fff7ad4   0x1fff7ad4   0x00000014   Code   RO         2753    i.console_sleep_handler  phy_console.o
    0x1fff7ae8   0x1fff7ae8   0x0000005c   Code   RO         2754    i.console_wakeup_handler  phy_console.o
    0x1fff7b44   0x1fff7b44   0x00000048   Code   RO         2806    i.datetime_print    app_datetime.o
    0x1fff7b8c   0x1fff7b8c   0x00000214   Code   RO          194    i.devInfo_ReadAttrCB  devinfoservice.o
    0x1fff7da0   0x1fff7da0   0x00000030   Code   RO         2200    i.disable_analog_pin  adc.o
    0x1fff7dd0   0x1fff7dd0   0x00000018   Code   RO         2807    i.dt_timer_start    app_datetime.o
    0x1fff7de8   0x1fff7de8   0x0000011c   Code   RO         2965    i.enterSleepProcess1  rf.lib(patch.o)
    0x1fff7f04   0x1fff7f04   0x0000005e   Code   RO          785    i.gapBondMgrBondReq  gapbondmgr.o
    0x1fff7f62   COMPRESSED   0x00000002   PAD
    0x1fff7f64   0x1fff7f64   0x00000030   Code   RO          790    i.gapBondMgrFindAddr  gapbondmgr.o
    0x1fff7f94   0x1fff7f94   0x00000034   Code   RO          793    i.gapBondMgrFindReconnectAddr  gapbondmgr.o
    0x1fff7fc8   0x1fff7fc8   0x0000003a   Code   RO          794    i.gapBondMgrGetPublicAddr  gapbondmgr.o
    0x1fff8002   0x1fff8002   0x00000028   Code   RO          795    i.gapBondMgrGetStateFlags  gapbondmgr.o
    0x1fff802a   0x1fff802a   0x00000028   Code   RO          796    i.gapBondMgrInvertCharCfgItem  gapbondmgr.o
    0x1fff8052   0x1fff8052   0x0000004a   Code   RO          798    i.gapBondMgrResolvePrivateAddr  gapbondmgr.o
    0x1fff809c   0x1fff809c   0x00000038   Code   RO          800    i.gapBondMgrSlaveSecurityReq  gapbondmgr.o
    0x1fff80d4   0x1fff80d4   0x00000050   Code   RO          666    i.gapRole_HandleParamUpdateNoSuccess  peripheral.o
    0x1fff8124   0x1fff8124   0x00000314   Code   RO          667    i.gapRole_ProcessGAPMsg  peripheral.o
    0x1fff8438   0x1fff8438   0x000000c0   Code   RO          668    i.gapRole_ProcessOSALMsg  peripheral.o
    0x1fff84f8   0x1fff84f8   0x00000030   Code   RO          669    i.gapRole_SetupGAP  peripheral.o
    0x1fff8528   0x1fff8528   0x000000a8   Code   RO          670    i.gapRole_startConnUpdate  peripheral.o
    0x1fff85d0   0x1fff85d0   0x00000060   Code   RO          278    i.gattServApp_EnqueuePrepareWriteReq  gattservapp.o
    0x1fff8630   0x1fff8630   0x00000016   Code   RO          279    i.gattServApp_FindAuthorizeAttrCB  gattservapp.o
    0x1fff8646   0x1fff8646   0x00000022   Code   RO          280    i.gattServApp_FindCharCfgItem  gattservapp.o
    0x1fff8668   0x1fff8668   0x00000028   Code   RO          281    i.gattServApp_FindPrepareWriteQ  gattservapp.o
    0x1fff8690   0x1fff8690   0x00000016   Code   RO          282    i.gattServApp_FindReadAttrCB  gattservapp.o
    0x1fff86a6   COMPRESSED   0x00000002   PAD
    0x1fff86a8   0x1fff86a8   0x00000020   Code   RO          283    i.gattServApp_FindServiceCBs  gattservapp.o
    0x1fff86c8   0x1fff86c8   0x00000016   Code   RO          284    i.gattServApp_FindWriteAttrCB  gattservapp.o
    0x1fff86de   COMPRESSED   0x00000002   PAD
    0x1fff86e0   0x1fff86e0   0x0000006c   Code   RO          285    i.gattServApp_HandleConnStatusCB  gattservapp.o
    0x1fff874c   0x1fff874c   0x0000001c   Code   RO          287    i.gattServApp_ProcessExchangeMTUReq  gattservapp.o
    0x1fff8768   0x1fff8768   0x0000009c   Code   RO          288    i.gattServApp_ProcessExecuteWriteReq  gattservapp.o
    0x1fff8804   0x1fff8804   0x000000ec   Code   RO          289    i.gattServApp_ProcessFindByTypeValueReq  gattservapp.o
    0x1fff88f0   0x1fff88f0   0x000000e8   Code   RO          290    i.gattServApp_ProcessMsg  gattservapp.o
    0x1fff89d8   0x1fff89d8   0x00000074   Code   RO          291    i.gattServApp_ProcessPrepareWriteReq  gattservapp.o
    0x1fff8a4c   0x1fff8a4c   0x00000060   Code   RO          292    i.gattServApp_ProcessReadBlobReq  gattservapp.o
    0x1fff8aac   0x1fff8aac   0x0000015c   Code   RO          293    i.gattServApp_ProcessReadByGrpTypeReq  gattservapp.o
    0x1fff8c08   0x1fff8c08   0x00000128   Code   RO          294    i.gattServApp_ProcessReadByTypeReq  gattservapp.o
    0x1fff8d30   0x1fff8d30   0x000000c8   Code   RO          295    i.gattServApp_ProcessReadMultiReq  gattservapp.o
    0x1fff8df8   0x1fff8df8   0x00000064   Code   RO          296    i.gattServApp_ProcessReadReq  gattservapp.o
    0x1fff8e5c   0x1fff8e5c   0x0000008c   Code   RO          297    i.gattServApp_ProcessWriteReq  gattservapp.o
    0x1fff8ee8   0x1fff8ee8   0x00000050   Code   RO          298    i.gattServApp_RegisterServiceCBs  gattservapp.o
    0x1fff8f38   0x1fff8f38   0x00000094   Code   RO          299    i.gattServApp_SetNumPrepareWrites  gattservapp.o
    0x1fff8fcc   0x1fff8fcc   0x00000060   Code   RO          300    i.gattServApp_WriteAttrCB  gattservapp.o
    0x1fff902c   0x1fff902c   0x00000028   Code   RO         2967    i.getPN23RandNumber  rf.lib(patch.o)
    0x1fff9054   0x1fff9054   0x00000114   Code   RO         2808    i.get_default_tm    app_datetime.o
    0x1fff9168   0x1fff9168   0x00000034   Code   RO         2543    i.get_key_matrix    kscan.o
    0x1fff919c   0x1fff919c   0x000000e0   Code   RO          592    i.ggs_ReadAttrCB    gapgattserver.o
    0x1fff927c   0x1fff927c   0x00000080   Code   RO          593    i.ggs_SetAttrWPermit  gapgattserver.o
    0x1fff92fc   0x1fff92fc   0x00000154   Code   RO          594    i.ggs_WriteAttrCB   gapgattserver.o
    0x1fff9450   0x1fff9450   0x000000c0   Code   RO         2201    i.hal_ADC_IRQHandler  adc.o
    0x1fff9510   0x1fff9510   0x000000a8   Code   RO         2544    i.hal_KSCAN_IRQHandler  kscan.o
    0x1fff95b8   0x1fff95b8   0x0000000a   Code   RO         1640    i.hal_SPI0_IRQHandler  spi.o
    0x1fff95c2   0x1fff95c2   0x0000000a   Code   RO         1641    i.hal_SPI1_IRQHandler  spi.o
    0x1fff95cc   0x1fff95cc   0x0000004c   Code   RO         1805    i.hal_UART0_IRQHandler  uart.o
    0x1fff9618   0x1fff9618   0x00000020   Code   RO         2204    i.hal_adc_init      adc.o
    0x1fff9638   0x1fff9638   0x000000a8   Code   RO         2207    i.hal_adc_stop      adc.o
    0x1fff96e0   0x1fff96e0   0x0000001a   Code   RO         1459    i.hal_cpyMem        common.o
    0x1fff96fa   COMPRESSED   0x00000002   PAD
    0x1fff96fc   0x1fff96fc   0x0000005c   Code   RO            5    i.hal_gpio_write_ram  main.o
    0x1fff9758   0x1fff9758   0x00000084   Code   RO            6    i.hal_init          main.o
    0x1fff97dc   0x1fff97dc   0x0000001c   Code   RO         2486    i.hal_pwm_close_channel  pwm.o
    0x1fff97f8   0x1fff97f8   0x0000008c   Code   RO         2487    i.hal_pwm_destroy   pwm.o
    0x1fff9884   0x1fff9884   0x0000007c   Code   RO         2488    i.hal_pwm_init      pwm.o
    0x1fff9900   0x1fff9900   0x0000002c   Code   RO         2489    i.hal_pwm_open_channel  pwm.o
    0x1fff992c   0x1fff992c   0x00000034   Code   RO         2490    i.hal_pwm_set_count_val  pwm.o
    0x1fff9960   0x1fff9960   0x0000002c   Code   RO         2491    i.hal_pwm_start     pwm.o
    0x1fff998c   0x1fff998c   0x0000002c   Code   RO         2492    i.hal_pwm_stop      pwm.o
    0x1fff99b8   0x1fff99b8   0x00000020   Code   RO         2378    i.hal_pwrmgr_RAM_retention  pwrmgr.o
    0x1fff99d8   0x1fff99d8   0x00000018   Code   RO         2379    i.hal_pwrmgr_RAM_retention_clr  pwrmgr.o
    0x1fff99f0   0x1fff99f0   0x0000001c   Code   RO         2380    i.hal_pwrmgr_RAM_retention_set  pwrmgr.o
    0x1fff9a0c   0x1fff9a0c   0x00000040   Code   RO         2381    i.hal_pwrmgr_init   pwrmgr.o
    0x1fff9a4c   0x1fff9a4c   0x00000068   Code   RO         2383    i.hal_pwrmgr_lock   pwrmgr.o
    0x1fff9ab4   0x1fff9ab4   0x00000054   Code   RO         2385    i.hal_pwrmgr_register  pwrmgr.o
    0x1fff9b08   0x1fff9b08   0x00000044   Code   RO         2386    i.hal_pwrmgr_sleep_process  pwrmgr.o
    0x1fff9b4c   0x1fff9b4c   0x00000080   Code   RO         2387    i.hal_pwrmgr_unlock  pwrmgr.o
    0x1fff9bcc   0x1fff9bcc   0x00000040   Code   RO         2389    i.hal_pwrmgr_wakeup_process  pwrmgr.o
    0x1fff9c0c   0x1fff9c0c   0x00000078   Code   RO            7    i.hal_rfphy_init    main.o
    0x1fff9c84   0x1fff9c84   0x00000064   Code   RO         2969    i.hal_rom_code_ini  rf.lib(patch.o)
    0x1fff9ce8   0x1fff9ce8   0x0000009c   Code   RO         2319    i.hal_rtc_clock_config  clock.o
    0x1fff9d84   0x1fff9d84   0x0000011c   Code   RO         1467    i.hal_system_init   common.o
    0x1fff9ea0   0x1fff9ea0   0x0000000c   Code   RO         2320    i.hal_systick       clock.o
    0x1fff9eac   0x1fff9eac   0x00000058   Code   RO         1807    i.hal_uart_init     uart.o
    0x1fff9f04   0x1fff9f04   0x00000028   Code   RO         1808    i.hal_uart_send_buff  uart.o
    0x1fff9f2c   0x1fff9f2c   0x00000034   Code   RO          983    i.handleConnStatusCB  ota_app_service.o
    0x1fff9f60   0x1fff9f60   0x00000044   Code   RO         1060    i.hard_fault        jump_table.o
    0x1fff9fa4   0x1fff9fa4   0x000001dc   Code   RO         2970    i.init_config       rf.lib(patch.o)
    0x1fffa180   0x1fffa180   0x00000068   Code   RO         1811    i.irq_rx_handler    uart.o
    0x1fffa1e8   0x1fffa1e8   0x000000a0   Code   RO         1812    i.irq_tx_empty_handler  uart.o
    0x1fffa288   0x1fffa288   0x0000009c   Code   RO         2550    i.kscan_compare_key  kscan.o
    0x1fffa324   0x1fffa324   0x0000001e   Code   RO         2971    i.llAdjSlaveLatencyValue  rf.lib(patch.o)
    0x1fffa342   COMPRESSED   0x00000002   PAD
    0x1fffa344   0x1fffa344   0x0000016c   Code   RO         2972    i.llProcessRxData1  rf.lib(patch.o)
    0x1fffa4b0   0x1fffa4b0   0x00000228   Code   RO         2973    i.llProcessSlaveControlPacket1  rf.lib(patch.o)
    0x1fffa6d8   0x1fffa6d8   0x00000284   Code   RO         2974    i.llProcessSlaveControlProcedures0  rf.lib(patch.o)
    0x1fffa95c   0x1fffa95c   0x0000006c   Code   RO         2975    i.llSetupAdv1       rf.lib(patch.o)
    0x1fffa9c8   0x1fffa9c8   0x00000194   Code   RO         2976    i.llSetupDirectedAdvEvt1  rf.lib(patch.o)
    0x1fffab5c   0x1fffab5c   0x00000088   Code   RO         2977    i.llSetupEncRsp0    rf.lib(patch.o)
    0x1fffabe4   0x1fffabe4   0x0000006c   Code   RO         2978    i.llSetupFeatureSetRsp1  rf.lib(patch.o)
    0x1fffac50   0x1fffac50   0x00000148   Code   RO         2979    i.llSetupNextSlaveEvent1  rf.lib(patch.o)
    0x1fffad98   0x1fffad98   0x00000038   Code   RO         2980    i.llSetupRejectInd1  rf.lib(patch.o)
    0x1fffadd0   0x1fffadd0   0x00000070   Code   RO         2981    i.llSetupTermInd1   rf.lib(patch.o)
    0x1fffae40   0x1fffae40   0x000000f8   Code   RO         2982    i.llSetupUndirectedAdvEvt1  rf.lib(patch.o)
    0x1fffaf38   0x1fffaf38   0x0000005c   Code   RO         2983    i.llSetupUnknownRsp1  rf.lib(patch.o)
    0x1fffaf94   0x1fffaf94   0x000001b8   Code   RO         2984    i.llSlaveEvt_TaskEndOk1  rf.lib(patch.o)
    0x1fffb14c   0x1fffb14c   0x00000064   Code   RO         2985    i.ll_adptive_adj_next_time  rf.lib(patch.o)
    0x1fffb1b0   0x1fffb1b0   0x00000098   Code   RO         2986    i.ll_adptive_smart_window  rf.lib(patch.o)
    0x1fffb248   0x1fffb248   0x00000090   Code   RO         2987    i.ll_hw_go1         rf.lib(patch.o)
    0x1fffb2d8   0x1fffb2d8   0x00000094   Code   RO          984    i.load_ota_version  ota_app_service.o
    0x1fffb36c   0x1fffb36c   0x0000001c   Code   RO            8    i.loop              main.o
    0x1fffb388   0x1fffb388   0x00000028   Code   RO            9    i.main              main.o
    0x1fffb3b0   0x1fffb3b0   0x0000022c   Code   RO         2988    i.move_to_slave_function1  rf.lib(patch.o)
    0x1fffb5dc   0x1fffb5dc   0x000000b0   Code   RO         1232    i.on_recieved_cmd_packet  wristservice.o
    0x1fffb68c   0x1fffb68c   0x00000068   Code   RO         1106    i.osalInitTasks     osal_wrist.o
    0x1fffb6f4   0x1fffb6f4   0x0000014c   Code   RO         2989    i.osal_pwrmgr_powerconserve1  rf.lib(patch.o)
    0x1fffb840   0x1fffb840   0x00000058   Code   RO         2699    i.osal_snv_read     osal_snv.o
    0x1fffb898   0x1fffb898   0x00000030   Code   RO          985    i.ota_ReadAttrCB    ota_app_service.o
    0x1fffb8c8   0x1fffb8c8   0x000000bc   Code   RO          986    i.ota_WriteAttrCB   ota_app_service.o
    0x1fffb984   0x1fffb984   0x00000060   Code   RO          987    i.ota_app_AddService  ota_app_service.o
    0x1fffb9e4   0x1fffb9e4   0x00000040   Code   RO         1585    i.phy_printf        my_printf.o
    0x1fffba24   0x1fffba24   0x00000018   Code   RO         1586    i.phy_printf_init   my_printf.o
    0x1fffba3c   0x1fffba3c   0x00000174   Code   RO         1587    i.print             my_printf.o
    0x1fffbbb0   0x1fffbbb0   0x00000038   Code   RO         1233    i.print_hex         wristservice.o
    0x1fffbbe8   0x1fffbbe8   0x00000038   Code   RO         2701    i.print_hex         osal_snv.o
    0x1fffbc20   0x1fffbc20   0x00000034   Code   RO         2809    i.print_hex         app_datetime.o
    0x1fffbc54   0x1fffbc54   0x00000034   Code   RO         1588    i.printchar         my_printf.o
    0x1fffbc88   0x1fffbc88   0x000000c6   Code   RO         1589    i.printi            my_printf.o
    0x1fffbd4e   0x1fffbd4e   0x00000082   Code   RO         1590    i.prints            my_printf.o
    0x1fffbdd0   0x1fffbdd0   0x00000104   Code   RO          988    i.process_cmd       ota_app_service.o
    0x1fffbed4   0x1fffbed4   0x00000060   Code   RO         2992    i.rc32k_calibration  rf.lib(patch.o)
    0x1fffbf34   0x1fffbf34   0x00000040   Code   RO         2993    i.rc32k_calibration_check  rf.lib(patch.o)
    0x1fffbf74   0x1fffbf74   0x00000070   Code   RO         2994    i.rc32k_tracking_check  rf.lib(patch.o)
    0x1fffbfe4   0x1fffbfe4   0x0000003c   Code   RO         3155    i.read_chip_id      rf.lib(flash_ext.o)
    0x1fffc020   0x1fffc020   0x00000040   Code   RO         3156    i.read_chip_mAddr   rf.lib(flash_ext.o)
    0x1fffc060   0x1fffc060   0x00000032   Code   RO          989    i.response          ota_app_service.o
    0x1fffc092   COMPRESSED   0x00000002   PAD
    0x1fffc094   0x1fffc094   0x00000028   Code   RO         2995    i.rf_calibrate1     rf.lib(patch.o)
    0x1fffc0bc   0x1fffc0bc   0x000000dc   Code   RO         3082    i.rf_phy_ana_cfg    rf.lib(rf_phy_driver.o)
    0x1fffc198   0x1fffc198   0x00000110   Code   RO         3083    i.rf_phy_bb_cfg     rf.lib(rf_phy_driver.o)
    0x1fffc2a8   0x1fffc2a8   0x00000030   Code   RO         3097    i.rf_phy_get_pktFoot  rf.lib(rf_phy_driver.o)
    0x1fffc2d8   0x1fffc2d8   0x0000001c   Code   RO         3098    i.rf_phy_ini        rf.lib(rf_phy_driver.o)
    0x1fffc2f4   0x1fffc2f4   0x00000034   Code   RO         3099    i.rf_phy_set_txPower  rf.lib(rf_phy_driver.o)
    0x1fffc328   0x1fffc328   0x00000108   Code   RO         3100    i.rf_rxDcoc_cfg     rf.lib(rf_phy_driver.o)
    0x1fffc430   0x1fffc430   0x0000009c   Code   RO         3103    i.rf_tpCal_gen_cap_arrary  rf.lib(rf_phy_driver.o)
    0x1fffc4cc   0x1fffc4cc   0x00000094   Code   RO         3104    i.rf_tp_cal         rf.lib(rf_phy_driver.o)
    0x1fffc560   0x1fffc560   0x00000014   Code   RO           10    i.rf_wakeup_handler  main.o
    0x1fffc574   0x1fffc574   0x00000056   Code   RO         2554    i.rmv_ghost_key     kscan.o
    0x1fffc5ca   COMPRESSED   0x00000002   PAD
    0x1fffc5cc   0x1fffc5cc   0x00000058   Code   RO          990    i.sendNotify        ota_app_service.o
    0x1fffc624   0x1fffc624   0x00000018   Code   RO          991    i.set_ota_mode      ota_app_service.o
    0x1fffc63c   0x1fffc63c   0x00000038   Code   RO         2702    i.snv_calc_addr     osal_snv.o
    0x1fffc674   0x1fffc674   0x0000018c   Code   RO         1662    i.spi_int_callback  spi.o
    0x1fffc800   0x1fffc800   0x00000038   Code   RO         1469    i.subWriteReg       common.o
    0x1fffc838   0x1fffc838   0x0000000c   Code   RO         2810    i.timer_cnt_get     app_datetime.o
    0x1fffc844   0x1fffc844   0x00000094   Code   RO         1813    i.txmit_buf_polling  uart.o
    0x1fffc8d8   0x1fffc8d8   0x000000a0   Code   RO         1814    i.txmit_buf_use_tx_buf  uart.o
    0x1fffc978   0x1fffc978   0x000000b4   Code   RO         1815    i.uart_hw_config    uart.o
    0x1fffca2c   0x1fffca2c   0x000001a8   Code   RO         2999    i.wakeupProcess1    rf.lib(patch.o)
    0x1fffcbd4   0x1fffcbd4   0x000000d8   Code   RO         3000    i.wakeup_init1      rf.lib(patch.o)
    0x1fffccac   0x1fffccac   0x00000038   Code   RO         1238    i.wristProfile_AddService  wristservice.o
    0x1fffcce4   0x1fffcce4   0x00000034   Code   RO         1239    i.wristProfile_HandleConnStatusCB  wristservice.o
    0x1fffcd18   0x1fffcd18   0x00000080   Code   RO         1240    i.wristProfile_Notify  wristservice.o
    0x1fffcd98   0x1fffcd98   0x0000007c   Code   RO         1241    i.wristProfile_ReadAttrCB  wristservice.o
    0x1fffce14   0x1fffce14   0x000000b0   Code   RO         1242    i.wristProfile_WriteAttrCB  wristservice.o
    0x1fffcec4   0x1fffcec4   0x000000c8   Code   RO           11    i.xip_test          main.o
    0x1fffcf8c   0x1fffcf8c   0x00000038   Data   RO           12    .constdata          main.o
    0x1fffcfc4   0x1fffcfc4   0x0000009c   Data   RO          195    .constdata          devinfoservice.o
    0x1fffd060   0x1fffd060   0x00000014   Data   RO          302    .constdata          gattservapp.o
    0x1fffd074   0x1fffd074   0x00000014   Data   RO          596    .constdata          gapgattserver.o
    0x1fffd088   0x1fffd088   0x00000044   Data   RO          992    .constdata          ota_app_service.o
    0x1fffd0cc   0x1fffd0cc   0x00000025   Data   RO         1107    .constdata          osal_wrist.o
    0x1fffd0f1   COMPRESSED   0x00000003   PAD
    0x1fffd0f4   0x1fffd0f4   0x0000001c   Data   RO         1244    .constdata          wristservice.o
    0x1fffd110   0x1fffd110   0x00000010   Data   RO         1592    .constdata          my_printf.o
    0x1fffd120   0x1fffd120   0x0000000c   Data   RO         1817    .constdata          uart.o
    0x1fffd12c   0x1fffd12c   0x00000009   Data   RO         2216    .constdata          adc.o
    0x1fffd135   COMPRESSED   0x00000003   PAD
    0x1fffd138   0x1fffd138   0x00000010   Data   RO         2756    .constdata          phy_console.o
    0x1fffd148   0x1fffd148   0x00000030   Data   RO         2812    .constdata          app_datetime.o
    0x1fffd178   0x1fffd178   0x0000000c   Data   RO         3245    .constdata          mc_p.l(mktime.o)
    0x1fffd184   0x1fffd184   0x0000000c   Data   RO         3569    .constdata          mc_p.l(localtime_i.o)
    0x1fffd190   0x1fffd190   0x00000081   Data   RO         3603    .constdata          mc_p.l(ctype_o.o)
    0x1fffd211   COMPRESSED   0x00000003   PAD
    0x1fffd214   0x1fffd214   0x00000004   Data   RO         3604    .constdata          mc_p.l(ctype_o.o)
    0x1fffd218   0x1fffd218   0x0000002d   Data   RO           13    .conststring        main.o
    0x1fffd245   COMPRESSED   0x00000003   PAD
    0x1fffd248   0x1fffd248   0x00000030   Data   RO         2813    .conststring        app_datetime.o
    0x1fffd278   0x1fffd278   0x00000050   Data   RO         3635    Region$$Table       anon$$obj.o
    0x1fffd2c8   COMPRESSED   0x00000148   Data   RW          196    .data               devinfoservice.o
    0x1fffd410   COMPRESSED   0x00000060   Data   RW          303    .data               gattservapp.o
    0x1fffd470   COMPRESSED   0x00000084   Data   RW          597    .data               gapgattserver.o
    0x1fffd4f4   COMPRESSED   0x00000068   Data   RW          672    .data               peripheral.o
    0x1fffd55c   COMPRESSED   0x00000026   Data   RW          809    .data               gapbondmgr.o
    0x1fffd582   COMPRESSED   0x00000002   PAD
    0x1fffd584   COMPRESSED   0x00000073   Data   RW          993    .data               ota_app_service.o
    0x1fffd5f7   COMPRESSED   0x00000001   PAD
    0x1fffd5f8   COMPRESSED   0x00000004   Data   RW         1108    .data               osal_wrist.o
    0x1fffd5fc   COMPRESSED   0x00000038   Data   RW         1145    .data               app_wrist.o
    0x1fffd634   COMPRESSED   0x000000ad   Data   RW         1245    .data               wristservice.o
    0x1fffd6e1   COMPRESSED   0x00000001   PAD
    0x1fffd6e2   COMPRESSED   0x00000006   Data   RW         1404    .data               led_light.o
    0x1fffd6e8   COMPRESSED   0x00000002   Data   RW         1593    .data               my_printf.o
    0x1fffd6ea   COMPRESSED   0x00000006   Data   RW         2217    .data               adc.o
    0x1fffd6f0   COMPRESSED   0x00000008   Data   RW         2392    .data               pwrmgr.o
    0x1fffd6f8   COMPRESSED   0x00000001   Data   RW         2557    .data               kscan.o
    0x1fffd6f9   COMPRESSED   0x00000003   PAD
    0x1fffd6fc   COMPRESSED   0x00000004   Data   RW         2910    .data               system_armcm0.o
    0x1fffd700   COMPRESSED   0x00000058   Data   RW         3005    .data               rf.lib(patch.o)
    0x1fffd758   COMPRESSED   0x00000038   Data   RW         3107    .data               rf.lib(rf_phy_driver.o)
    0x1fffd790   COMPRESSED   0x0000000a   Data   RW         3163    .data               rf.lib(flash_ext.o)
    0x1fffd79a   COMPRESSED   0x00000002   PAD
    0x1fffd79c   COMPRESSED   0x00000004   Data   RW         3254    .data               mc_p.l(strtok.o)
    0x1fffd7a0   COMPRESSED   0x00000004   Data   RW         3574    .data               mc_p.l(errno.o)
    0x1fffd7a4        -       0x00000210   Zero   RW          301    .bss                gattservapp.o
    0x1fffd9b4        -       0x00000016   Zero   RW          595    .bss                gapgattserver.o
    0x1fffd9ca        -       0x0000003f   Zero   RW          671    .bss                peripheral.o
    0x1fffda09   COMPRESSED   0x00000001   PAD
    0x1fffda0a        -       0x000000a6   Zero   RW          808    .bss                gapbondmgr.o
    0x1fffdab0        -       0x00000028   Zero   RW         1243    .bss                wristservice.o
    0x1fffdad8        -       0x00000078   Zero   RW         1591    .bss                my_printf.o
    0x1fffdb50        -       0x00000050   Zero   RW         1665    .bss                spi.o
    0x1fffdba0        -       0x00000020   Zero   RW         1816    .bss                uart.o
    0x1fffdbc0        -       0x000001c8   Zero   RW         2009    .bss                gpio.o
    0x1fffdd88        -       0x00000028   Zero   RW         2215    .bss                adc.o
    0x1fffddb0        -       0x00000078   Zero   RW         2391    .bss                pwrmgr.o
    0x1fffde28        -       0x00000062   Zero   RW         2555    .bss                kscan.o
    0x1fffde8a   COMPRESSED   0x00000002   PAD
    0x1fffde8c        -       0x0000040c   Zero   RW         2755    .bss                phy_console.o
    0x1fffe298        -       0x00000010   Zero   RW         2811    .bss                app_datetime.o
    0x1fffe2a8        -       0x000001bc   Zero   RW         3001    .bss                rf.lib(patch.o)
    0x1fffe464        -       0x00000028   Zero   RW         3106    .bss                rf.lib(rf_phy_driver.o)
    0x1fffe48c        -       0x00000041   Zero   RW         3162    .bss                rf.lib(flash_ext.o)
    0x1fffe4cd   COMPRESSED   0x00000003   PAD
    0x1fffe4d0        -       0x0000002c   Zero   RW         3566    .bss                mc_p.l(localtime_w.o)
    0x1fffe4fc   COMPRESSED   0x00000004   PAD
    0x1fffe500        -       0x00000500   Zero   RW         2899    STACK               startup_armcm0.o



  Load Region LR_IROM2 (Base: 0x11012000, Size: 0x00000f84, Max: 0x00010000, ABSOLUTE)

    Execution Region ER_IROM2 (Exec base: 0x11012000, Load base: 0x11012000, Size: 0x00000f84, Max: 0x00010000, ABSOLUTE)

    Exec Addr    Load Addr    Size         Type   Attr      Idx    E Section Name        Object

    0x11012000   0x11012000   0x0000000c   Ven    RO         3842    Veneer$$Code        anon$$obj.o
    0x1101200c   0x1101200c   0x0000000c   Ven    RO         3843    Veneer$$Code        anon$$obj.o
    0x11012018   0x11012018   0x0000000c   Ven    RO         3844    Veneer$$Code        anon$$obj.o
    0x11012024   0x11012024   0x0000000c   Ven    RO         3845    Veneer$$Code        anon$$obj.o
    0x11012030   0x11012030   0x0000000c   Ven    RO         3846    Veneer$$Code        anon$$obj.o
    0x1101203c   0x1101203c   0x0000000c   Ven    RO         3847    Veneer$$Code        anon$$obj.o
    0x11012048   0x11012048   0x0000000c   Ven    RO         3848    Veneer$$Code        anon$$obj.o
    0x11012054   0x11012054   0x0000000c   Ven    RO         3849    Veneer$$Code        anon$$obj.o
    0x11012060   0x11012060   0x0000000c   Ven    RO         3850    Veneer$$Code        anon$$obj.o
    0x1101206c   0x1101206c   0x0000000c   Ven    RO         3851    Veneer$$Code        anon$$obj.o
    0x11012078   0x11012078   0x0000000c   Ven    RO         3852    Veneer$$Code        anon$$obj.o
    0x11012084   0x11012084   0x0000000c   Ven    RO         3853    Veneer$$Code        anon$$obj.o
    0x11012090   0x11012090   0x0000000c   Ven    RO         3854    Veneer$$Code        anon$$obj.o
    0x1101209c   0x1101209c   0x0000000c   Ven    RO         3855    Veneer$$Code        anon$$obj.o
    0x110120a8   0x110120a8   0x0000000c   Ven    RO         3856    Veneer$$Code        anon$$obj.o
    0x110120b4   0x110120b4   0x0000000c   Ven    RO         3857    Veneer$$Code        anon$$obj.o
    0x110120c0   0x110120c0   0x0000000c   Ven    RO         3858    Veneer$$Code        anon$$obj.o
    0x110120cc   0x110120cc   0x0000000c   Ven    RO         3859    Veneer$$Code        anon$$obj.o
    0x110120d8   0x110120d8   0x0000000c   Ven    RO         3860    Veneer$$Code        anon$$obj.o
    0x110120e4   0x110120e4   0x0000000c   Ven    RO         3861    Veneer$$Code        anon$$obj.o
    0x110120f0   0x110120f0   0x0000000c   Ven    RO         3862    Veneer$$Code        anon$$obj.o
    0x110120fc   0x110120fc   0x0000000c   Ven    RO         3863    Veneer$$Code        anon$$obj.o
    0x11012108   0x11012108   0x0000000c   Ven    RO         3864    Veneer$$Code        anon$$obj.o
    0x11012114   0x11012114   0x0000000c   Ven    RO         3865    Veneer$$Code        anon$$obj.o
    0x11012120   0x11012120   0x0000000c   Ven    RO         3866    Veneer$$Code        anon$$obj.o
    0x1101212c   0x1101212c   0x0000000c   Ven    RO         3867    Veneer$$Code        anon$$obj.o
    0x11012138   0x11012138   0x0000000c   Ven    RO         3868    Veneer$$Code        anon$$obj.o
    0x11012144   0x11012144   0x0000000c   Ven    RO         3869    Veneer$$Code        anon$$obj.o
    0x11012150   0x11012150   0x0000000c   Ven    RO         3870    Veneer$$Code        anon$$obj.o
    0x1101215c   0x1101215c   0x0000000c   Ven    RO         3871    Veneer$$Code        anon$$obj.o
    0x11012168   0x11012168   0x0000000c   Ven    RO         3872    Veneer$$Code        anon$$obj.o
    0x11012174   0x11012174   0x0000000c   Ven    RO         3873    Veneer$$Code        anon$$obj.o
    0x11012180   0x11012180   0x0000012c   Code   RO         1137    i.WristGapStateCB   app_wrist.o
    0x110122ac   0x110122ac   0x00000018   Code   RO         1973    i.__NVIC_EnableIRQ  gpio.o
    0x110122c4   0x110122c4   0x00000078   Code   RO         1974    i.__NVIC_SetPriority  gpio.o
    0x1101233c   0x1101233c   0x00000154   Code   RO         1138    i.appWristInit      app_wrist.o
    0x11012490   0x11012490   0x0000008c   Code   RO         1139    i.appWristProcEvt   app_wrist.o
    0x1101251c   0x1101251c   0x00000002   Code   RO         1140    i.appWristProcOSALMsg  app_wrist.o
    0x1101251e   0x1101251e   0x00000002   PAD
    0x11012520   0x11012520   0x0000005c   Code   RO         1976    i.gpio_interrupt_enable  gpio.o
    0x1101257c   0x1101257c   0x00000060   Code   RO         1977    i.gpio_pin0to3_pin31to34_control  gpio.o
    0x110125dc   0x110125dc   0x00000048   Code   RO         1978    i.gpio_sleep_handler  gpio.o
    0x11012624   0x11012624   0x00000038   Code   RO         1979    i.gpio_wakeup_handler  gpio.o
    0x1101265c   0x1101265c   0x00000098   Code   RO         1980    i.gpioin_event      gpio.o
    0x110126f4   0x110126f4   0x0000004c   Code   RO         1981    i.gpioin_event_pin  gpio.o
    0x11012740   0x11012740   0x00000034   Code   RO         1982    i.gpioin_wakeup_trigger  gpio.o
    0x11012774   0x11012774   0x0000001c   Code   RO         1983    i.hal_GPIO_IRQHandler  gpio.o
    0x11012790   0x11012790   0x00000044   Code   RO         1985    i.hal_gpio_cfg_analog_io  gpio.o
    0x110127d4   0x110127d4   0x00000048   Code   RO         1986    i.hal_gpio_fmux     gpio.o
    0x1101281c   0x1101281c   0x00000040   Code   RO         1987    i.hal_gpio_fmux_set  gpio.o
    0x1101285c   0x1101285c   0x0000005c   Code   RO         1988    i.hal_gpio_init     gpio.o
    0x110128b8   0x110128b8   0x00000070   Code   RO         1997    i.hal_gpio_pin_init  gpio.o
    0x11012928   0x11012928   0x00000058   Code   RO         1998    i.hal_gpio_pull_set  gpio.o
    0x11012980   0x11012980   0x0000005c   Code   RO         1999    i.hal_gpio_read     gpio.o
    0x110129dc   0x110129dc   0x00000074   Code   RO         2001    i.hal_gpio_wakeup_set  gpio.o
    0x11012a50   0x11012a50   0x0000005c   Code   RO         2002    i.hal_gpio_write    gpio.o
    0x11012aac   0x11012aac   0x000000b4   Code   RO         2004    i.hal_gpioin_enable  gpio.o
    0x11012b60   0x11012b60   0x00000044   Code   RO         2007    i.io_wakeup_control  gpio.o
    0x11012ba4   0x11012ba4   0x00000024   Code   RO         1398    i.light_ctrl        led_light.o
    0x11012bc8   0x11012bc8   0x00000044   Code   RO         1399    i.light_init        led_light.o
    0x11012c0c   0x11012c0c   0x00000158   Code   RO         1400    i.light_reflash     led_light.o
    0x11012d64   0x11012d64   0x0000001c   Code   RO         1401    i.light_start_timer  led_light.o
    0x11012d80   0x11012d80   0x00000014   Code   RO         1402    i.light_stop_timer  led_light.o
    0x11012d94   0x11012d94   0x00000068   Code   RO         1403    i.light_timeout_handle  led_light.o
    0x11012dfc   0x11012dfc   0x0000001c   Code   RO         1141    i.loop              app_wrist.o
    0x11012e18   0x11012e18   0x00000044   Code   RO         2008    i.pad_pe_control    gpio.o
    0x11012e5c   0x11012e5c   0x00000012   Code   RO         1142    i.wristCB           app_wrist.o
    0x11012e6e   0x11012e6e   0x00000002   PAD
    0x11012e70   0x11012e70   0x000000c8   Code   RO         1143    i.xip_test          app_wrist.o
    0x11012f38   0x11012f38   0x0000004c   Data   RO         1144    .constdata          app_wrist.o



  Load Region LR_IROM3 (Base: 0x1fff0800, Size: 0x00000800, Max: 0x00000800, ABSOLUTE, COMPRESSED[0x0000040c])

    Execution Region JUMP_TABLE (Exec base: 0x1fff0800, Load base: 0x1fff0800, Size: 0x00000400, Max: 0x00000400, ABSOLUTE)

    Exec Addr    Load Addr    Size         Type   Attr      Idx    E Section Name        Object

    0x1fff0800   0x1fff0800   0x00000400   Data   RO         1063    jump_table_mem_area  jump_table.o


    Execution Region GOLBAL_CONFIG (Exec base: 0x1fff0c00, Load base: 0x1fff0c00, Size: 0x00000400, Max: 0x00000400, ABSOLUTE, COMPRESSED[0x0000000c])

    Exec Addr    Load Addr    Size         Type   Attr      Idx    E Section Name        Object

    0x1fff0c00   COMPRESSED   0x00000400   Data   RW         1062    global_config_area  jump_table.o

