Component: ARM Compiler 5.06 update 6 (build 750) Tool: armlink [4d35ed]

==============================================================================

Section Cross References

    main.o(i.hal_init) refers to common.o(i.hal_system_init) for hal_system_init
    main.o(i.hal_init) refers to clock.o(i.hal_rtc_clock_config) for hal_rtc_clock_config
    main.o(i.hal_init) refers to gpio.o(i.hal_gpio_init) for hal_gpio_init
    main.o(i.hal_init) refers to my_printf.o(i.phy_printf_init) for phy_printf_init
    main.o(i.hal_init) refers to my_printf.o(i.phy_printf) for phy_printf
    main.o(i.hal_init) refers to rf_phy_driver.o(.data) for g_system_clk
    main.o(i.hal_rfphy_init) refers to patch.o(i.hal_rom_code_ini) for hal_rom_code_ini
    main.o(i.hal_rfphy_init) refers to gpio.o(i.hal_gpio_pull_set) for hal_gpio_pull_set
    main.o(i.hal_rfphy_init) refers to common.o(i.subWriteReg) for subWriteReg
    main.o(i.hal_rfphy_init) refers to main.o(i.__NVIC_SetPriority) for __NVIC_SetPriority
    main.o(i.hal_rfphy_init) refers to patch.o(.data) for pGlobal_config
    main.o(i.hal_rfphy_init) refers to rf_phy_driver.o(.data) for g_rfPhyTxPower
    main.o(i.main) refers to patch.o(i.init_config) for init_config
    main.o(i.main) refers to pwrmgr.o(i.hal_pwrmgr_init) for hal_pwrmgr_init
    main.o(i.main) refers to main.o(i.hal_rfphy_init) for hal_rfphy_init
    main.o(i.main) refers to main.o(i.hal_init) for hal_init
    main.o(i.main) refers to ota_protocol.o(i.otaProtocol_BootMode) for otaProtocol_BootMode
    main.o(i.main) refers to ota_main.o(i.ota_main) for ota_main
    main.o(i.main) refers to rf_phy_driver.o(.data) for g_system_clk
    devinfoservice.o(i.DevInfo_AddService) refers to gattservapp.o(i.GATTServApp_RegisterService) for GATTServApp_RegisterService
    devinfoservice.o(i.DevInfo_AddService) refers to devinfoservice.o(.constdata) for .constdata
    devinfoservice.o(i.DevInfo_AddService) refers to devinfoservice.o(.data) for .data
    devinfoservice.o(i.DevInfo_GetParameter) refers to devinfoservice.o(.data) for .data
    devinfoservice.o(i.DevInfo_GetParameter) refers to devinfoservice.o(.constdata) for .constdata
    devinfoservice.o(i.DevInfo_SetParameter) refers to devinfoservice.o(.data) for .data
    devinfoservice.o(i.devInfo_ReadAttrCB) refers to devinfoservice.o(.data) for .data
    devinfoservice.o(i.devInfo_ReadAttrCB) refers to devinfoservice.o(.constdata) for .constdata
    devinfoservice.o(.constdata) refers to devinfoservice.o(.constdata) for devInfoServUUID
    devinfoservice.o(.constdata) refers to devinfoservice.o(i.devInfo_ReadAttrCB) for devInfo_ReadAttrCB
    devinfoservice.o(.data) refers to devinfoservice.o(.constdata) for devInfoService
    devinfoservice.o(.data) refers to devinfoservice.o(.data) for devInfoSystemIdProps
    devinfoservice.o(.data) refers to devinfoservice.o(.constdata) for devInfoSystemIdUUID
    devinfoservice.o(.data) refers to devinfoservice.o(.data) for devInfoModelNumberProps
    devinfoservice.o(.data) refers to devinfoservice.o(.constdata) for devInfoModelNumberUUID
    devinfoservice.o(.data) refers to devinfoservice.o(.constdata) for devInfoModelNumber
    devinfoservice.o(.data) refers to devinfoservice.o(.data) for devInfoSerialNumberProps
    devinfoservice.o(.data) refers to devinfoservice.o(.constdata) for devInfoSerialNumberUUID
    devinfoservice.o(.data) refers to devinfoservice.o(.data) for devInfoFirmwareRevProps
    devinfoservice.o(.data) refers to devinfoservice.o(.constdata) for devInfoFirmwareRevUUID
    devinfoservice.o(.data) refers to devinfoservice.o(.data) for devInfoHardwareRevProps
    devinfoservice.o(.data) refers to devinfoservice.o(.constdata) for devInfoHardwareRevUUID
    devinfoservice.o(.data) refers to devinfoservice.o(.data) for devInfoSoftwareRevProps
    devinfoservice.o(.data) refers to devinfoservice.o(.constdata) for devInfoSoftwareRevUUID
    devinfoservice.o(.data) refers to devinfoservice.o(.data) for devInfoMfrNameProps
    devinfoservice.o(.data) refers to devinfoservice.o(.constdata) for devInfoMfrNameUUID
    devinfoservice.o(.data) refers to devinfoservice.o(.data) for devInfo11073CertProps
    devinfoservice.o(.data) refers to devinfoservice.o(.constdata) for devInfo11073CertUUID
    devinfoservice.o(.data) refers to devinfoservice.o(.data) for devInfoPnpIdProps
    devinfoservice.o(.data) refers to devinfoservice.o(.constdata) for devInfoPnpIdUUID
    gattservapp.o(i.GATTServApp_AddService) refers to gattservapp.o(i.GATTServApp_RegisterService) for GATTServApp_RegisterService
    gattservapp.o(i.GATTServApp_AddService) refers to gattservapp.o(.constdata) for .constdata
    gattservapp.o(i.GATTServApp_AddService) refers to gattservapp.o(.data) for .data
    gattservapp.o(i.GATTServApp_DelService) refers to gattservapp.o(i.GATTServApp_DeregisterService) for GATTServApp_DeregisterService
    gattservapp.o(i.GATTServApp_DelService) refers to gattservapp.o(.data) for .data
[...]
    Long Thumb to Thumb Veneer to __aeabi_uidivmod 0x20008415   Thumb Code    12  anon$$obj.o(Veneer$$Code)
    Long Thumb to Thumb Veneer to ll_hw_get_anchor 0x20008421   Thumb Code    12  anon$$obj.o(Veneer$$Code)
    Long Thumb to Thumb Veneer to ll_hw_get_txAck 0x2000842d   Thumb Code    12  anon$$obj.o(Veneer$$Code)
    Long Thumb to Thumb Veneer to ll_hw_update 0x20008439   Thumb Code    12  anon$$obj.o(Veneer$$Code)
    Long Thumb to Thumb Veneer to ll_hw_get_nAck 0x20008445   Thumb Code    12  anon$$obj.o(Veneer$$Code)
    Long Thumb to Thumb Veneer to ll_hw_get_rxPkt_stats 0x20008451   Thumb Code    12  anon$$obj.o(Veneer$$Code)
    Long Thumb to Thumb Veneer to ll_hw_process_RTO 0x2000845d   Thumb Code    12  anon$$obj.o(Veneer$$Code)
    Long Thumb to Thumb Veneer to ll_hw_read_tfifo_rtlp 0x20008469   Thumb Code    12  anon$$obj.o(Veneer$$Code)
    Long Thumb to Thumb Veneer to ll_read_rxfifo 0x20008475   Thumb Code    12  anon$$obj.o(Veneer$$Code)
    Long Thumb to Thumb Veneer to llSlaveEvt_TaskEndOk 0x20008481   Thumb Code    12  anon$$obj.o(Veneer$$Code)
    Long Thumb to Thumb Veneer to llResetRfCounters 0x2000848d   Thumb Code    12  anon$$obj.o(Veneer$$Code)
    Long Thumb to Thumb Veneer to set_crc_seed 0x20008499   Thumb Code    12  anon$$obj.o(Veneer$$Code)
    Long Thumb to Thumb Veneer to set_access_address 0x200084a5   Thumb Code    12  anon$$obj.o(Veneer$$Code)
    Long Thumb to Thumb Veneer to set_channel 0x200084b1   Thumb Code    12  anon$$obj.o(Veneer$$Code)
    Long Thumb to Thumb Veneer to set_whiten_seed 0x200084bd   Thumb Code    12  anon$$obj.o(Veneer$$Code)
    Long Thumb to Thumb Veneer to ll_hw_set_rx_timeout_1st 0x200084c9   Thumb Code    12  anon$$obj.o(Veneer$$Code)
    Long Thumb to Thumb Veneer to ll_hw_set_loop_timeout 0x200084d5   Thumb Code    12  anon$$obj.o(Veneer$$Code)
    Long Thumb to Thumb Veneer to ll_hw_set_loop_nack_num 0x200084e1   Thumb Code    12  anon$$obj.o(Veneer$$Code)
    Long Thumb to Thumb Veneer to ll_hw_ign_rfifo 0x200084ed   Thumb Code    12  anon$$obj.o(Veneer$$Code)
    Long Thumb to Thumb Veneer to ll_generateTxBuffer 0x200084f9   Thumb Code    12  anon$$obj.o(Veneer$$Code)
    Long Thumb to Thumb Veneer to ll_hw_config 0x20008505   Thumb Code    12  anon$$obj.o(Veneer$$Code)
    Long Thumb to Thumb Veneer to clearTimerInt 0x20008511   Thumb Code    12  anon$$obj.o(Veneer$$Code)
    Long Thumb to Thumb Veneer to clear_timer 0x2000851d   Thumb Code    12  anon$$obj.o(Veneer$$Code)
    Long Thumb to Thumb Veneer to LL_evt_schedule 0x20008529   Thumb Code    12  anon$$obj.o(Veneer$$Code)
    Long Thumb to Thumb Veneer to config_RTC 0x20008535   Thumb Code    12  anon$$obj.o(Veneer$$Code)
    Long Thumb to Thumb Veneer to set_sleep_flag 0x20008541   Thumb Code    12  anon$$obj.o(Veneer$$Code)
    Long Thumb to Thumb Veneer to enter_sleep_off_mode 0x2000854d   Thumb Code    12  anon$$obj.o(Veneer$$Code)
    Long Thumb to Thumb Veneer to L2CAP_ConnParamUpdateReq 0x20008559   Thumb Code    12  anon$$obj.o(Veneer$$Code)
    Long Thumb to Thumb Veneer to ATT_ExecuteWriteRsp 0x20008565   Thumb Code    12  anon$$obj.o(Veneer$$Code)
    Long Thumb to Thumb Veneer to GATT_FindHandleUUID 0x20008571   Thumb Code    12  anon$$obj.o(Veneer$$Code)
    Long Thumb to Thumb Veneer to osal_memcmp 0x2000857d   Thumb Code    12  anon$$obj.o(Veneer$$Code)
    Long Thumb to Thumb Veneer to ATT_FindByTypeValueRsp 0x20008589   Thumb Code    12  anon$$obj.o(Veneer$$Code)
    Long Thumb to Thumb Veneer to ATT_ExchangeMTURsp 0x20008595   Thumb Code    12  anon$$obj.o(Veneer$$Code)
    Long Thumb to Thumb Veneer to ATT_ReadRsp 0x200085a1   Thumb Code    12  anon$$obj.o(Veneer$$Code)
    Long Thumb to Thumb Veneer to ATT_ReadBlobRsp 0x200085ad   Thumb Code    12  anon$$obj.o(Veneer$$Code)
    Long Thumb to Thumb Veneer to ATT_ErrorRsp 0x200085b9   Thumb Code    12  anon$$obj.o(Veneer$$Code)
    Long Thumb to Thumb Veneer to GATT_AppCompletedMsg 0x200085c5   Thumb Code    12  anon$$obj.o(Veneer$$Code)
    Long Thumb to Thumb Veneer to ATT_PrepareWriteRsp 0x200085d1   Thumb Code    12  anon$$obj.o(Veneer$$Code)
    Long Thumb to Thumb Veneer to GATT_VerifyReadPermissions 0x200085dd   Thumb Code    12  anon$$obj.o(Veneer$$Code)
    Long Thumb to Thumb Veneer to ATT_ReadByGrpTypeRsp 0x200085e9   Thumb Code    12  anon$$obj.o(Veneer$$Code)
    Long Thumb to Thumb Veneer to ATT_ReadByTypeRsp 0x200085f5   Thumb Code    12  anon$$obj.o(Veneer$$Code)
    Long Thumb to Thumb Veneer to ATT_ReadMultiRsp 0x20008601   Thumb Code    12  anon$$obj.o(Veneer$$Code)
    Long Thumb to Thumb Veneer to ATT_WriteRsp 0x2000860d   Thumb Code    12  anon$$obj.o(Veneer$$Code)
    Long Thumb to Thumb Veneer to disableSleep 0x20008619   Thumb Code    12  anon$$obj.o(Veneer$$Code)
    Long Thumb to Thumb Veneer to enableSleep 0x20008625   Thumb Code    12  anon$$obj.o(Veneer$$Code)
    Long Thumb to Thumb Veneer to boot_init  0x20008631   Thumb Code    12  anon$$obj.o(Veneer$$Code)
    Long Thumb to Thumb Veneer to wakeup_init 0x2000863d   Thumb Code    12  anon$$obj.o(Veneer$$Code)
    Long Thumb to Thumb Veneer to getRxBufferSize 0x20008649   Thumb Code    12  anon$$obj.o(Veneer$$Code)
    Long Thumb to Thumb Veneer to get_rx_read_ptr 0x20008655   Thumb Code    12  anon$$obj.o(Veneer$$Code)
    Long Thumb to Thumb Veneer to LL_RX_bm_alloc 0x20008661   Thumb Code    12  anon$$obj.o(Veneer$$Code)
    Long Thumb to Thumb Veneer to LL_ENC_Decrypt 0x2000866d   Thumb Code    12  anon$$obj.o(Veneer$$Code)
    Long Thumb to Thumb Veneer to LL_RxDataCompleteCback 0x20008679   Thumb Code    12  anon$$obj.o(Veneer$$Code)
    Long Thumb to Thumb Veneer to update_rx_read_ptr 0x20008685   Thumb Code    12  anon$$obj.o(Veneer$$Code)
    Long Thumb to Thumb Veneer to llConnTerminate 0x20008691   Thumb Code    12  anon$$obj.o(Veneer$$Code)
    Long Thumb to Thumb Veneer to osal_bm_free 0x2000869d   Thumb Code    12  anon$$obj.o(Veneer$$Code)
    Long Thumb to Thumb Veneer to llProcessMasterControlPacket 0x200086a9   Thumb Code    12  anon$$obj.o(Veneer$$Code)
    Long Thumb to Thumb Veneer to llProcessSlaveControlPacket 0x200086b5   Thumb Code    12  anon$$obj.o(Veneer$$Code)
    Long Thumb to Thumb Veneer to llMemCopySrc 0x200086c1   Thumb Code    12  anon$$obj.o(Veneer$$Code)
    Long Thumb to Thumb Veneer to LL_ENC_ReverseBytes 0x200086cd   Thumb Code    12  anon$$obj.o(Veneer$$Code)
    Long Thumb to Thumb Veneer to LL_ENC_GenDeviceSKD 0x200086d9   Thumb Code    12  anon$$obj.o(Veneer$$Code)
    Long Thumb to Thumb Veneer to LL_ENC_GenDeviceIV 0x200086e5   Thumb Code    12  anon$$obj.o(Veneer$$Code)
    Long Thumb to Thumb Veneer to LL_ENC_GenerateTrueRandNum 0x200086f1   Thumb Code    12  anon$$obj.o(Veneer$$Code)
    Long Thumb to Thumb Veneer to llEnqueueCtrlPkt 0x200086fd   Thumb Code    12  anon$$obj.o(Veneer$$Code)
    Long Thumb to Thumb Veneer to llDequeueCtrlPkt 0x20008709   Thumb Code    12  anon$$obj.o(Veneer$$Code)
    Long Thumb to Thumb Veneer to LL_EncLtkReqCback 0x20008715   Thumb Code    12  anon$$obj.o(Veneer$$Code)
    Long Thumb to Thumb Veneer to LL_ENC_AES128_Encrypt 0x20008721   Thumb Code    12  anon$$obj.o(Veneer$$Code)
    Long Thumb to Thumb Veneer to llReplaceCtrlPkt 0x2000872d   Thumb Code    12  anon$$obj.o(Veneer$$Code)
    Long Thumb to Thumb Veneer to llSetupStartEncReq 0x20008739   Thumb Code    12  anon$$obj.o(Veneer$$Code)
    Long Thumb to Thumb Veneer to llSetupStartEncRsp 0x20008745   Thumb Code    12  anon$$obj.o(Veneer$$Code)
    Long Thumb to Thumb Veneer to LL_EncChangeCback 0x20008751   Thumb Code    12  anon$$obj.o(Veneer$$Code)
    Long Thumb to Thumb Veneer to LL_EncKeyRefreshCback 0x2000875d   Thumb Code    12  anon$$obj.o(Veneer$$Code)
    Long Thumb to Thumb Veneer to llSetupPauseEncRsp 0x20008769   Thumb Code    12  anon$$obj.o(Veneer$$Code)
    Long Thumb to Thumb Veneer to llSetupFeatureSetReq 0x20008775   Thumb Code    12  anon$$obj.o(Veneer$$Code)
    Long Thumb to Thumb Veneer to LL_ReadRemoteUsedFeaturesCompleteCback 0x20008781   Thumb Code    12  anon$$obj.o(Veneer$$Code)
    Long Thumb to Thumb Veneer to llSetupVersionIndReq 0x2000878d   Thumb Code    12  anon$$obj.o(Veneer$$Code)
    Long Thumb to Thumb Veneer to LL_ReadRemoteVersionInfoCback 0x20008799   Thumb Code    12  anon$$obj.o(Veneer$$Code)
    Long Thumb to Thumb Veneer to llSetupDirectedAdvEvt 0x200087a5   Thumb Code    12  anon$$obj.o(Veneer$$Code)
    Long Thumb to Thumb Veneer to llSetupUndirectedAdvEvt 0x200087b1   Thumb Code    12  anon$$obj.o(Veneer$$Code)
    Long Thumb to Thumb Veneer to llSetupNonConnectableAdvEvt 0x200087bd   Thumb Code    12  anon$$obj.o(Veneer$$Code)
    Long Thumb to Thumb Veneer to llSetupScannableAdvEvt 0x200087c9   Thumb Code    12  anon$$obj.o(Veneer$$Code)
    Long Thumb to Thumb Veneer to llGetNextAdvChn 0x200087d5   Thumb Code    12  anon$$obj.o(Veneer$$Code)
    Long Thumb to Thumb Veneer to LL_Reset   0x200087e1   Thumb Code    12  anon$$obj.o(Veneer$$Code)
    Long Thumb to Thumb Veneer to set_max_length 0x200087ed   Thumb Code    12  anon$$obj.o(Veneer$$Code)
    Long Thumb to Thumb Veneer to ll_hw_set_trx 0x200087f9   Thumb Code    12  anon$$obj.o(Veneer$$Code)
    Long Thumb to Thumb Veneer to getTxBufferSize 0x20008805   Thumb Code    12  anon$$obj.o(Veneer$$Code)
    Long Thumb to Thumb Veneer to llMemCopyDst 0x20008811   Thumb Code    12  anon$$obj.o(Veneer$$Code)
    Long Thumb to Thumb Veneer to LL_ENC_Encrypt 0x2000881d   Thumb Code    12  anon$$obj.o(Veneer$$Code)
    Long Thumb to Thumb Veneer to llCheckForLstoDuringSL 0x20008829   Thumb Code    12  anon$$obj.o(Veneer$$Code)
    Long Thumb to Thumb Veneer to llEventInRange 0x20008835   Thumb Code    12  anon$$obj.o(Veneer$$Code)
    Long Thumb to Thumb Veneer to llConvertLstoToEvent 0x20008841   Thumb Code    12  anon$$obj.o(Veneer$$Code)
    Long Thumb to Thumb Veneer to llEventDelta 0x2000884d   Thumb Code    12  anon$$obj.o(Veneer$$Code)
    Long Thumb to Thumb Veneer to LL_ConnParamUpdateCback 0x20008859   Thumb Code    12  anon$$obj.o(Veneer$$Code)
    Long Thumb to Thumb Veneer to llConvertCtrlProcTimeoutToEvent 0x20008865   Thumb Code    12  anon$$obj.o(Veneer$$Code)
    Long Thumb to Thumb Veneer to llCalcTimerDrift 0x20008871   Thumb Code    12  anon$$obj.o(Veneer$$Code)
    Long Thumb to Thumb Veneer to llSetNextDataChan 0x2000887d   Thumb Code    12  anon$$obj.o(Veneer$$Code)
    Long Thumb to Thumb Veneer to get_timer3_count 0x20008889   Thumb Code    12  anon$$obj.o(Veneer$$Code)
    Long Thumb to Thumb Veneer to llProcessRxData 0x20008895   Thumb Code    12  anon$$obj.o(Veneer$$Code)
    Long Thumb to Thumb Veneer to llProcessSlaveControlProcedures 0x200088a1   Thumb Code    12  anon$$obj.o(Veneer$$Code)
    Long Thumb to Thumb Veneer to llProcessTxData 0x200088ad   Thumb Code    12  anon$$obj.o(Veneer$$Code)
    Long Thumb to Thumb Veneer to llSetupNextSlaveEvent 0x200088b9   Thumb Code    12  anon$$obj.o(Veneer$$Code)
    Long Thumb to Thumb Veneer to LL_set_default_conn_params 0x200088c5   Thumb Code    12  anon$$obj.o(Veneer$$Code)
    Long Thumb to Thumb Veneer to reset_conn_buf 0x200088d1   Thumb Code    12  anon$$obj.o(Veneer$$Code)
    Long Thumb to Thumb Veneer to llProcessChanMap 0x200088dd   Thumb Code    12  anon$$obj.o(Veneer$$Code)
    Long Thumb to Thumb Veneer to llGetNextDataChan 0x200088e9   Thumb Code    12  anon$$obj.o(Veneer$$Code)
    Long Thumb to Thumb Veneer to LL_Init    0x200088f5   Thumb Code    12  anon$$obj.o(Veneer$$Code)
    Long Thumb to Thumb Veneer to HCI_Init   0x20008901   Thumb Code    12  anon$$obj.o(Veneer$$Code)
    Long Thumb to Thumb Veneer to L2CAP_Init 0x2000890d   Thumb Code    12  anon$$obj.o(Veneer$$Code)
    Long Thumb to Thumb Veneer to GAP_Init   0x20008919   Thumb Code    12  anon$$obj.o(Veneer$$Code)
    Long Thumb to Thumb Veneer to GATT_Init  0x20008925   Thumb Code    12  anon$$obj.o(Veneer$$Code)
    Long Thumb to Thumb Veneer to SM_Init    0x20008931   Thumb Code    12  anon$$obj.o(Veneer$$Code)
    Long Thumb to Thumb Veneer to isSleepAllow 0x2000893d   Thumb Code    12  anon$$obj.o(Veneer$$Code)
    Long Thumb to Thumb Veneer to osal_next_timeout 0x20008949   Thumb Code    12  anon$$obj.o(Veneer$$Code)
    Long Thumb to Thumb Veneer to read_LL_remainder_time 0x20008955   Thumb Code    12  anon$$obj.o(Veneer$$Code)
    Long Thumb to Thumb Veneer to getSleepMode 0x20008961   Thumb Code    12  anon$$obj.o(Veneer$$Code)
    Long Thumb to Thumb Veneer to enterSleepProcess 0x2000896d   Thumb Code    12  anon$$obj.o(Veneer$$Code)
    Long Thumb to Thumb Veneer to GATT_Notification 0x20008979   Thumb Code    12  anon$$obj.o(Veneer$$Code)
    Long Thumb to Thumb Veneer to osal_init_system 0x20008985   Thumb Code    12  anon$$obj.o(Veneer$$Code)
    Long Thumb to Thumb Veneer to osal_pwrmgr_device 0x20008991   Thumb Code    12  anon$$obj.o(Veneer$$Code)
    Long Thumb to Thumb Veneer to osal_start_system 0x2000899d   Thumb Code    12  anon$$obj.o(Veneer$$Code)
    Long Thumb to Thumb Veneer to strlen     0x200089a9   Thumb Code    12  anon$$obj.o(Veneer$$Code)
    Long Thumb to Thumb Veneer to ll_hw_set_rx_tx_interval 0x200089b5   Thumb Code    12  anon$$obj.o(Veneer$$Code)
    Long Thumb to Thumb Veneer to ll_hw_set_tx_rx_interval 0x200089c1   Thumb Code    12  anon$$obj.o(Veneer$$Code)
    Long Thumb to Thumb Veneer to rf_init    0x200089cd   Thumb Code    12  anon$$obj.o(Veneer$$Code)
    Long Thumb to Thumb Veneer to osalTimeUpdate 0x200089d9   Thumb Code    12  anon$$obj.o(Veneer$$Code)
    Long Thumb to Thumb Veneer to set_timer1 0x200089e5   Thumb Code    12  anon$$obj.o(Veneer$$Code)
    Long Thumb to Thumb Veneer to app_wakeup_process 0x200089f1   Thumb Code    12  anon$$obj.o(Veneer$$Code)
    Long Thumb to Thumb Veneer to set_timer  0x200089fd   Thumb Code    12  anon$$obj.o(Veneer$$Code)
    Long Thumb to Thumb Veneer to ll_hw_set_empty_head 0x20008a09   Thumb Code    12  anon$$obj.o(Veneer$$Code)
    Long Thumb to Thumb Veneer to ll_hw_set_rx_timeout 0x20008a15   Thumb Code    12  anon$$obj.o(Veneer$$Code)
    Long Thumb to Thumb Veneer to ll_hw_set_timing 0x20008a21   Thumb Code    12  anon$$obj.o(Veneer$$Code)
    DevInfo_AddService                       0x20008a2d   Thumb Code    14  devinfoservice.o(i.DevInfo_AddService)
    DevInfo_SetParameter                     0x20008a45   Thumb Code    28  devinfoservice.o(i.DevInfo_SetParameter)
    GAPBondMgr_LinkEst                       0x20008a65   Thumb Code     4  ota.o(i.GAPBondMgr_LinkEst)
    GAPRole_GetParameter                     0x20008a69   Thumb Code   222  peripheral.o(i.GAPRole_GetParameter)
    GAPRole_Init                             0x20008b51   Thumb Code    58  peripheral.o(i.GAPRole_Init)
    GAPRole_ProcessEvent                     0x20008b95   Thumb Code   238  peripheral.o(i.GAPRole_ProcessEvent)
    GAPRole_SendUpdateParam                  0x20008c89   Thumb Code    80  peripheral.o(i.GAPRole_SendUpdateParam)
    GAPRole_SetParameter                     0x20008ce1   Thumb Code   518  peripheral.o(i.GAPRole_SetParameter)
    GAPRole_StartDevice                      0x20008ef5   Thumb Code    48  peripheral.o(i.GAPRole_StartDevice)
    GAPRole_TerminateConnection              0x20008f2d   Thumb Code    26  peripheral.o(i.GAPRole_TerminateConnection)
    GAP_DeviceInit                           0x20008f4d   Thumb Code    54  gap.o(i.GAP_DeviceInit)
    GATTServApp_AddService                   0x20008f85   Thumb Code    22  gattservapp.o(i.GATTServApp_AddService)
    GATTServApp_Init                         0x20008fa5   Thumb Code    62  gattservapp.o(i.GATTServApp_Init)
    GATTServApp_InitCharCfg                  0x20008ff1   Thumb Code    44  gattservapp.o(i.GATTServApp_InitCharCfg)
    GATTServApp_ProcessCCCWriteReq           0x20009021   Thumb Code    88  gattservapp.o(i.GATTServApp_ProcessCCCWriteReq)
    GATTServApp_ProcessEvent                 0x20009079   Thumb Code    50  gattservapp.o(i.GATTServApp_ProcessEvent)
    GATTServApp_ReadAttr                     0x200090b1   Thumb Code   534  gattservapp.o(i.GATTServApp_ReadAttr)
    GATTServApp_ReadCharCfg                  0x200092d5   Thumb Code    14  gattservapp.o(i.GATTServApp_ReadCharCfg)
    GATTServApp_RegisterService              0x200092e5   Thumb Code    86  gattservapp.o(i.GATTServApp_RegisterService)
    GATTServApp_SendCCCUpdatedEvent          0x20009341   Thumb Code    50  gattservapp.o(i.GATTServApp_SendCCCUpdatedEvent)
    GATTServApp_WriteAttr                    0x20009379   Thumb Code    62  gattservapp.o(i.GATTServApp_WriteAttr)
    GATTServApp_WriteCharCfg                 0x200093b9   Thumb Code    40  gattservapp.o(i.GATTServApp_WriteCharCfg)
    GGS_AddService                           0x200093e5   Thumb Code    22  gapgattserver.o(i.GGS_AddService)
    GGS_SetParameter                         0x20009405   Thumb Code   126  gapgattserver.o(i.GGS_SetParameter)
    HeartRate_HandleConnStatusCB             0x2000948d   Thumb Code    40  heartrateservice.o(i.HeartRate_HandleConnStatusCB)
    LL_ENC_Decrypt0                          0x200094bd   Thumb Code   318  patch.o(i.LL_ENC_Decrypt0)
    LL_ENC_Encrypt0                          0x2000960d   Thumb Code   316  patch.o(i.LL_ENC_Encrypt0)
    LL_IRQHandler1                           0x20009755   Thumb Code  1484  patch.o(i.LL_IRQHandler1)
    LL_SetAdvParam1                          0x20009d45   Thumb Code   570  patch.o(i.LL_SetAdvParam1)
    LL_set_default_conn_params1              0x20009f99   Thumb Code    58  patch.o(i.LL_set_default_conn_params1)
    LL_slave_conn_event1                     0x20009fdd   Thumb Code   346  patch.o(i.LL_slave_conn_event1)
    ProgramWord                              0x2000a155   Thumb Code   164  flash_ext.o(i.ProgramWord)
    SystemInit                               0x2000a1fd   Thumb Code     8  system_armcm0.o(i.SystemInit)
    TIM0_IRQHandler1                         0x2000a20d   Thumb Code   106  patch.o(i.TIM0_IRQHandler1)
    WaitRTCCount                             0x2000a289   Thumb Code    38  common.o(i.WaitRTCCount)
    WriteFlash                               0x2000a2b5   Thumb Code    24  flash_ext.o(i.WriteFlash)
    __scatterload_copy                       0x2000a389   Thumb Code    14  handlers.o(i.__scatterload_copy)
    __scatterload_null                       0x2000a397   Thumb Code     2  handlers.o(i.__scatterload_null)
    __scatterload_zeroinit                   0x2000a399   Thumb Code    14  handlers.o(i.__scatterload_zeroinit)
    arry_sort                                0x2000a3a7   Thumb Code    54  patch.o(i.arry_sort)
    boot_init1                               0x2000a3dd   Thumb Code    64  patch.o(i.boot_init1)
    check_chip_id                            0x2000a429   Thumb Code    26  flash_ext.o(i.check_chip_id)
    check_chip_mAddr                         0x2000a449   Thumb Code    26  flash_ext.o(i.check_chip_mAddr)
    check_internal_bus_busy                  0x2000a469   Thumb Code    34  flash_ext.o(i.check_internal_bus_busy)
    clk_gate_enable                          0x2000a4fd   Thumb Code    20  clock.o(i.clk_gate_enable)
    clk_pclk                                 0x2000a511   Thumb Code     6  clock.o(i.clk_pclk)
    clk_reset                                0x2000a51d   Thumb Code    22  clock.o(i.clk_reset)
    clock_time_rtc                           0x2000a535   Thumb Code    20  patch.o(i.clock_time_rtc)
    config_RTC1                              0x2000a54d   Thumb Code    80  patch.o(i.config_RTC1)
    disable_spif_flash_write                 0x2000a6e1   Thumb Code    28  flash_ext.o(i.disable_spif_flash_write)
    enable_spif_flash_write                  0x2000a701   Thumb Code    28  flash_ext.o(i.enable_spif_flash_write)
    enterSleepProcess1                       0x2000a721   Thumb Code   264  patch.o(i.enterSleepProcess1)
    finidv                                   0x2000a83d   Thumb Code   130  patch.o(i.finidv)
    flash_block64_erase                      0x2000a8d1   Thumb Code    74  flash_ext.o(i.flash_block64_erase)
    flash_sector_erase                       0x2000a921   Thumb Code    74  flash_ext.o(i.flash_sector_erase)
    getPN23RandNumber                        0x2000b441   Thumb Code    36  patch.o(i.getPN23RandNumber)
    gpio_pin0to3_pin31to34_control           0x2000b6a9   Thumb Code    36  gpio.o(i.gpio_pin0to3_pin31to34_control)
    hal_GPIO_IRQHandler                      0x2000b801   Thumb Code    20  gpio.o(i.hal_GPIO_IRQHandler)
    hal_UART0_IRQHandler                     0x2000b819   Thumb Code    58  uart.o(i.hal_UART0_IRQHandler)
    hal_cpyMem                               0x2000b859   Thumb Code    16  common.o(i.hal_cpyMem)
    hal_gpio_fmux                            0x2000b869   Thumb Code    34  gpio.o(i.hal_gpio_fmux)
    hal_gpio_fmux_set                        0x2000b891   Thumb Code    42  gpio.o(i.hal_gpio_fmux_set)
    hal_gpio_init                            0x2000b8c1   Thumb Code    70  gpio.o(i.hal_gpio_init)
    hal_gpio_pin_init                        0x2000b91d   Thumb Code    82  gpio.o(i.hal_gpio_pin_init)
    hal_gpio_pull_set                        0x2000b975   Thumb Code    48  gpio.o(i.hal_gpio_pull_set)
    hal_gpio_read                            0x2000b9a9   Thumb Code    52  gpio.o(i.hal_gpio_read)
    hal_gpio_wakeup_set                      0x2000b9e1   Thumb Code    76  gpio.o(i.hal_gpio_wakeup_set)
    hal_gpioin_enable                        0x2000ba31   Thumb Code   104  gpio.o(i.hal_gpioin_enable)
    hal_init                                 0x2000ba9d   Thumb Code    32  main.o(i.hal_init)
    hal_pwrmgr_RAM_retention_clr             0x2000bad9   Thumb Code    18  pwrmgr.o(i.hal_pwrmgr_RAM_retention_clr)
    hal_pwrmgr_RAM_retention_set             0x2000baf1   Thumb Code    20  pwrmgr.o(i.hal_pwrmgr_RAM_retention_set)
    hal_pwrmgr_init                          0x2000bb0d   Thumb Code    44  pwrmgr.o(i.hal_pwrmgr_init)
    hal_pwrmgr_lock                          0x2000bb41   Thumb Code    74  pwrmgr.o(i.hal_pwrmgr_lock)
    hal_pwrmgr_register                      0x2000bb95   Thumb Code    56  pwrmgr.o(i.hal_pwrmgr_register)
    hal_pwrmgr_sleep_process                 0x2000bbd1   Thumb Code    46  pwrmgr.o(i.hal_pwrmgr_sleep_process)
    hal_pwrmgr_unlock                        0x2000bc05   Thumb Code    86  pwrmgr.o(i.hal_pwrmgr_unlock)
    hal_pwrmgr_wakeup_process                0x2000bc65   Thumb Code    42  pwrmgr.o(i.hal_pwrmgr_wakeup_process)
    hal_rom_code_ini                         0x2000bd0d   Thumb Code    86  patch.o(i.hal_rom_code_ini)
    hal_rtc_clock_config                     0x2000bd71   Thumb Code   126  clock.o(i.hal_rtc_clock_config)
    hal_system_init                          0x2000bdfd   Thumb Code   176  common.o(i.hal_system_init)
    hal_uart_init                            0x2000becd   Thumb Code    76  uart.o(i.hal_uart_init)
    hal_uart_send_buff                       0x2000bf21   Thumb Code    22  uart.o(i.hal_uart_send_buff)
    init_config                              0x2000c021   Thumb Code   328  patch.o(i.init_config)
    llAdjSlaveLatencyValue                   0x2000c2c9   Thumb Code    30  patch.o(i.llAdjSlaveLatencyValue)
    llProcessRxData1                         0x2000c2e9   Thumb Code   342  patch.o(i.llProcessRxData1)
    llProcessSlaveControlPacket1             0x2000c455   Thumb Code   536  patch.o(i.llProcessSlaveControlPacket1)
    llProcessSlaveControlProcedures0         0x2000c67d   Thumb Code   638  patch.o(i.llProcessSlaveControlProcedures0)
    llSetupAdv1                              0x2000c901   Thumb Code    98  patch.o(i.llSetupAdv1)
    llSetupDirectedAdvEvt1                   0x2000c96d   Thumb Code   350  patch.o(i.llSetupDirectedAdvEvt1)
    llSetupEncRsp0                           0x2000cb01   Thumb Code   120  patch.o(i.llSetupEncRsp0)
    llSetupFeatureSetRsp1                    0x2000cb89   Thumb Code    90  patch.o(i.llSetupFeatureSetRsp1)
    llSetupNextSlaveEvent1                   0x2000cbf5   Thumb Code   314  patch.o(i.llSetupNextSlaveEvent1)
    llSetupRejectInd1                        0x2000cd3d   Thumb Code    38  patch.o(i.llSetupRejectInd1)
    llSetupTermInd1                          0x2000cd75   Thumb Code    96  patch.o(i.llSetupTermInd1)
    llSetupUndirectedAdvEvt1                 0x2000cde5   Thumb Code   210  patch.o(i.llSetupUndirectedAdvEvt1)
    llSetupUnknownRsp1                       0x2000cedd   Thumb Code    76  patch.o(i.llSetupUnknownRsp1)
    llSlaveEvt_TaskEndOk1                    0x2000cf39   Thumb Code   404  patch.o(i.llSlaveEvt_TaskEndOk1)
    ll_adptive_adj_next_time                 0x2000d0f1   Thumb Code    84  patch.o(i.ll_adptive_adj_next_time)
    ll_adptive_smart_window                  0x2000d155   Thumb Code   134  patch.o(i.ll_adptive_smart_window)
    ll_hw_go1                                0x2000d1ed   Thumb Code   112  patch.o(i.ll_hw_go1)
    main                                     0x2000d27d   Thumb Code    36  main.o(i.main)
    move_to_slave_function1                  0x2000d2a5   Thumb Code   508  patch.o(i.move_to_slave_function1)
    osalInitTasks                            0x2000d4d1   Thumb Code    94  osal_ota.o(i.osalInitTasks)
    osal_pwrmgr_powerconserve1               0x2000d535   Thumb Code   292  patch.o(i.osal_pwrmgr_powerconserve1)
    otaApp_Init                              0x2000d681   Thumb Code   252  ota.o(i.otaApp_Init)
    otaApp_ProcessEvent                      0x2000d789   Thumb Code    70  ota.o(i.otaApp_ProcessEvent)
    otaProtocol_BootMode                     0x2000d7f1   Thumb Code    44  ota_protocol.o(i.otaProtocol_BootMode)
    otaProtocol_TimerEvt                     0x2000d829   Thumb Code    18  ota_protocol.o(i.otaProtocol_TimerEvt)
    otaProtocol_init                         0x2000d841   Thumb Code    42  ota_protocol.o(i.otaProtocol_init)
    ota_AddService                           0x2000d879   Thumb Code    50  ota_service.o(i.ota_AddService)
    ota_Notify                               0x2000d999   Thumb Code    68  ota_service.o(i.ota_Notify)
    ota_flash_erase                          0x2000db05   Thumb Code    68  ota_flash.o(i.ota_flash_erase)
    ota_flash_erase_resource                 0x2000db51   Thumb Code   104  ota_flash.o(i.ota_flash_erase_resource)
    ota_flash_load_fct                       0x2000dbcd   Thumb Code     4  ota_flash.o(i.ota_flash_load_fct)
    ota_flash_read_bootsector                0x2000dbd1   Thumb Code    80  ota_flash.o(i.ota_flash_read_bootsector)
    ota_flash_write_boot_sector              0x2000dc2d   Thumb Code   102  ota_flash.o(i.ota_flash_write_boot_sector)
    ota_flash_write_partition                0x2000dc99   Thumb Code   106  ota_flash.o(i.ota_flash_write_partition)
    ota_main                                 0x2000dd03   Thumb Code    20  ota_main.o(i.ota_main)
    phy_printf                               0x2000dd81   Thumb Code    50  my_printf.o(i.phy_printf)
    phy_printf_init                          0x2000ddbd   Thumb Code    12  my_printf.o(i.phy_printf_init)
    process_ctrl_cmd                         0x2000e001   Thumb Code   454  ota_protocol.o(i.process_ctrl_cmd)
    process_ota_data                         0x2000e1e1   Thumb Code    82  ota_protocol.o(i.process_ota_data)
    process_service_evt                      0x2000e301   Thumb Code    80  ota_protocol.o(i.process_service_evt)
    rc32k_calibration                        0x2000e36d   Thumb Code    86  patch.o(i.rc32k_calibration)
    rc32k_calibration_check                  0x2000e3cd   Thumb Code    60  patch.o(i.rc32k_calibration_check)
    rc32k_tracking_check                     0x2000e40d   Thumb Code   104  patch.o(i.rc32k_tracking_check)
    read_chip_id                             0x2000e47d   Thumb Code    52  flash_ext.o(i.read_chip_id)
    read_chip_mAddr                          0x2000e4b9   Thumb Code    56  flash_ext.o(i.read_chip_mAddr)
    rf_calibrate1                            0x2000e541   Thumb Code    34  patch.o(i.rf_calibrate1)
    rf_phy_ana_cfg                           0x2000e569   Thumb Code   184  rf_phy_driver.o(i.rf_phy_ana_cfg)
    rf_phy_bb_cfg                            0x2000e645   Thumb Code   180  rf_phy_driver.o(i.rf_phy_bb_cfg)
    rf_phy_get_pktFoot                       0x2000e755   Thumb Code    42  rf_phy_driver.o(i.rf_phy_get_pktFoot)
    rf_phy_ini                               0x2000e785   Thumb Code    22  rf_phy_driver.o(i.rf_phy_ini)
    rf_phy_set_txPower                       0x2000e7a1   Thumb Code    42  rf_phy_driver.o(i.rf_phy_set_txPower)
    rf_rxDcoc_cfg                            0x2000e7d5   Thumb Code   216  rf_phy_driver.o(i.rf_rxDcoc_cfg)
    rf_tpCal_gen_cap_arrary                  0x2000e8dd   Thumb Code   146  rf_phy_driver.o(i.rf_tpCal_gen_cap_arrary)
    rf_tp_cal                                0x2000e979   Thumb Code   110  rf_phy_driver.o(i.rf_tp_cal)
    run_fct                                  0x2000ea0d   Thumb Code    22  ota_protocol.o(i.run_fct)
    subWriteReg                              0x2000ea89   Thumb Code    36  common.o(i.subWriteReg)
    validate_partition_parameter             0x2000ec2d   Thumb Code    66  ota_protocol.o(i.validate_partition_parameter)
    verify_mic                               0x2000ec81   Thumb Code    44  patch.o(i.verify_mic)
    wakeupProcess1                           0x2000ecad   Thumb Code   372  patch.o(i.wakeupProcess1)
    wakeup_init1                             0x2000ee55   Thumb Code   158  patch.o(i.wakeup_init1)
    devInfoServUUID                          0x2000ef94   Data           2  devinfoservice.o(.constdata)
    devInfoSystemIdUUID                      0x2000ef96   Data           2  devinfoservice.o(.constdata)
    devInfoModelNumberUUID                   0x2000ef98   Data           2  devinfoservice.o(.constdata)
    devInfoSerialNumberUUID                  0x2000ef9a   Data           2  devinfoservice.o(.constdata)
    devInfoFirmwareRevUUID                   0x2000ef9c   Data           2  devinfoservice.o(.constdata)
    devInfoHardwareRevUUID                   0x2000ef9e   Data           2  devinfoservice.o(.constdata)
    devInfoSoftwareRevUUID                   0x2000efa0   Data           2  devinfoservice.o(.constdata)
    devInfoMfrNameUUID                       0x2000efa2   Data           2  devinfoservice.o(.constdata)
    devInfo11073CertUUID                     0x2000efa4   Data           2  devinfoservice.o(.constdata)
    devInfoPnpIdUUID                         0x2000efa6   Data           2  devinfoservice.o(.constdata)
    devInfoCBs                               0x2000f024   Data          12  devinfoservice.o(.constdata)
    gattServiceCBs                           0x2000f038   Data          12  gattservapp.o(.constdata)
    gapServiceCBs                            0x2000f04c   Data          12  gapgattserver.o(.constdata)
    heartRateServUUID                        0x2000f058   Data           2  heartrateservice.o(.constdata)
    heartRateMeasUUID                        0x2000f05a   Data           2  heartrateservice.o(.constdata)
    heartRateSensLocUUID                     0x2000f05c   Data           2  heartrateservice.o(.constdata)
    heartRateCommandUUID                     0x2000f05e   Data           2  heartrateservice.o(.constdata)
    ota_ServiceUUID                          0x2000f068   Data          16  ota_service.o(.constdata)
    ota_CommandUUID                          0x2000f078   Data          16  ota_service.o(.constdata)
    ota_ResponseUUID                         0x2000f088   Data          16  ota_service.o(.constdata)
    ota_DataUUID                             0x2000f098   Data          16  ota_service.o(.constdata)
    ota_ProfileCBs                           0x2000f0b0   Data          12  ota_service.o(.constdata)
    tasksArr                                 0x2000f0bc   Data          36  osal_ota.o(.constdata)
    tasksCnt                                 0x2000f0e0   Data           1  osal_ota.o(.constdata)
    Region$$Table$$Base                      0x2000f114   Number         0  anon$$obj.o(Region$$Table)
    Region$$Table$$Limit                     0x2000f184   Number         0  anon$$obj.o(Region$$Table)
    appTaskID                                0x2000f2d0   Data           1  gattservapp.o(.data)
    GATTServApp_TaskID                       0x2000f2d2   Data           1  gattservapp.o(.data)
    gapRole_AdvEnabled                       0x2000f3b0   Data           1  peripheral.o(.data)
    gapRole_AdvEventType                     0x2000f3b8   Data           1  peripheral.o(.data)
    tasksEvents                              0x2000f53c   Data           4  osal_ota.o(.data)
    ota_TaskID                               0x2000f541   Data           1  ota.o(.data)
    put_char_size                            0x2000f57a   Data           2  my_printf.o(.data)
    SystemCoreClock                          0x2000f584   Data           4  system_armcm0.o(.data)
    s_company_id                             0x2000f588   Data           4  patch.o(.data)
    g_smartWindowRTOCnt                      0x2000f58c   Data           1  patch.o(.data)
    g_same_rf_channel_flag                   0x2000f58d   Data           1  patch.o(.data)
    g_adv_taskID                             0x2000f58e   Data           1  patch.o(.data)
    g_conn_taskID                            0x2000f58f   Data           1  patch.o(.data)
    g_conn_param_carrSens                    0x2000f590   Data           1  patch.o(.data)
    g_adv_taskEvent                          0x2000f592   Data           2  patch.o(.data)
    g_conn_taskEvent                         0x2000f594   Data           2  patch.o(.data)
    g_conn_param_foff                        0x2000f596   Data           2  patch.o(.data)
    pGlobal_config                           0x2000f598   Data           4  patch.o(.data)
    g_smartWindowLater                       0x2000f59c   Data           4  patch.o(.data)
    g_smartWindowSize                        0x2000f5a0   Data           4  patch.o(.data)
    g_smartWindowActiveCnt                   0x2000f5a4   Data           4  patch.o(.data)
    g_smartWindowPreAnchPoint                0x2000f5a8   Data           4  patch.o(.data)
    g_counter_traking_avg                    0x2000f5ac   Data           4  patch.o(.data)
    g_wakeup_rtc_tick                        0x2000f5b0   Data           4  patch.o(.data)
    g_counter_traking_cnt                    0x2000f5b4   Data           4  patch.o(.data)
    g_TIM2_IRQ_TIM3_CurrCount                0x2000f5b8   Data           4  patch.o(.data)
    g_TIM2_IRQ_to_Sleep_DeltTick             0x2000f5bc   Data           4  patch.o(.data)
    g_TIM2_IRQ_PendingTick                   0x2000f5c0   Data           4  patch.o(.data)
    g_osal_tick_trim                         0x2000f5c4   Data           4  patch.o(.data)
    g_osalTickTrim_mod                       0x2000f5c8   Data           4  patch.o(.data)
    accuTimerDrift                           0x2000f5cc   Data           4  patch.o(.data)
    LL_PLUS_ScanRequestFilterCBack           0x2000f5d0   Data           4  patch.o(.data)
    g_getPn23_cnt                            0x2000f5d4   Data           4  patch.o(.data)
    g_getPn23_seed                           0x2000f5d8   Data           4  patch.o(.data)
    pCtrlData                                0x2000f5e0   Data           4  patch.o(.data)
    g_rfPhyXtalCap                           0x2000f5e4   Data           1  rf_phy_driver.o(.data)
    g_rfPhyTpCal0                            0x2000f5e5   Data           1  rf_phy_driver.o(.data)
    g_rfPhyTpCal1                            0x2000f5e6   Data           1  rf_phy_driver.o(.data)
    g_rfPhyTxPower                           0x2000f5e7   Data           1  rf_phy_driver.o(.data)
    g_rfPhyPktFmt                            0x2000f5e8   Data           1  rf_phy_driver.o(.data)
    g_rfPhyFreqOffSet                        0x2000f5e9   Data           1  rf_phy_driver.o(.data)
    g_system_clk                             0x2000f5ea   Data           1  rf_phy_driver.o(.data)
    g_rfPhyClkSel                            0x2000f5eb   Data           1  rf_phy_driver.o(.data)
    g_dtmModeType                            0x2000f5ec   Data           1  rf_phy_driver.o(.data)
    g_dtmCmd                                 0x2000f5ed   Data           1  rf_phy_driver.o(.data)
    g_dtmFreq                                0x2000f5ee   Data           1  rf_phy_driver.o(.data)
    g_dtmLength                              0x2000f5ef   Data           1  rf_phy_driver.o(.data)
    g_dtmExtLen                              0x2000f5f0   Data           1  rf_phy_driver.o(.data)
    g_dtmPKT                                 0x2000f5f1   Data           1  rf_phy_driver.o(.data)
    g_dtmCtrl                                0x2000f5f2   Data           1  rf_phy_driver.o(.data)
    g_dtmPara                                0x2000f5f3   Data           1  rf_phy_driver.o(.data)
    g_dtmEvt                                 0x2000f5f4   Data           1  rf_phy_driver.o(.data)
    g_dtmStatus                              0x2000f5f5   Data           1  rf_phy_driver.o(.data)
    g_dtmTxPower                             0x2000f5f6   Data           1  rf_phy_driver.o(.data)
    g_dtmRssi                                0x2000f5f7   Data           1  rf_phy_driver.o(.data)
    g_dtmCarrSens                            0x2000f5f8   Data           1  rf_phy_driver.o(.data)
    g_dtmTpCalEnable                         0x2000f5f9   Data           1  rf_phy_driver.o(.data)
    g_rfPhyDtmCmd                            0x2000f5fa   Data           2  rf_phy_driver.o(.data)
    g_rfPhyDtmEvt                            0x2000f5fc   Data           2  rf_phy_driver.o(.data)
    g_dtmPktIntv                             0x2000f5fe   Data           2  rf_phy_driver.o(.data)
    g_dtmPktCount                            0x2000f600   Data           2  rf_phy_driver.o(.data)
    g_dtmRxCrcNum                            0x2000f602   Data           2  rf_phy_driver.o(.data)
    g_dtmRxTONum                             0x2000f604   Data           2  rf_phy_driver.o(.data)
    g_dtmRsp                                 0x2000f606   Data           2  rf_phy_driver.o(.data)
    g_dtmFoff                                0x2000f608   Data           2  rf_phy_driver.o(.data)
    g_rfPhyRxDcIQ                            0x2000f60c   Data           4  rf_phy_driver.o(.data)
    g_dtmTick                                0x2000f610   Data           4  rf_phy_driver.o(.data)
    g_dtmPerAutoIntv                         0x2000f614   Data           4  rf_phy_driver.o(.data)
    g_dtmAccessCode                          0x2000f618   Data           4  rf_phy_driver.o(.data)
    MID                                      0x2000f61c   Data           1  flash_ext.o(.data)
    JID8                                     0x2000f61d   Data           1  flash_ext.o(.data)
    JID0                                     0x2000f61e   Data           1  flash_ext.o(.data)
    g_chipMAddr                              0x2000f61f   Data           7  flash_ext.o(.data)
    put_char                                 0x2000fc74   Data         120  my_printf.o(.bss)
    m_uartCtx                                0x2000fcec   Data          32  uart.o(.bss)
    g_perStatsByChan                         0x2000fd84   Data         444  patch.o(.bss)
    g_rfPhyTpCalCapArry                      0x2000ff40   Data          40  rf_phy_driver.o(.bss)
    g_chipId                                 0x2000ff68   Data          65  flash_ext.o(.bss)
    __initial_sp                             0x20010bb0   Data           0  startup_armcm0.o(STACK)
    Long Thumb to Thumb Veneer to jump_to_application 0x20012001   Thumb Code    12  anon$$obj.o(Veneer$$Code)
    LL_ENC_AES128_Encrypt_X                  0x2001200d   Thumb Code   344  aes.o(i.LL_ENC_AES128_Encrypt_X)
    aes_ccm_phyplus_dec                      0x20012169   Thumb Code   418  aes.o(i.aes_ccm_phyplus_dec)
    crc16                                    0x20012315   Thumb Code    54  crc16.o(i.crc16)
    flash_load_parition                      0x20012351   Thumb Code    24  aes.o(i.flash_load_parition)
    is_crypto_app                            0x2001236d   Thumb Code    10  aes.o(i.is_crypto_app)
    xor128bit                                0x20012377   Thumb Code    24  aes.o(i.xor128bit)
    otaProtocol_RunApp                       0x20012391   Thumb Code    12  ota_protocol.o(ota_app_loader_area)
    run_application                          0x2001239d   Thumb Code    22  ota_protocol.o(ota_app_loader_area)
    ota_flash_read                           0x200123b9   Thumb Code    48  ota_flash.o(ota_app_loader_area)
    ota_flash_load_app                       0x200123e9   Thumb Code   228  ota_flash.o(ota_app_loader_area)



==============================================================================

Memory Map of the image

  Image Entry point : 0x200080c1

  Load Region LR_IROM1 (Base: 0x20008000, Size: 0x00007628, Max: 0x0000a000, ABSOLUTE, COMPRESSED[0x00007300])

    Execution Region ER_IROM1 (Exec base: 0x20008000, Load base: 0x20008000, Size: 0x00008bb0, Max: 0x0000a000, ABSOLUTE, COMPRESSED[0x0000017c])

    Exec Addr    Load Addr    Size         Type   Attr      Idx    E Section Name        Object

    0x20008000   0x20008000   0x000000c0   Data   RO         1937    RESET               startup_armcm0.o
    0x200080c0   0x200080c0   0x00000000   Code   RO         2262  * .ARM.Collect$$$$00000000  mc_p.l(entry.o)
    0x200080c0   0x200080c0   0x00000004   Code   RO         2273    .ARM.Collect$$$$00000001  mc_p.l(entry2.o)
    0x200080c4   0x200080c4   0x00000004   Code   RO         2276    .ARM.Collect$$$$00000004  mc_p.l(entry5.o)
    0x200080c8   0x200080c8   0x00000000   Code   RO         2278    .ARM.Collect$$$$00000008  mc_p.l(entry7b.o)
    0x200080c8   0x200080c8   0x00000000   Code   RO         2280    .ARM.Collect$$$$0000000A  mc_p.l(entry8b.o)
    0x200080c8   0x200080c8   0x00000008   Code   RO         2281    .ARM.Collect$$$$0000000B  mc_p.l(entry9a.o)
    0x200080d0   0x200080d0   0x00000000   Code   RO         2283    .ARM.Collect$$$$0000000D  mc_p.l(entry10a.o)
    0x200080d0   0x200080d0   0x00000000   Code   RO         2285    .ARM.Collect$$$$0000000F  mc_p.l(entry11a.o)
    0x200080d0   0x200080d0   0x00000004   Code   RO         2274    .ARM.Collect$$$$00002712  mc_p.l(entry2.o)
    0x200080d4   0x200080d4   0x0000001c   Code   RO         1938    .text               startup_armcm0.o
    0x200080f0   0x200080f0   0x00000024   Code   RO         2265    .text               mc_p.l(memcpya.o)
    0x20008114   0x20008114   0x00000024   Code   RO         2267    .text               mc_p.l(memseta.o)
    0x20008138   0x20008138   0x00000014   Code   RO         2271    .text               mc_p.l(uread4.o)
    0x2000814c   0x2000814c   0x00000024   Code   RO         2287    .text               mc_p.l(init.o)
    0x20008170   0x20008170   0x00000056   Code   RO         2297    .text               mc_p.l(__dczerorl2.o)
    0x200081c6   COMPRESSED   0x00000002   PAD
    0x200081c8   0x200081c8   0x0000000c   Ven    RO         2299    Veneer$$Code        anon$$obj.o
    0x200081d4   0x200081d4   0x0000000c   Ven    RO         2300    Veneer$$Code        anon$$obj.o
    0x200081e0   0x200081e0   0x0000000c   Ven    RO         2301    Veneer$$Code        anon$$obj.o
    0x200081ec   0x200081ec   0x0000000c   Ven    RO         2302    Veneer$$Code        anon$$obj.o
    0x200081f8   0x200081f8   0x0000000c   Ven    RO         2303    Veneer$$Code        anon$$obj.o
    0x20008204   0x20008204   0x0000000c   Ven    RO         2304    Veneer$$Code        anon$$obj.o
    0x20008210   0x20008210   0x0000000c   Ven    RO         2305    Veneer$$Code        anon$$obj.o
    0x2000821c   0x2000821c   0x0000000c   Ven    RO         2306    Veneer$$Code        anon$$obj.o
    0x20008228   0x20008228   0x0000000c   Ven    RO         2307    Veneer$$Code        anon$$obj.o
    0x20008234   0x20008234   0x0000000c   Ven    RO         2308    Veneer$$Code        anon$$obj.o
    0x20008240   0x20008240   0x0000000c   Ven    RO         2309    Veneer$$Code        anon$$obj.o
    0x2000824c   0x2000824c   0x0000000c   Ven    RO         2310    Veneer$$Code        anon$$obj.o
    0x20008258   0x20008258   0x0000000c   Ven    RO         2311    Veneer$$Code        anon$$obj.o
    0x20008264   0x20008264   0x0000000c   Ven    RO         2312    Veneer$$Code        anon$$obj.o
    0x20008270   0x20008270   0x0000000c   Ven    RO         2313    Veneer$$Code        anon$$obj.o
    0x2000827c   0x2000827c   0x0000000c   Ven    RO         2314    Veneer$$Code        anon$$obj.o
    0x20008288   0x20008288   0x0000000c   Ven    RO         2315    Veneer$$Code        anon$$obj.o
    0x20008294   0x20008294   0x0000000c   Ven    RO         2316    Veneer$$Code        anon$$obj.o
    0x200082a0   0x200082a0   0x0000000c   Ven    RO         2317    Veneer$$Code        anon$$obj.o
    0x200082ac   0x200082ac   0x0000000c   Ven    RO         2318    Veneer$$Code        anon$$obj.o
    0x200082b8   0x200082b8   0x0000000c   Ven    RO         2319    Veneer$$Code        anon$$obj.o
    0x200082c4   0x200082c4   0x0000000c   Ven    RO         2320    Veneer$$Code        anon$$obj.o
    0x200082d0   0x200082d0   0x0000000c   Ven    RO         2321    Veneer$$Code        anon$$obj.o
    0x200082dc   0x200082dc   0x0000000c   Ven    RO         2322    Veneer$$Code        anon$$obj.o
    0x200082e8   0x200082e8   0x0000000c   Ven    RO         2323    Veneer$$Code        anon$$obj.o
    0x200082f4   0x200082f4   0x0000000c   Ven    RO         2324    Veneer$$Code        anon$$obj.o
    0x20008300   0x20008300   0x0000000c   Ven    RO         2325    Veneer$$Code        anon$$obj.o
    0x2000830c   0x2000830c   0x0000000c   Ven    RO         2326    Veneer$$Code        anon$$obj.o
    0x20008318   0x20008318   0x0000000c   Ven    RO         2327    Veneer$$Code        anon$$obj.o
    0x20008324   0x20008324   0x0000000c   Ven    RO         2328    Veneer$$Code        anon$$obj.o
    0x20008330   0x20008330   0x0000000c   Ven    RO         2329    Veneer$$Code        anon$$obj.o
    0x2000833c   0x2000833c   0x0000000c   Ven    RO         2330    Veneer$$Code        anon$$obj.o
    0x20008348   0x20008348   0x0000000c   Ven    RO         2331    Veneer$$Code        anon$$obj.o
    0x20008354   0x20008354   0x0000000c   Ven    RO         2332    Veneer$$Code        anon$$obj.o
    0x20008360   0x20008360   0x0000000c   Ven    RO         2333    Veneer$$Code        anon$$obj.o
    0x2000836c   0x2000836c   0x0000000c   Ven    RO         2334    Veneer$$Code        anon$$obj.o
    0x20008378   0x20008378   0x0000000c   Ven    RO         2335    Veneer$$Code        anon$$obj.o
    0x20008384   0x20008384   0x0000000c   Ven    RO         2336    Veneer$$Code        anon$$obj.o
    0x20008390   0x20008390   0x0000000c   Ven    RO         2337    Veneer$$Code        anon$$obj.o
    0x2000839c   0x2000839c   0x0000000c   Ven    RO         2338    Veneer$$Code        anon$$obj.o
    0x200083a8   0x200083a8   0x0000000c   Ven    RO         2339    Veneer$$Code        anon$$obj.o
    0x200083b4   0x200083b4   0x0000000c   Ven    RO         2340    Veneer$$Code        anon$$obj.o
    0x200083c0   0x200083c0   0x0000000c   Ven    RO         2341    Veneer$$Code        anon$$obj.o
    0x200083cc   0x200083cc   0x0000000c   Ven    RO         2342    Veneer$$Code        anon$$obj.o
    0x200083d8   0x200083d8   0x0000000c   Ven    RO         2343    Veneer$$Code        anon$$obj.o
    0x200083e4   0x200083e4   0x0000000c   Ven    RO         2344    Veneer$$Code        anon$$obj.o
    0x200083f0   0x200083f0   0x0000000c   Ven    RO         2345    Veneer$$Code        anon$$obj.o
    0x200083fc   0x200083fc   0x0000000c   Ven    RO         2346    Veneer$$Code        anon$$obj.o
    0x20008408   0x20008408   0x0000000c   Ven    RO         2347    Veneer$$Code        anon$$obj.o
    0x20008414   0x20008414   0x0000000c   Ven    RO         2348    Veneer$$Code        anon$$obj.o
    0x20008420   0x20008420   0x0000000c   Ven    RO         2349    Veneer$$Code        anon$$obj.o
    0x2000842c   0x2000842c   0x0000000c   Ven    RO         2350    Veneer$$Code        anon$$obj.o
    0x20008438   0x20008438   0x0000000c   Ven    RO         2351    Veneer$$Code        anon$$obj.o
    0x20008444   0x20008444   0x0000000c   Ven    RO         2352    Veneer$$Code        anon$$obj.o
    0x20008450   0x20008450   0x0000000c   Ven    RO         2353    Veneer$$Code        anon$$obj.o
    0x2000845c   0x2000845c   0x0000000c   Ven    RO         2354    Veneer$$Code        anon$$obj.o
    0x20008468   0x20008468   0x0000000c   Ven    RO         2355    Veneer$$Code        anon$$obj.o
    0x20008474   0x20008474   0x0000000c   Ven    RO         2356    Veneer$$Code        anon$$obj.o
    0x20008480   0x20008480   0x0000000c   Ven    RO         2357    Veneer$$Code        anon$$obj.o
    0x2000848c   0x2000848c   0x0000000c   Ven    RO         2358    Veneer$$Code        anon$$obj.o
    0x20008498   0x20008498   0x0000000c   Ven    RO         2359    Veneer$$Code        anon$$obj.o
    0x200084a4   0x200084a4   0x0000000c   Ven    RO         2360    Veneer$$Code        anon$$obj.o
    0x200084b0   0x200084b0   0x0000000c   Ven    RO         2361    Veneer$$Code        anon$$obj.o
    0x200084bc   0x200084bc   0x0000000c   Ven    RO         2362    Veneer$$Code        anon$$obj.o
    0x200084c8   0x200084c8   0x0000000c   Ven    RO         2363    Veneer$$Code        anon$$obj.o
    0x200084d4   0x200084d4   0x0000000c   Ven    RO         2364    Veneer$$Code        anon$$obj.o
    0x200084e0   0x200084e0   0x0000000c   Ven    RO         2365    Veneer$$Code        anon$$obj.o
    0x200084ec   0x200084ec   0x0000000c   Ven    RO         2366    Veneer$$Code        anon$$obj.o
    0x200084f8   0x200084f8   0x0000000c   Ven    RO         2367    Veneer$$Code        anon$$obj.o
    0x20008504   0x20008504   0x0000000c   Ven    RO         2368    Veneer$$Code        anon$$obj.o
    0x20008510   0x20008510   0x0000000c   Ven    RO         2369    Veneer$$Code        anon$$obj.o
    0x2000851c   0x2000851c   0x0000000c   Ven    RO         2370    Veneer$$Code        anon$$obj.o
    0x20008528   0x20008528   0x0000000c   Ven    RO         2371    Veneer$$Code        anon$$obj.o
    0x20008534   0x20008534   0x0000000c   Ven    RO         2372    Veneer$$Code        anon$$obj.o
    0x20008540   0x20008540   0x0000000c   Ven    RO         2373    Veneer$$Code        anon$$obj.o
    0x2000854c   0x2000854c   0x0000000c   Ven    RO         2374    Veneer$$Code        anon$$obj.o
    0x20008558   0x20008558   0x0000000c   Ven    RO         2375    Veneer$$Code        anon$$obj.o
    0x20008564   0x20008564   0x0000000c   Ven    RO         2376    Veneer$$Code        anon$$obj.o
    0x20008570   0x20008570   0x0000000c   Ven    RO         2377    Veneer$$Code        anon$$obj.o
    0x2000857c   0x2000857c   0x0000000c   Ven    RO         2378    Veneer$$Code        anon$$obj.o
    0x20008588   0x20008588   0x0000000c   Ven    RO         2379    Veneer$$Code        anon$$obj.o
    0x20008594   0x20008594   0x0000000c   Ven    RO         2380    Veneer$$Code        anon$$obj.o
    0x200085a0   0x200085a0   0x0000000c   Ven    RO         2381    Veneer$$Code        anon$$obj.o
    0x200085ac   0x200085ac   0x0000000c   Ven    RO         2382    Veneer$$Code        anon$$obj.o
    0x200085b8   0x200085b8   0x0000000c   Ven    RO         2383    Veneer$$Code        anon$$obj.o
    0x200085c4   0x200085c4   0x0000000c   Ven    RO         2384    Veneer$$Code        anon$$obj.o
    0x200085d0   0x200085d0   0x0000000c   Ven    RO         2385    Veneer$$Code        anon$$obj.o
    0x200085dc   0x200085dc   0x0000000c   Ven    RO         2386    Veneer$$Code        anon$$obj.o
    0x200085e8   0x200085e8   0x0000000c   Ven    RO         2387    Veneer$$Code        anon$$obj.o
    0x200085f4   0x200085f4   0x0000000c   Ven    RO         2388    Veneer$$Code        anon$$obj.o
    0x20008600   0x20008600   0x0000000c   Ven    RO         2389    Veneer$$Code        anon$$obj.o
    0x2000860c   0x2000860c   0x0000000c   Ven    RO         2390    Veneer$$Code        anon$$obj.o
    0x20008618   0x20008618   0x0000000c   Ven    RO         2391    Veneer$$Code        anon$$obj.o
    0x20008624   0x20008624   0x0000000c   Ven    RO         2392    Veneer$$Code        anon$$obj.o
    0x20008630   0x20008630   0x0000000c   Ven    RO         2393    Veneer$$Code        anon$$obj.o
    0x2000863c   0x2000863c   0x0000000c   Ven    RO         2394    Veneer$$Code        anon$$obj.o
    0x20008648   0x20008648   0x0000000c   Ven    RO         2395    Veneer$$Code        anon$$obj.o
    0x20008654   0x20008654   0x0000000c   Ven    RO         2396    Veneer$$Code        anon$$obj.o
    0x20008660   0x20008660   0x0000000c   Ven    RO         2397    Veneer$$Code        anon$$obj.o
    0x2000866c   0x2000866c   0x0000000c   Ven    RO         2398    Veneer$$Code        anon$$obj.o
    0x20008678   0x20008678   0x0000000c   Ven    RO         2399    Veneer$$Code        anon$$obj.o
    0x20008684   0x20008684   0x0000000c   Ven    RO         2400    Veneer$$Code        anon$$obj.o
    0x20008690   0x20008690   0x0000000c   Ven    RO         2401    Veneer$$Code        anon$$obj.o
    0x2000869c   0x2000869c   0x0000000c   Ven    RO         2402    Veneer$$Code        anon$$obj.o
    0x200086a8   0x200086a8   0x0000000c   Ven    RO         2403    Veneer$$Code        anon$$obj.o
    0x200086b4   0x200086b4   0x0000000c   Ven    RO         2404    Veneer$$Code        anon$$obj.o
    0x200086c0   0x200086c0   0x0000000c   Ven    RO         2405    Veneer$$Code        anon$$obj.o
    0x200086cc   0x200086cc   0x0000000c   Ven    RO         2406    Veneer$$Code        anon$$obj.o
    0x200086d8   0x200086d8   0x0000000c   Ven    RO         2407    Veneer$$Code        anon$$obj.o
    0x200086e4   0x200086e4   0x0000000c   Ven    RO         2408    Veneer$$Code        anon$$obj.o
    0x200086f0   0x200086f0   0x0000000c   Ven    RO         2409    Veneer$$Code        anon$$obj.o
    0x200086fc   0x200086fc   0x0000000c   Ven    RO         2410    Veneer$$Code        anon$$obj.o
    0x20008708   0x20008708   0x0000000c   Ven    RO         2411    Veneer$$Code        anon$$obj.o
    0x20008714   0x20008714   0x0000000c   Ven    RO         2412    Veneer$$Code        anon$$obj.o
    0x20008720   0x20008720   0x0000000c   Ven    RO         2413    Veneer$$Code        anon$$obj.o
    0x2000872c   0x2000872c   0x0000000c   Ven    RO         2414    Veneer$$Code        anon$$obj.o
    0x20008738   0x20008738   0x0000000c   Ven    RO         2415    Veneer$$Code        anon$$obj.o
    0x20008744   0x20008744   0x0000000c   Ven    RO         2416    Veneer$$Code        anon$$obj.o
    0x20008750   0x20008750   0x0000000c   Ven    RO         2417    Veneer$$Code        anon$$obj.o
    0x2000875c   0x2000875c   0x0000000c   Ven    RO         2418    Veneer$$Code        anon$$obj.o
    0x20008768   0x20008768   0x0000000c   Ven    RO         2419    Veneer$$Code        anon$$obj.o
    0x20008774   0x20008774   0x0000000c   Ven    RO         2420    Veneer$$Code        anon$$obj.o
    0x20008780   0x20008780   0x0000000c   Ven    RO         2421    Veneer$$Code        anon$$obj.o
    0x2000878c   0x2000878c   0x0000000c   Ven    RO         2422    Veneer$$Code        anon$$obj.o
    0x20008798   0x20008798   0x0000000c   Ven    RO         2423    Veneer$$Code        anon$$obj.o
    0x200087a4   0x200087a4   0x0000000c   Ven    RO         2424    Veneer$$Code        anon$$obj.o
    0x200087b0   0x200087b0   0x0000000c   Ven    RO         2425    Veneer$$Code        anon$$obj.o
    0x200087bc   0x200087bc   0x0000000c   Ven    RO         2426    Veneer$$Code        anon$$obj.o
    0x200087c8   0x200087c8   0x0000000c   Ven    RO         2427    Veneer$$Code        anon$$obj.o
    0x200087d4   0x200087d4   0x0000000c   Ven    RO         2428    Veneer$$Code        anon$$obj.o
    0x200087e0   0x200087e0   0x0000000c   Ven    RO         2429    Veneer$$Code        anon$$obj.o
    0x200087ec   0x200087ec   0x0000000c   Ven    RO         2430    Veneer$$Code        anon$$obj.o
    0x200087f8   0x200087f8   0x0000000c   Ven    RO         2431    Veneer$$Code        anon$$obj.o
    0x20008804   0x20008804   0x0000000c   Ven    RO         2432    Veneer$$Code        anon$$obj.o
    0x20008810   0x20008810   0x0000000c   Ven    RO         2433    Veneer$$Code        anon$$obj.o
    0x2000881c   0x2000881c   0x0000000c   Ven    RO         2434    Veneer$$Code        anon$$obj.o
    0x20008828   0x20008828   0x0000000c   Ven    RO         2435    Veneer$$Code        anon$$obj.o
    0x20008834   0x20008834   0x0000000c   Ven    RO         2436    Veneer$$Code        anon$$obj.o
    0x20008840   0x20008840   0x0000000c   Ven    RO         2437    Veneer$$Code        anon$$obj.o
    0x2000884c   0x2000884c   0x0000000c   Ven    RO         2438    Veneer$$Code        anon$$obj.o
    0x20008858   0x20008858   0x0000000c   Ven    RO         2439    Veneer$$Code        anon$$obj.o
    0x20008864   0x20008864   0x0000000c   Ven    RO         2440    Veneer$$Code        anon$$obj.o
    0x20008870   0x20008870   0x0000000c   Ven    RO         2441    Veneer$$Code        anon$$obj.o
    0x2000887c   0x2000887c   0x0000000c   Ven    RO         2442    Veneer$$Code        anon$$obj.o
    0x20008888   0x20008888   0x0000000c   Ven    RO         2443    Veneer$$Code        anon$$obj.o
    0x20008894   0x20008894   0x0000000c   Ven    RO         2444    Veneer$$Code        anon$$obj.o
    0x200088a0   0x200088a0   0x0000000c   Ven    RO         2445    Veneer$$Code        anon$$obj.o
    0x200088ac   0x200088ac   0x0000000c   Ven    RO         2446    Veneer$$Code        anon$$obj.o
    0x200088b8   0x200088b8   0x0000000c   Ven    RO         2447    Veneer$$Code        anon$$obj.o
    0x200088c4   0x200088c4   0x0000000c   Ven    RO         2448    Veneer$$Code        anon$$obj.o
    0x200088d0   0x200088d0   0x0000000c   Ven    RO         2449    Veneer$$Code        anon$$obj.o
    0x200088dc   0x200088dc   0x0000000c   Ven    RO         2450    Veneer$$Code        anon$$obj.o
    0x200088e8   0x200088e8   0x0000000c   Ven    RO         2451    Veneer$$Code        anon$$obj.o
    0x200088f4   0x200088f4   0x0000000c   Ven    RO         2452    Veneer$$Code        anon$$obj.o
    0x20008900   0x20008900   0x0000000c   Ven    RO         2453    Veneer$$Code        anon$$obj.o
    0x2000890c   0x2000890c   0x0000000c   Ven    RO         2454    Veneer$$Code        anon$$obj.o
    0x20008918   0x20008918   0x0000000c   Ven    RO         2455    Veneer$$Code        anon$$obj.o
    0x20008924   0x20008924   0x0000000c   Ven    RO         2456    Veneer$$Code        anon$$obj.o
    0x20008930   0x20008930   0x0000000c   Ven    RO         2457    Veneer$$Code        anon$$obj.o
    0x2000893c   0x2000893c   0x0000000c   Ven    RO         2458    Veneer$$Code        anon$$obj.o
    0x20008948   0x20008948   0x0000000c   Ven    RO         2459    Veneer$$Code        anon$$obj.o
    0x20008954   0x20008954   0x0000000c   Ven    RO         2460    Veneer$$Code        anon$$obj.o
    0x20008960   0x20008960   0x0000000c   Ven    RO         2461    Veneer$$Code        anon$$obj.o
    0x2000896c   0x2000896c   0x0000000c   Ven    RO         2462    Veneer$$Code        anon$$obj.o
    0x20008978   0x20008978   0x0000000c   Ven    RO         2463    Veneer$$Code        anon$$obj.o
    0x20008984   0x20008984   0x0000000c   Ven    RO         2464    Veneer$$Code        anon$$obj.o
    0x20008990   0x20008990   0x0000000c   Ven    RO         2465    Veneer$$Code        anon$$obj.o
    0x2000899c   0x2000899c   0x0000000c   Ven    RO         2466    Veneer$$Code        anon$$obj.o
    0x200089a8   0x200089a8   0x0000000c   Ven    RO         2467    Veneer$$Code        anon$$obj.o
    0x200089b4   0x200089b4   0x0000000c   Ven    RO         2468    Veneer$$Code        anon$$obj.o
    0x200089c0   0x200089c0   0x0000000c   Ven    RO         2469    Veneer$$Code        anon$$obj.o
    0x200089cc   0x200089cc   0x0000000c   Ven    RO         2470    Veneer$$Code        anon$$obj.o
    0x200089d8   0x200089d8   0x0000000c   Ven    RO         2471    Veneer$$Code        anon$$obj.o
    0x200089e4   0x200089e4   0x0000000c   Ven    RO         2472    Veneer$$Code        anon$$obj.o
    0x200089f0   0x200089f0   0x0000000c   Ven    RO         2473    Veneer$$Code        anon$$obj.o
    0x200089fc   0x200089fc   0x0000000c   Ven    RO         2474    Veneer$$Code        anon$$obj.o
    0x20008a08   0x20008a08   0x0000000c   Ven    RO         2475    Veneer$$Code        anon$$obj.o
    0x20008a14   0x20008a14   0x0000000c   Ven    RO         2476    Veneer$$Code        anon$$obj.o
    0x20008a20   0x20008a20   0x0000000c   Ven    RO         2477    Veneer$$Code        anon$$obj.o
    0x20008a2c   0x20008a2c   0x00000018   Code   RO          162    i.DevInfo_AddService  devinfoservice.o
    0x20008a44   0x20008a44   0x00000020   Code   RO          164    i.DevInfo_SetParameter  devinfoservice.o
    0x20008a64   0x20008a64   0x00000004   Code   RO         1102    i.GAPBondMgr_LinkEst  ota.o
    0x20008a68   0x20008a68   0x000000e8   Code   RO          559    i.GAPRole_GetParameter  peripheral.o
    0x20008b50   0x20008b50   0x00000044   Code   RO          560    i.GAPRole_Init      peripheral.o
    0x20008b94   0x20008b94   0x000000f4   Code   RO          561    i.GAPRole_ProcessEvent  peripheral.o
    0x20008c88   0x20008c88   0x00000058   Code   RO          563    i.GAPRole_SendUpdateParam  peripheral.o
    0x20008ce0   0x20008ce0   0x00000214   Code   RO          564    i.GAPRole_SetParameter  peripheral.o
    0x20008ef4   0x20008ef4   0x00000038   Code   RO          565    i.GAPRole_StartDevice  peripheral.o
    0x20008f2c   0x20008f2c   0x00000020   Code   RO          566    i.GAPRole_TerminateConnection  peripheral.o
    0x20008f4c   0x20008f4c   0x00000036   Code   RO          464    i.GAP_DeviceInit    gap.o
    0x20008f82   COMPRESSED   0x00000002   PAD
    0x20008f84   0x20008f84   0x00000020   Code   RO          246    i.GATTServApp_AddService  gattservapp.o
    0x20008fa4   0x20008fa4   0x0000004c   Code   RO          252    i.GATTServApp_Init  gattservapp.o
    0x20008ff0   0x20008ff0   0x00000030   Code   RO          253    i.GATTServApp_InitCharCfg  gattservapp.o
    0x20009020   0x20009020   0x00000058   Code   RO          254    i.GATTServApp_ProcessCCCWriteReq  gattservapp.o
    0x20009078   0x20009078   0x00000038   Code   RO          256    i.GATTServApp_ProcessEvent  gattservapp.o
    0x200090b0   0x200090b0   0x00000224   Code   RO          257    i.GATTServApp_ReadAttr  gattservapp.o
    0x200092d4   0x200092d4   0x0000000e   Code   RO          258    i.GATTServApp_ReadCharCfg  gattservapp.o
    0x200092e2   COMPRESSED   0x00000002   PAD
    0x200092e4   0x200092e4   0x0000005c   Code   RO          260    i.GATTServApp_RegisterService  gattservapp.o
    0x20009340   0x20009340   0x00000038   Code   RO          261    i.GATTServApp_SendCCCUpdatedEvent  gattservapp.o
    0x20009378   0x20009378   0x0000003e   Code   RO          266    i.GATTServApp_WriteAttr  gattservapp.o
    0x200093b6   COMPRESSED   0x00000002   PAD
    0x200093b8   0x200093b8   0x0000002c   Code   RO          267    i.GATTServApp_WriteCharCfg  gattservapp.o
    0x200093e4   0x200093e4   0x00000020   Code   RO          482    i.GGS_AddService    gapgattserver.o
    0x20009404   0x20009404   0x00000088   Code   RO          488    i.GGS_SetParameter  gapgattserver.o
    0x2000948c   0x2000948c   0x00000030   Code   RO          668    i.HeartRate_HandleConnStatusCB  heartrateservice.o
    0x200094bc   0x200094bc   0x00000150   Code   RO         1979    i.LL_ENC_Decrypt0   rf.lib(patch.o)
    0x2000960c   0x2000960c   0x00000148   Code   RO         1980    i.LL_ENC_Encrypt0   rf.lib(patch.o)
    0x20009754   0x20009754   0x000005f0   Code   RO         1981    i.LL_IRQHandler1    rf.lib(patch.o)
    0x20009d44   0x20009d44   0x00000254   Code   RO         1991    i.LL_SetAdvParam1   rf.lib(patch.o)
    0x20009f98   0x20009f98   0x00000044   Code   RO         1992    i.LL_set_default_conn_params1  rf.lib(patch.o)
    0x20009fdc   0x20009fdc   0x00000178   Code   RO         1993    i.LL_slave_conn_event1  rf.lib(patch.o)
    0x2000a154   0x2000a154   0x000000a8   Code   RO         2174    i.ProgramWord       rf.lib(flash_ext.o)
    0x2000a1fc   0x2000a1fc   0x00000010   Code   RO         1945    i.SystemInit        system_armcm0.o
    0x2000a20c   0x2000a20c   0x0000007c   Code   RO         1995    i.TIM0_IRQHandler1  rf.lib(patch.o)
    0x2000a288   0x2000a288   0x0000002c   Code   RO         1146    i.WaitRTCCount      common.o
    0x2000a2b4   0x2000a2b4   0x00000018   Code   RO         2176    i.WriteFlash        rf.lib(flash_ext.o)
    0x2000a2cc   0x2000a2cc   0x00000018   Code   RO         1274    i.__NVIC_EnableIRQ  gpio.o
    0x2000a2e4   0x2000a2e4   0x00000044   Code   RO            3    i.__NVIC_SetPriority  main.o
    0x2000a328   0x2000a328   0x00000044   Code   RO         1275    i.__NVIC_SetPriority  gpio.o
    0x2000a36c   0x2000a36c   0x0000001c   Code   RO          937    i.__NVIC_SystemReset  ota_flash.o
    0x2000a388   0x2000a388   0x0000000e   Code   RO         2291    i.__scatterload_copy  mc_p.l(handlers.o)
    0x2000a396   0x2000a396   0x00000002   Code   RO         2292    i.__scatterload_null  mc_p.l(handlers.o)
    0x2000a398   0x2000a398   0x0000000e   Code   RO         2293    i.__scatterload_zeroinit  mc_p.l(handlers.o)
    0x2000a3a6   0x2000a3a6   0x00000036   Code   RO         1996    i.arry_sort         rf.lib(patch.o)
    0x2000a3dc   0x2000a3dc   0x0000004c   Code   RO         1997    i.boot_init1        rf.lib(patch.o)
    0x2000a428   0x2000a428   0x00000020   Code   RO         2178    i.check_chip_id     rf.lib(flash_ext.o)
    0x2000a448   0x2000a448   0x00000020   Code   RO         2179    i.check_chip_mAddr  rf.lib(flash_ext.o)
    0x2000a468   0x2000a468   0x00000028   Code   RO         2180    i.check_internal_bus_busy  rf.lib(flash_ext.o)
    0x2000a490   0x2000a490   0x0000006c   Code   RO         2181    i.chip_id_one_bit_hot_convter  rf.lib(flash_ext.o)
    0x2000a4fc   0x2000a4fc   0x00000014   Code   RO         1624    i.clk_gate_enable   clock.o
    0x2000a510   0x2000a510   0x0000000c   Code   RO         1626    i.clk_pclk          clock.o
    0x2000a51c   0x2000a51c   0x00000016   Code   RO         1627    i.clk_reset         clock.o
    0x2000a532   COMPRESSED   0x00000002   PAD
    0x2000a534   0x2000a534   0x00000018   Code   RO         1999    i.clock_time_rtc    rf.lib(patch.o)
    0x2000a54c   0x2000a54c   0x00000060   Code   RO         2000    i.config_RTC1       rf.lib(patch.o)
    0x2000a5ac   0x2000a5ac   0x00000134   Code   RO          165    i.devInfo_ReadAttrCB  devinfoservice.o
    0x2000a6e0   0x2000a6e0   0x00000020   Code   RO         2183    i.disable_spif_flash_write  rf.lib(flash_ext.o)
    0x2000a700   0x2000a700   0x00000020   Code   RO         2184    i.enable_spif_flash_write  rf.lib(flash_ext.o)
    0x2000a720   0x2000a720   0x0000011c   Code   RO         2001    i.enterSleepProcess1  rf.lib(patch.o)
    0x2000a83c   0x2000a83c   0x00000094   Code   RO         2002    i.finidv            rf.lib(patch.o)
    0x2000a8d0   0x2000a8d0   0x00000050   Code   RO         2185    i.flash_block64_erase  rf.lib(flash_ext.o)
    0x2000a920   0x2000a920   0x00000050   Code   RO         2186    i.flash_sector_erase  rf.lib(flash_ext.o)
    0x2000a970   0x2000a970   0x000001f4   Code   RO          567    i.gapRole_ProcessGAPMsg  peripheral.o
    0x2000ab64   0x2000ab64   0x00000080   Code   RO          568    i.gapRole_ProcessOSALMsg  peripheral.o
    0x2000abe4   0x2000abe4   0x0000005c   Code   RO          569    i.gapRole_startConnUpdate  peripheral.o
    0x2000ac40   0x2000ac40   0x0000000e   Code   RO          268    i.gattServApp_FindAuthorizeAttrCB  gattservapp.o
    0x2000ac4e   0x2000ac4e   0x0000001c   Code   RO          269    i.gattServApp_FindCharCfgItem  gattservapp.o
    0x2000ac6a   COMPRESSED   0x00000002   PAD
    0x2000ac6c   0x2000ac6c   0x00000024   Code   RO          270    i.gattServApp_FindPrepareWriteQ  gattservapp.o
    0x2000ac90   0x2000ac90   0x00000020   Code   RO          271    i.gattServApp_FindServiceCBs  gattservapp.o
    0x2000acb0   0x2000acb0   0x0000005c   Code   RO          272    i.gattServApp_HandleConnStatusCB  gattservapp.o
    0x2000ad0c   0x2000ad0c   0x00000088   Code   RO          273    i.gattServApp_ProcessExecuteWriteReq  gattservapp.o
    0x2000ad94   0x2000ad94   0x000000dc   Code   RO          274    i.gattServApp_ProcessFindByTypeValueReq  gattservapp.o
    0x2000ae70   0x2000ae70   0x00000130   Code   RO          275    i.gattServApp_ProcessMsg  gattservapp.o
    0x2000afa0   0x2000afa0   0x000000a0   Code   RO          276    i.gattServApp_ProcessPrepareWriteReq  gattservapp.o
    0x2000b040   0x2000b040   0x00000140   Code   RO          277    i.gattServApp_ProcessReadByGrpTypeReq  gattservapp.o
    0x2000b180   0x2000b180   0x00000100   Code   RO          278    i.gattServApp_ProcessReadByTypeReq  gattservapp.o
    0x2000b280   0x2000b280   0x000000a8   Code   RO          279    i.gattServApp_ProcessReadMultiReq  gattservapp.o
    0x2000b328   0x2000b328   0x00000070   Code   RO          280    i.gattServApp_ProcessWriteReq  gattservapp.o
    0x2000b398   0x2000b398   0x00000078   Code   RO          281    i.gattServApp_SetNumPrepareWrites  gattservapp.o
    0x2000b410   0x2000b410   0x00000030   Code   RO          282    i.gattServApp_WriteAttrCB  gattservapp.o
    0x2000b440   0x2000b440   0x00000028   Code   RO         2003    i.getPN23RandNumber  rf.lib(patch.o)
    0x2000b468   0x2000b468   0x000000c2   Code   RO          489    i.ggs_ReadAttrCB    gapgattserver.o
    0x2000b52a   0x2000b52a   0x00000058   Code   RO          490    i.ggs_SetAttrWPermit  gapgattserver.o
    0x2000b582   COMPRESSED   0x00000002   PAD
    0x2000b584   0x2000b584   0x000000e4   Code   RO          491    i.ggs_WriteAttrCB   gapgattserver.o
    0x2000b668   0x2000b668   0x00000040   Code   RO         1276    i.gpio_interrupt_enable  gpio.o
    0x2000b6a8   0x2000b6a8   0x00000028   Code   RO         1277    i.gpio_pin0to3_pin31to34_control  gpio.o
    0x2000b6d0   0x2000b6d0   0x00000044   Code   RO         1278    i.gpio_sleep_handler  gpio.o
    0x2000b714   0x2000b714   0x0000005c   Code   RO         1279    i.gpio_wakeup_handler  gpio.o
    0x2000b770   0x2000b770   0x0000006c   Code   RO         1280    i.gpioin_event      gpio.o
    0x2000b7dc   0x2000b7dc   0x00000024   Code   RO         1281    i.gpioin_event_pin  gpio.o
    0x2000b800   0x2000b800   0x00000018   Code   RO         1282    i.hal_GPIO_IRQHandler  gpio.o
    0x2000b818   0x2000b818   0x00000040   Code   RO         1535    i.hal_UART0_IRQHandler  uart.o
    0x2000b858   0x2000b858   0x00000010   Code   RO         1154    i.hal_cpyMem        common.o
    0x2000b868   0x2000b868   0x00000028   Code   RO         1285    i.hal_gpio_fmux     gpio.o
    0x2000b890   0x2000b890   0x00000030   Code   RO         1286    i.hal_gpio_fmux_set  gpio.o
    0x2000b8c0   0x2000b8c0   0x0000005c   Code   RO         1287    i.hal_gpio_init     gpio.o
    0x2000b91c   0x2000b91c   0x00000058   Code   RO         1296    i.hal_gpio_pin_init  gpio.o
    0x2000b974   0x2000b974   0x00000034   Code   RO         1297    i.hal_gpio_pull_set  gpio.o
    0x2000b9a8   0x2000b9a8   0x00000038   Code   RO         1298    i.hal_gpio_read     gpio.o
    0x2000b9e0   0x2000b9e0   0x00000050   Code   RO         1300    i.hal_gpio_wakeup_set  gpio.o
    0x2000ba30   0x2000ba30   0x0000006c   Code   RO         1303    i.hal_gpioin_enable  gpio.o
    0x2000ba9c   0x2000ba9c   0x0000003c   Code   RO            4    i.hal_init          main.o
    0x2000bad8   0x2000bad8   0x00000018   Code   RO         1751    i.hal_pwrmgr_RAM_retention_clr  pwrmgr.o
    0x2000baf0   0x2000baf0   0x0000001c   Code   RO         1752    i.hal_pwrmgr_RAM_retention_set  pwrmgr.o
    0x2000bb0c   0x2000bb0c   0x00000034   Code   RO         1753    i.hal_pwrmgr_init   pwrmgr.o
    0x2000bb40   0x2000bb40   0x00000054   Code   RO         1755    i.hal_pwrmgr_lock   pwrmgr.o
    0x2000bb94   0x2000bb94   0x0000003c   Code   RO         1757    i.hal_pwrmgr_register  pwrmgr.o
    0x2000bbd0   0x2000bbd0   0x00000034   Code   RO         1758    i.hal_pwrmgr_sleep_process  pwrmgr.o
    0x2000bc04   0x2000bc04   0x00000060   Code   RO         1759    i.hal_pwrmgr_unlock  pwrmgr.o
    0x2000bc64   0x2000bc64   0x00000030   Code   RO         1761    i.hal_pwrmgr_wakeup_process  pwrmgr.o
    0x2000bc94   0x2000bc94   0x00000078   Code   RO            5    i.hal_rfphy_init    main.o
    0x2000bd0c   0x2000bd0c   0x00000064   Code   RO         2005    i.hal_rom_code_ini  rf.lib(patch.o)
    0x2000bd70   0x2000bd70   0x0000008c   Code   RO         1629    i.hal_rtc_clock_config  clock.o
    0x2000bdfc   0x2000bdfc   0x000000d0   Code   RO         1162    i.hal_system_init   common.o
    0x2000becc   0x2000becc   0x00000054   Code   RO         1537    i.hal_uart_init     uart.o
    0x2000bf20   0x2000bf20   0x0000001c   Code   RO         1538    i.hal_uart_send_buff  uart.o
    0x2000bf3c   0x2000bf3c   0x00000030   Code   RO          742    i.handleConnStatusCB  ota_service.o
    0x2000bf6c   0x2000bf6c   0x00000038   Code   RO          801    i.handle_error      ota_protocol.o
    0x2000bfa4   0x2000bfa4   0x0000003c   Code   RO          802    i.handle_error_state  ota_protocol.o
    0x2000bfe0   0x2000bfe0   0x00000040   Code   RO         1002    i.hard_fault        jump_table.o
    0x2000c020   0x2000c020   0x000001dc   Code   RO         2006    i.init_config       rf.lib(patch.o)
    0x2000c1fc   0x2000c1fc   0x0000004c   Code   RO         1541    i.irq_rx_handler    uart.o
    0x2000c248   0x2000c248   0x00000080   Code   RO         1542    i.irq_tx_empty_handler  uart.o
    0x2000c2c8   0x2000c2c8   0x0000001e   Code   RO         2007    i.llAdjSlaveLatencyValue  rf.lib(patch.o)
    0x2000c2e6   COMPRESSED   0x00000002   PAD
    0x2000c2e8   0x2000c2e8   0x0000016c   Code   RO         2008    i.llProcessRxData1  rf.lib(patch.o)
    0x2000c454   0x2000c454   0x00000228   Code   RO         2009    i.llProcessSlaveControlPacket1  rf.lib(patch.o)
    0x2000c67c   0x2000c67c   0x00000284   Code   RO         2010    i.llProcessSlaveControlProcedures0  rf.lib(patch.o)
    0x2000c900   0x2000c900   0x0000006c   Code   RO         2011    i.llSetupAdv1       rf.lib(patch.o)
    0x2000c96c   0x2000c96c   0x00000194   Code   RO         2012    i.llSetupDirectedAdvEvt1  rf.lib(patch.o)
    0x2000cb00   0x2000cb00   0x00000088   Code   RO         2013    i.llSetupEncRsp0    rf.lib(patch.o)
    0x2000cb88   0x2000cb88   0x0000006c   Code   RO         2014    i.llSetupFeatureSetRsp1  rf.lib(patch.o)
    0x2000cbf4   0x2000cbf4   0x00000148   Code   RO         2015    i.llSetupNextSlaveEvent1  rf.lib(patch.o)
    0x2000cd3c   0x2000cd3c   0x00000038   Code   RO         2016    i.llSetupRejectInd1  rf.lib(patch.o)
    0x2000cd74   0x2000cd74   0x00000070   Code   RO         2017    i.llSetupTermInd1   rf.lib(patch.o)
    0x2000cde4   0x2000cde4   0x000000f8   Code   RO         2018    i.llSetupUndirectedAdvEvt1  rf.lib(patch.o)
    0x2000cedc   0x2000cedc   0x0000005c   Code   RO         2019    i.llSetupUnknownRsp1  rf.lib(patch.o)
    0x2000cf38   0x2000cf38   0x000001b8   Code   RO         2020    i.llSlaveEvt_TaskEndOk1  rf.lib(patch.o)
    0x2000d0f0   0x2000d0f0   0x00000064   Code   RO         2021    i.ll_adptive_adj_next_time  rf.lib(patch.o)
    0x2000d154   0x2000d154   0x00000098   Code   RO         2022    i.ll_adptive_smart_window  rf.lib(patch.o)
    0x2000d1ec   0x2000d1ec   0x00000090   Code   RO         2023    i.ll_hw_go1         rf.lib(patch.o)
    0x2000d27c   0x2000d27c   0x00000028   Code   RO            6    i.main              main.o
    0x2000d2a4   0x2000d2a4   0x0000022c   Code   RO         2024    i.move_to_slave_function1  rf.lib(patch.o)
    0x2000d4d0   0x2000d4d0   0x00000064   Code   RO         1050    i.osalInitTasks     osal_ota.o
    0x2000d534   0x2000d534   0x0000014c   Code   RO         2025    i.osal_pwrmgr_powerconserve1  rf.lib(patch.o)
    0x2000d680   0x2000d680   0x00000108   Code   RO         1103    i.otaApp_Init       ota.o
    0x2000d788   0x2000d788   0x00000068   Code   RO         1104    i.otaApp_ProcessEvent  ota.o
    0x2000d7f0   0x2000d7f0   0x00000038   Code   RO          803    i.otaProtocol_BootMode  ota_protocol.o
    0x2000d828   0x2000d828   0x00000018   Code   RO          804    i.otaProtocol_TimerEvt  ota_protocol.o
    0x2000d840   0x2000d840   0x00000038   Code   RO          805    i.otaProtocol_init  ota_protocol.o
    0x2000d878   0x2000d878   0x00000060   Code   RO          743    i.ota_AddService    ota_service.o
    0x2000d8d8   0x2000d8d8   0x000000c0   Code   RO         1105    i.ota_GapStateCB    ota.o
    0x2000d998   0x2000d998   0x00000058   Code   RO          744    i.ota_Notify        ota_service.o
    0x2000d9f0   0x2000d9f0   0x00000028   Code   RO          745    i.ota_ReadAttrCB    ota_service.o
    0x2000da18   0x2000da18   0x000000ec   Code   RO          746    i.ota_WriteAttrCB   ota_service.o
    0x2000db04   0x2000db04   0x0000004c   Code   RO          938    i.ota_flash_erase   ota_flash.o
    0x2000db50   0x2000db50   0x0000007c   Code   RO          939    i.ota_flash_erase_resource  ota_flash.o
    0x2000dbcc   0x2000dbcc   0x00000004   Code   RO          940    i.ota_flash_load_fct  ota_flash.o
    0x2000dbd0   0x2000dbd0   0x0000005c   Code   RO          941    i.ota_flash_read_bootsector  ota_flash.o
    0x2000dc2c   0x2000dc2c   0x0000006c   Code   RO          942    i.ota_flash_write_boot_sector  ota_flash.o
    0x2000dc98   0x2000dc98   0x0000006a   Code   RO          943    i.ota_flash_write_partition  ota_flash.o
    0x2000dd02   0x2000dd02   0x00000014   Code   RO         1082    i.ota_main          ota_main.o
    0x2000dd16   COMPRESSED   0x00000002   PAD
    0x2000dd18   0x2000dd18   0x00000068   Code   RO          806    i.partition_program  ota_protocol.o
    0x2000dd80   0x2000dd80   0x0000003c   Code   RO         1478    i.phy_printf        my_printf.o
    0x2000ddbc   0x2000ddbc   0x00000010   Code   RO         1479    i.phy_printf_init   my_printf.o
    0x2000ddcc   0x2000ddcc   0x00000104   Code   RO         1480    i.print             my_printf.o
    0x2000ded0   0x2000ded0   0x0000002c   Code   RO         1481    i.printchar         my_printf.o
    0x2000defc   0x2000defc   0x00000092   Code   RO         1482    i.printi            my_printf.o
    0x2000df8e   0x2000df8e   0x00000070   Code   RO         1483    i.prints            my_printf.o
    0x2000dffe   COMPRESSED   0x00000002   PAD
    0x2000e000   0x2000e000   0x000001e0   Code   RO          807    i.process_ctrl_cmd  ota_protocol.o
    0x2000e1e0   0x2000e1e0   0x00000058   Code   RO          808    i.process_ota_data  ota_protocol.o
    0x2000e238   0x2000e238   0x000000c8   Code   RO          809    i.process_ota_partition_data  ota_protocol.o
    0x2000e300   0x2000e300   0x0000006c   Code   RO          810    i.process_service_evt  ota_protocol.o
    0x2000e36c   0x2000e36c   0x00000060   Code   RO         2028    i.rc32k_calibration  rf.lib(patch.o)
    0x2000e3cc   0x2000e3cc   0x00000040   Code   RO         2029    i.rc32k_calibration_check  rf.lib(patch.o)
    0x2000e40c   0x2000e40c   0x00000070   Code   RO         2030    i.rc32k_tracking_check  rf.lib(patch.o)
    0x2000e47c   0x2000e47c   0x0000003c   Code   RO         2188    i.read_chip_id      rf.lib(flash_ext.o)
    0x2000e4b8   0x2000e4b8   0x00000040   Code   RO         2189    i.read_chip_mAddr   rf.lib(flash_ext.o)
    0x2000e4f8   0x2000e4f8   0x00000024   Code   RO          811    i.response          ota_protocol.o
    0x2000e51c   0x2000e51c   0x00000024   Code   RO          812    i.response_err      ota_protocol.o
    0x2000e540   0x2000e540   0x00000028   Code   RO         2031    i.rf_calibrate1     rf.lib(patch.o)
    0x2000e568   0x2000e568   0x000000dc   Code   RO         2115    i.rf_phy_ana_cfg    rf.lib(rf_phy_driver.o)
    0x2000e644   0x2000e644   0x00000110   Code   RO         2116    i.rf_phy_bb_cfg     rf.lib(rf_phy_driver.o)
    0x2000e754   0x2000e754   0x00000030   Code   RO         2130    i.rf_phy_get_pktFoot  rf.lib(rf_phy_driver.o)
    0x2000e784   0x2000e784   0x0000001c   Code   RO         2131    i.rf_phy_ini        rf.lib(rf_phy_driver.o)
    0x2000e7a0   0x2000e7a0   0x00000034   Code   RO         2132    i.rf_phy_set_txPower  rf.lib(rf_phy_driver.o)
    0x2000e7d4   0x2000e7d4   0x00000108   Code   RO         2133    i.rf_rxDcoc_cfg     rf.lib(rf_phy_driver.o)
    0x2000e8dc   0x2000e8dc   0x0000009c   Code   RO         2136    i.rf_tpCal_gen_cap_arrary  rf.lib(rf_phy_driver.o)
    0x2000e978   0x2000e978   0x00000094   Code   RO         2137    i.rf_tp_cal         rf.lib(rf_phy_driver.o)
    0x2000ea0c   0x2000ea0c   0x00000016   Code   RO          813    i.run_fct           ota_protocol.o
    0x2000ea22   COMPRESSED   0x00000002   PAD
    0x2000ea24   0x2000ea24   0x00000050   Code   RO          814    i.sector_crypto     ota_protocol.o
    0x2000ea74   0x2000ea74   0x00000014   Code   RO          815    i.start_timer       ota_protocol.o
    0x2000ea88   0x2000ea88   0x00000024   Code   RO         1164    i.subWriteReg       common.o
    0x2000eaac   0x2000eaac   0x00000068   Code   RO         1543    i.txmit_buf_polling  uart.o
    0x2000eb14   0x2000eb14   0x00000080   Code   RO         1544    i.txmit_buf_use_tx_buf  uart.o
    0x2000eb94   0x2000eb94   0x00000098   Code   RO         1545    i.uart_hw_config    uart.o
    0x2000ec2c   0x2000ec2c   0x00000054   Code   RO          816    i.validate_partition_parameter  ota_protocol.o
    0x2000ec80   0x2000ec80   0x0000002c   Code   RO         2034    i.verify_mic        rf.lib(patch.o)
    0x2000ecac   0x2000ecac   0x000001a8   Code   RO         2035    i.wakeupProcess1    rf.lib(patch.o)
    0x2000ee54   0x2000ee54   0x000000d8   Code   RO         2036    i.wakeup_init1      rf.lib(patch.o)
    0x2000ef2c   0x2000ef2c   0x00000068   Code   RO          817    i.write_app_boot_sector  ota_protocol.o
    0x2000ef94   0x2000ef94   0x00000002   Data   RO          166    .constdata          devinfoservice.o
    0x2000ef96   0x2000ef96   0x00000002   Data   RO          167    .constdata          devinfoservice.o
    0x2000ef98   0x2000ef98   0x00000002   Data   RO          168    .constdata          devinfoservice.o
    0x2000ef9a   0x2000ef9a   0x00000002   Data   RO          169    .constdata          devinfoservice.o
    0x2000ef9c   0x2000ef9c   0x00000002   Data   RO          170    .constdata          devinfoservice.o
    0x2000ef9e   0x2000ef9e   0x00000002   Data   RO          171    .constdata          devinfoservice.o
    0x2000efa0   0x2000efa0   0x00000002   Data   RO          172    .constdata          devinfoservice.o
    0x2000efa2   0x2000efa2   0x00000002   Data   RO          173    .constdata          devinfoservice.o
    0x2000efa4   0x2000efa4   0x00000002   Data   RO          174    .constdata          devinfoservice.o
    0x2000efa6   0x2000efa6   0x00000002   Data   RO          175    .constdata          devinfoservice.o
    0x2000efa8   0x2000efa8   0x00000008   Data   RO          176    .constdata          devinfoservice.o
    0x2000efb0   0x2000efb0   0x00000080   Data   RO          177    .constdata          devinfoservice.o
    0x2000f030   0x2000f030   0x00000008   Data   RO          284    .constdata          gattservapp.o
    0x2000f038   0x2000f038   0x0000000c   Data   RO          285    .constdata          gattservapp.o
    0x2000f044   0x2000f044   0x00000008   Data   RO          493    .constdata          gapgattserver.o
    0x2000f04c   0x2000f04c   0x0000000c   Data   RO          494    .constdata          gapgattserver.o
    0x2000f058   0x2000f058   0x00000002   Data   RO          674    .constdata          heartrateservice.o
    0x2000f05a   0x2000f05a   0x00000002   Data   RO          675    .constdata          heartrateservice.o
    0x2000f05c   0x2000f05c   0x00000002   Data   RO          676    .constdata          heartrateservice.o
    0x2000f05e   0x2000f05e   0x00000002   Data   RO          677    .constdata          heartrateservice.o
    0x2000f060   0x2000f060   0x00000008   Data   RO          678    .constdata          heartrateservice.o
    0x2000f068   0x2000f068   0x00000010   Data   RO          747    .constdata          ota_service.o
    0x2000f078   0x2000f078   0x00000010   Data   RO          748    .constdata          ota_service.o
    0x2000f088   0x2000f088   0x00000010   Data   RO          749    .constdata          ota_service.o
    0x2000f098   0x2000f098   0x00000010   Data   RO          750    .constdata          ota_service.o
    0x2000f0a8   0x2000f0a8   0x00000008   Data   RO          751    .constdata          ota_service.o
    0x2000f0b0   0x2000f0b0   0x0000000c   Data   RO          752    .constdata          ota_service.o
    0x2000f0bc   0x2000f0bc   0x00000024   Data   RO         1051    .constdata          osal_ota.o
    0x2000f0e0   0x2000f0e0   0x00000001   Data   RO         1052    .constdata          osal_ota.o
    0x2000f0e1   COMPRESSED   0x00000003   PAD
    0x2000f0e4   0x2000f0e4   0x00000010   Data   RO         1485    .constdata          my_printf.o
    0x2000f0f4   0x2000f0f4   0x0000000c   Data   RO         1547    .constdata          uart.o
    0x2000f100   0x2000f100   0x00000011   Data   RO         2039    .conststring        rf.lib(patch.o)
    0x2000f111   COMPRESSED   0x00000003   PAD
    0x2000f114   0x2000f114   0x00000070   Data   RO         2289    Region$$Table       anon$$obj.o
    0x2000f184   COMPRESSED   0x00000001   Data   RW          178    .data               devinfoservice.o
    0x2000f185   COMPRESSED   0x00000003   PAD
    0x2000f188   COMPRESSED   0x00000140   Data   RW          179    .data               devinfoservice.o
    0x2000f2c8   COMPRESSED   0x00000001   Data   RW          180    .data               devinfoservice.o
    0x2000f2c9   COMPRESSED   0x00000001   Data   RW          181    .data               devinfoservice.o
    0x2000f2ca   COMPRESSED   0x00000001   Data   RW          182    .data               devinfoservice.o
    0x2000f2cb   COMPRESSED   0x00000001   Data   RW          183    .data               devinfoservice.o
    0x2000f2cc   COMPRESSED   0x00000001   Data   RW          184    .data               devinfoservice.o
    0x2000f2cd   COMPRESSED   0x00000001   Data   RW          185    .data               devinfoservice.o
    0x2000f2ce   COMPRESSED   0x00000001   Data   RW          186    .data               devinfoservice.o
    0x2000f2cf   COMPRESSED   0x00000001   Data   RW          187    .data               devinfoservice.o
    0x2000f2d0   COMPRESSED   0x00000058   Data   RW          286    .data               gattservapp.o
    0x2000f328   COMPRESSED   0x00000001   Data   RW          287    .data               gattservapp.o
    0x2000f329   COMPRESSED   0x00000003   PAD
    0x2000f32c   COMPRESSED   0x00000080   Data   RW          495    .data               gapgattserver.o
    0x2000f3ac   COMPRESSED   0x00000001   Data   RW          496    .data               gapgattserver.o
    0x2000f3ad   COMPRESSED   0x00000001   Data   RW          497    .data               gapgattserver.o
    0x2000f3ae   COMPRESSED   0x00000001   Data   RW          498    .data               gapgattserver.o
    0x2000f3af   COMPRESSED   0x00000001   PAD
    0x2000f3b0   COMPRESSED   0x00000061   Data   RW          571    .data               peripheral.o
    0x2000f411   COMPRESSED   0x00000001   Data   RW          680    .data               heartrateservice.o
    0x2000f412   COMPRESSED   0x00000001   Data   RW          681    .data               heartrateservice.o
    0x2000f413   COMPRESSED   0x00000001   Data   RW          682    .data               heartrateservice.o
    0x2000f414   COMPRESSED   0x00000090   Data   RW          683    .data               heartrateservice.o
    0x2000f4a4   COMPRESSED   0x00000001   Data   RW          684    .data               heartrateservice.o
    0x2000f4a5   COMPRESSED   0x00000001   Data   RW          753    .data               ota_service.o
    0x2000f4a6   COMPRESSED   0x00000001   Data   RW          754    .data               ota_service.o
    0x2000f4a7   COMPRESSED   0x00000001   Data   RW          755    .data               ota_service.o
    0x2000f4a8   COMPRESSED   0x00000001   Data   RW          756    .data               ota_service.o
    0x2000f4a9   COMPRESSED   0x00000001   Data   RW          757    .data               ota_service.o
    0x2000f4aa   COMPRESSED   0x00000001   Data   RW          758    .data               ota_service.o
    0x2000f4ab   COMPRESSED   0x00000001   PAD
    0x2000f4ac   COMPRESSED   0x0000008c   Data   RW          759    .data               ota_service.o
    0x2000f538   COMPRESSED   0x00000001   Data   RW          820    .data               ota_protocol.o
    0x2000f539   COMPRESSED   0x00000003   PAD
    0x2000f53c   COMPRESSED   0x00000004   Data   RW         1053    .data               osal_ota.o
    0x2000f540   COMPRESSED   0x0000003a   Data   RW         1106    .data               ota.o
    0x2000f57a   COMPRESSED   0x00000002   Data   RW         1486    .data               my_printf.o
    0x2000f57c   COMPRESSED   0x00000008   Data   RW         1764    .data               pwrmgr.o
    0x2000f584   COMPRESSED   0x00000004   Data   RW         1946    .data               system_armcm0.o
    0x2000f588   COMPRESSED   0x00000004   Data   RW         2040    .data               rf.lib(patch.o)
    0x2000f58c   COMPRESSED   0x00000058   Data   RW         2041    .data               rf.lib(patch.o)
    0x2000f5e4   COMPRESSED   0x00000038   Data   RW         2140    .data               rf.lib(rf_phy_driver.o)
    0x2000f61c   COMPRESSED   0x0000000a   Data   RW         2196    .data               rf.lib(flash_ext.o)
    0x2000f626   COMPRESSED   0x00000002   PAD
    0x2000f628        -       0x00000210   Zero   RW          283    .bss                gattservapp.o
    0x2000f838        -       0x00000016   Zero   RW          492    .bss                gapgattserver.o
    0x2000f84e        -       0x0000003f   Zero   RW          570    .bss                peripheral.o
    0x2000f88d   COMPRESSED   0x00000003   PAD
    0x2000f890        -       0x0000021c   Zero   RW          819    .bss                ota_protocol.o
    0x2000faac        -       0x000001c8   Zero   RW         1306    .bss                gpio.o
    0x2000fc74        -       0x00000078   Zero   RW         1484    .bss                my_printf.o
    0x2000fcec        -       0x00000020   Zero   RW         1546    .bss                uart.o
    0x2000fd0c        -       0x00000078   Zero   RW         1763    .bss                pwrmgr.o
    0x2000fd84        -       0x000001bc   Zero   RW         2037    .bss                rf.lib(patch.o)
    0x2000ff40        -       0x00000028   Zero   RW         2139    .bss                rf.lib(rf_phy_driver.o)
    0x2000ff68        -       0x00000041   Zero   RW         2195    .bss                rf.lib(flash_ext.o)
    0x2000ffa9   COMPRESSED   0x00000007   PAD
    0x2000ffb0        -       0x00000c00   Zero   RW         1935    STACK               startup_armcm0.o



  Load Region LR_IROM2 (Base: 0x1fff4000, Size: 0x00014000, Max: 0x00014000, ABSOLUTE, COMPRESSED[0x00000284])

    Execution Region OTA_SECTOR (Exec base: 0x1fff4000, Load base: 0x1fff4000, Size: 0x00014000, Max: 0x00014000, ABSOLUTE, COMPRESSED[0x00000284])

    Exec Addr    Load Addr    Size         Type   Attr      Idx    E Section Name        Object

    0x1fff4000   COMPRESSED   0x00014000   Data   RW          821    ota_partition_buffer_area  ota_protocol.o



  Load Region LR_IROM3 (Base: 0x1fff0800, Size: 0x00000800, Max: 0x00000800, ABSOLUTE, COMPRESSED[0x0000040c])

    Execution Region JUMP_TABLE (Exec base: 0x1fff0800, Load base: 0x1fff0800, Size: 0x00000400, Max: 0x00000400, ABSOLUTE)

    Exec Addr    Load Addr    Size         Type   Attr      Idx    E Section Name        Object

    0x1fff0800   0x1fff0800   0x00000400   Data   RO         1004    jump_table_mem_area  jump_table.o


    Execution Region GOLBAL_CONFIG (Exec base: 0x1fff0c00, Load base: 0x1fff0c00, Size: 0x00000400, Max: 0x00000400, ABSOLUTE, COMPRESSED[0x0000000c])

    Exec Addr    Load Addr    Size         Type   Attr      Idx    E Section Name        Object

    0x1fff0c00   COMPRESSED   0x00000400   Data   RW         1003    global_config_area  jump_table.o



  Load Region LR_IROM4 (Base: 0x20012000, Size: 0x00000504, Max: 0x00000800, ABSOLUTE)

    Execution Region OTA_APP_LOADER (Exec base: 0x20012000, Load base: 0x20012000, Size: 0x00000504, Max: 0x00000800, ABSOLUTE)

    Exec Addr    Load Addr    Size         Type   Attr      Idx    E Section Name        Object

    0x20012000   0x20012000   0x0000000c   Ven    RO         2478    Veneer$$Code        anon$$obj.o
    0x2001200c   0x2001200c   0x0000015c   Code   RO         2229    i.LL_ENC_AES128_Encrypt_X  rf.lib(aes.o)
    0x20012168   0x20012168   0x000001ac   Code   RO         2233    i.aes_ccm_phyplus_dec  rf.lib(aes.o)
    0x20012314   0x20012314   0x0000003c   Code   RO         1859    i.crc16             crc16.o
    0x20012350   0x20012350   0x0000001c   Code   RO         2235    i.flash_load_parition  rf.lib(aes.o)
    0x2001236c   0x2001236c   0x0000000a   Code   RO         2238    i.is_crypto_app     rf.lib(aes.o)
    0x20012376   0x20012376   0x00000018   Code   RO         2240    i.xor128bit         rf.lib(aes.o)
    0x2001238e   0x2001238e   0x00000002   PAD
    0x20012390   0x20012390   0x00000028   Code   RO          818    ota_app_loader_area  ota_protocol.o
    0x200123b8   0x200123b8   0x0000012c   Code   RO          944    ota_app_loader_area  ota_flash.o
    0x200124e4   0x200124e4   0x00000020   Data   RO         1868    .constdata          crc16.o

