Component: ARM Compiler 5.06 update 6 (build 750) Tool: armlink [4d35ed]

==============================================================================

Section Cross References

    main.o(i.gpio_pos_wakeuphandler) refers to pwrmgr.o(i.hal_pwrmgr_lock) for hal_pwrmgr_lock
    main.o(i.gpio_pos_wakeuphandler) refers to gpio.o(i.hal_gpio_write) for hal_gpio_write
    main.o(i.gpio_pos_wakeuphandler) refers to main.o(.data) for .data
    main.o(i.gpio_pos_wakeuphandler) refers to rawadv.o(.data) for advertData
    main.o(i.gpio_pos_wakeuphandler) refers to patch.o(.data) for pGlobal_config
    main.o(i.hal_rfphy_init) refers to patch.o(i.hal_rom_code_ini) for hal_rom_code_ini
    main.o(i.hal_rfphy_init) refers to gpio.o(i.hal_gpio_pull_set) for hal_gpio_pull_set
    main.o(i.hal_rfphy_init) refers to common.o(i.subWriteReg) for subWriteReg
    main.o(i.hal_rfphy_init) refers to main.o(i.__NVIC_SetPriority) for __NVIC_SetPriority
    main.o(i.hal_rfphy_init) refers to pwrmgr.o(i.hal_pwrmgr_register) for hal_pwrmgr_register
    main.o(i.hal_rfphy_init) refers to rf_phy_driver.o(.data) for g_rfPhyTxPower
    main.o(i.hal_rfphy_init) refers to main.o(i.rf_wakeup_handler) for rf_wakeup_handler
    main.o(i.main) refers to patch.o(i.init_config) for init_config
    main.o(i.main) refers to pwrmgr.o(i.hal_pwrmgr_init) for hal_pwrmgr_init
    main.o(i.main) refers to main.o(i.hal_rfphy_init) for hal_rfphy_init
    main.o(i.main) refers to common.o(i.hal_system_init) for hal_system_init
    main.o(i.main) refers to clock.o(i.hal_rtc_clock_config) for hal_rtc_clock_config
    main.o(i.main) refers to pwrmgr.o(i.hal_pwrmgr_RAM_retention) for hal_pwrmgr_RAM_retention
    main.o(i.main) refers to uart.o(i.hal_uart_init) for hal_uart_init
    main.o(i.main) refers to gpio.o(i.hal_gpio_init) for hal_gpio_init
    main.o(i.main) refers to pwrmgr.o(i.hal_pwrmgr_register) for hal_pwrmgr_register
    main.o(i.main) refers to gpio.o(i.hal_gpioin_register) for hal_gpioin_register
    main.o(i.main) refers to gpio.o(i.hal_gpio_pull_set) for hal_gpio_pull_set
    main.o(i.main) refers to my_printf.o(i.phy_printf) for phy_printf
    main.o(i.main) refers to rawadv_main.o(i.app_main) for app_main
    main.o(i.main) refers to rf_phy_driver.o(.data) for g_system_clk
    main.o(i.main) refers to main.o(.constdata) for .constdata
    main.o(i.main) refers to main.o(i.rf_wakeup_handler) for rf_wakeup_handler
    main.o(i.main) refers to main.o(i.gpio_pos_wakeuphandler) for gpio_pos_wakeuphandler
    main.o(i.rf_wakeup_handler) refers to main.o(i.__NVIC_SetPriority) for __NVIC_SetPriority
    main.o(i.uart_tst_evt) refers to pwrmgr.o(i.hal_pwrmgr_unlock) for hal_pwrmgr_unlock
    main.o(i.uart_tst_evt) refers to main.o(.data) for .data
    main.o(i.uart_tst_evt) refers to rawadv.o(.data) for advertData
    main.o(.constdata) refers to main.o(i.uart_tst_evt) for uart_tst_evt
    devinfoservice.o(i.DevInfo_AddService) refers to gattservapp.o(i.GATTServApp_RegisterService) for GATTServApp_RegisterService
    devinfoservice.o(i.DevInfo_AddService) refers to devinfoservice.o(.constdata) for .constdata
    devinfoservice.o(i.DevInfo_AddService) refers to devinfoservice.o(.data) for .data
    devinfoservice.o(i.DevInfo_GetParameter) refers to devinfoservice.o(.data) for .data
    devinfoservice.o(i.DevInfo_GetParameter) refers to devinfoservice.o(.constdata) for .constdata
    devinfoservice.o(i.DevInfo_SetParameter) refers to devinfoservice.o(.data) for .data
    devinfoservice.o(i.devInfo_ReadAttrCB) refers to devinfoservice.o(.data) for .data
    devinfoservice.o(i.devInfo_ReadAttrCB) refers to devinfoservice.o(.constdata) for .constdata
    devinfoservice.o(.constdata) refers to devinfoservice.o(.constdata) for devInfoServUUID
    devinfoservice.o(.constdata) refers to devinfoservice.o(i.devInfo_ReadAttrCB) for devInfo_ReadAttrCB
    devinfoservice.o(.data) refers to devinfoservice.o(.constdata) for devInfoService
    devinfoservice.o(.data) refers to devinfoservice.o(.data) for devInfoSystemIdProps
    devinfoservice.o(.data) refers to devinfoservice.o(.constdata) for devInfoSystemIdUUID
    devinfoservice.o(.data) refers to devinfoservice.o(.data) for devInfoModelNumberProps
    devinfoservice.o(.data) refers to devinfoservice.o(.constdata) for devInfoModelNumberUUID
    devinfoservice.o(.data) refers to devinfoservice.o(.constdata) for devInfoModelNumber
    devinfoservice.o(.data) refers to devinfoservice.o(.data) for devInfoSerialNumberProps
    devinfoservice.o(.data) refers to devinfoservice.o(.constdata) for devInfoSerialNumberUUID
    devinfoservice.o(.data) refers to devinfoservice.o(.data) for devInfoFirmwareRevProps
    devinfoservice.o(.data) refers to devinfoservice.o(.constdata) for devInfoFirmwareRevUUID
    devinfoservice.o(.data) refers to devinfoservice.o(.data) for devInfoHardwareRevProps
    devinfoservice.o(.data) refers to devinfoservice.o(.constdata) for devInfoHardwareRevUUID
[...]
    Long Thumb to Thumb Veneer to GAP_UpdateAdvertisingData 0x1fff42ad   Thumb Code    12  anon$$obj.o(Veneer$$Code)
    Long Thumb to Thumb Veneer to osal_get_timeoutEx 0x1fff42b9   Thumb Code    12  anon$$obj.o(Veneer$$Code)
    Long Thumb to Thumb Veneer to GAP_SetParamValue 0x1fff42c5   Thumb Code    12  anon$$obj.o(Veneer$$Code)
    Long Thumb to Thumb Veneer to GAP_TerminateLinkReq 0x1fff42d1   Thumb Code    12  anon$$obj.o(Veneer$$Code)
    Long Thumb to Thumb Veneer to GAP_ParamsInit 0x1fff42dd   Thumb Code    12  anon$$obj.o(Veneer$$Code)
    Long Thumb to Thumb Veneer to GAP_SecParamsInit 0x1fff42e9   Thumb Code    12  anon$$obj.o(Veneer$$Code)
    Long Thumb to Thumb Veneer to GAP_PeriDevMgrInit 0x1fff42f5   Thumb Code    12  anon$$obj.o(Veneer$$Code)
    Long Thumb to Thumb Veneer to SM_ResponderInit 0x1fff4301   Thumb Code    12  anon$$obj.o(Veneer$$Code)
    Long Thumb to Thumb Veneer to GATT_RegisterForReq 0x1fff430d   Thumb Code    12  anon$$obj.o(Veneer$$Code)
    Long Thumb to Thumb Veneer to linkDB_Register 0x1fff4319   Thumb Code    12  anon$$obj.o(Veneer$$Code)
    Long Thumb to Thumb Veneer to GATT_FindHandle 0x1fff4325   Thumb Code    12  anon$$obj.o(Veneer$$Code)
    Long Thumb to Thumb Veneer to GATT_FindNextAttr 0x1fff4331   Thumb Code    12  anon$$obj.o(Veneer$$Code)
    Long Thumb to Thumb Veneer to ATT_CompareUUID 0x1fff433d   Thumb Code    12  anon$$obj.o(Veneer$$Code)
    Long Thumb to Thumb Veneer to osal_strlen 0x1fff4349   Thumb Code    12  anon$$obj.o(Veneer$$Code)
    Long Thumb to Thumb Veneer to GATT_RegisterService 0x1fff4355   Thumb Code    12  anon$$obj.o(Veneer$$Code)
    Long Thumb to Thumb Veneer to osal_mem_alloc 0x1fff4361   Thumb Code    12  anon$$obj.o(Veneer$$Code)
    Long Thumb to Thumb Veneer to osal_msg_allocate 0x1fff436d   Thumb Code    12  anon$$obj.o(Veneer$$Code)
    Long Thumb to Thumb Veneer to osal_msg_send 0x1fff4379   Thumb Code    12  anon$$obj.o(Veneer$$Code)
    Long Thumb to Thumb Veneer to GATT_ServiceChangedInd 0x1fff4385   Thumb Code    12  anon$$obj.o(Veneer$$Code)
    Long Thumb to Thumb Veneer to LL_ENC_LoadKey 0x1fff4391   Thumb Code    12  anon$$obj.o(Veneer$$Code)
    Long Thumb to Thumb Veneer to LL_ENC_GenerateNonce 0x1fff439d   Thumb Code    12  anon$$obj.o(Veneer$$Code)
    Long Thumb to Thumb Veneer to read_current_fine_time 0x1fff43a9   Thumb Code    12  anon$$obj.o(Veneer$$Code)
    Long Thumb to Thumb Veneer to ll_debug_output 0x1fff43b5   Thumb Code    12  anon$$obj.o(Veneer$$Code)
    Long Thumb to Thumb Veneer to ll_hw_get_irq_status 0x1fff43c1   Thumb Code    12  anon$$obj.o(Veneer$$Code)
    Long Thumb to Thumb Veneer to ll_hw_get_tr_mode 0x1fff43cd   Thumb Code    12  anon$$obj.o(Veneer$$Code)
    Long Thumb to Thumb Veneer to ll_hw_clr_irq 0x1fff43d9   Thumb Code    12  anon$$obj.o(Veneer$$Code)
    Long Thumb to Thumb Veneer to ll_hw_read_rfifo 0x1fff43e5   Thumb Code    12  anon$$obj.o(Veneer$$Code)
    Long Thumb to Thumb Veneer to ll_hw_set_stx 0x1fff43f1   Thumb Code    12  anon$$obj.o(Veneer$$Code)
    Long Thumb to Thumb Veneer to ll_hw_set_trx_settle 0x1fff43fd   Thumb Code    12  anon$$obj.o(Veneer$$Code)
    Long Thumb to Thumb Veneer to ll_hw_go   0x1fff4409   Thumb Code    12  anon$$obj.o(Veneer$$Code)
    Long Thumb to Thumb Veneer to ll_hw_rst_rfifo 0x1fff4415   Thumb Code    12  anon$$obj.o(Veneer$$Code)
    Long Thumb to Thumb Veneer to ll_hw_rst_tfifo 0x1fff4421   Thumb Code    12  anon$$obj.o(Veneer$$Code)
    Long Thumb to Thumb Veneer to ll_hw_write_tfifo 0x1fff442d   Thumb Code    12  anon$$obj.o(Veneer$$Code)
    Long Thumb to Thumb Veneer to move_to_slave_function 0x1fff4439   Thumb Code    12  anon$$obj.o(Veneer$$Code)
    Long Thumb to Thumb Veneer to ll_schedule_next_event 0x1fff4445   Thumb Code    12  anon$$obj.o(Veneer$$Code)
    Long Thumb to Thumb Veneer to ll_hw_get_loop_cycle 0x1fff4451   Thumb Code    12  anon$$obj.o(Veneer$$Code)
    Long Thumb to Thumb Veneer to __aeabi_uidivmod 0x1fff445d   Thumb Code    12  anon$$obj.o(Veneer$$Code)
    Long Thumb to Thumb Veneer to ll_hw_get_anchor 0x1fff4469   Thumb Code    12  anon$$obj.o(Veneer$$Code)
    Long Thumb to Thumb Veneer to ll_hw_get_txAck 0x1fff4475   Thumb Code    12  anon$$obj.o(Veneer$$Code)
    Long Thumb to Thumb Veneer to ll_hw_update 0x1fff4481   Thumb Code    12  anon$$obj.o(Veneer$$Code)
    Long Thumb to Thumb Veneer to ll_hw_get_nAck 0x1fff448d   Thumb Code    12  anon$$obj.o(Veneer$$Code)
    Long Thumb to Thumb Veneer to ll_hw_get_rxPkt_stats 0x1fff4499   Thumb Code    12  anon$$obj.o(Veneer$$Code)
    Long Thumb to Thumb Veneer to ll_hw_process_RTO 0x1fff44a5   Thumb Code    12  anon$$obj.o(Veneer$$Code)
    Long Thumb to Thumb Veneer to ll_hw_read_tfifo_rtlp 0x1fff44b1   Thumb Code    12  anon$$obj.o(Veneer$$Code)
    Long Thumb to Thumb Veneer to ll_read_rxfifo 0x1fff44bd   Thumb Code    12  anon$$obj.o(Veneer$$Code)
    Long Thumb to Thumb Veneer to llSlaveEvt_TaskEndOk 0x1fff44c9   Thumb Code    12  anon$$obj.o(Veneer$$Code)
    Long Thumb to Thumb Veneer to llResetRfCounters 0x1fff44d5   Thumb Code    12  anon$$obj.o(Veneer$$Code)
    Long Thumb to Thumb Veneer to set_crc_seed 0x1fff44e1   Thumb Code    12  anon$$obj.o(Veneer$$Code)
    Long Thumb to Thumb Veneer to set_access_address 0x1fff44ed   Thumb Code    12  anon$$obj.o(Veneer$$Code)
    Long Thumb to Thumb Veneer to set_channel 0x1fff44f9   Thumb Code    12  anon$$obj.o(Veneer$$Code)
    Long Thumb to Thumb Veneer to set_whiten_seed 0x1fff4505   Thumb Code    12  anon$$obj.o(Veneer$$Code)
    Long Thumb to Thumb Veneer to ll_hw_set_rx_timeout_1st 0x1fff4511   Thumb Code    12  anon$$obj.o(Veneer$$Code)
    Long Thumb to Thumb Veneer to ll_hw_set_loop_timeout 0x1fff451d   Thumb Code    12  anon$$obj.o(Veneer$$Code)
    Long Thumb to Thumb Veneer to ll_hw_set_loop_nack_num 0x1fff4529   Thumb Code    12  anon$$obj.o(Veneer$$Code)
    Long Thumb to Thumb Veneer to ll_hw_ign_rfifo 0x1fff4535   Thumb Code    12  anon$$obj.o(Veneer$$Code)
    Long Thumb to Thumb Veneer to ll_generateTxBuffer 0x1fff4541   Thumb Code    12  anon$$obj.o(Veneer$$Code)
    Long Thumb to Thumb Veneer to ll_hw_config 0x1fff454d   Thumb Code    12  anon$$obj.o(Veneer$$Code)
    Long Thumb to Thumb Veneer to clearTimerInt 0x1fff4559   Thumb Code    12  anon$$obj.o(Veneer$$Code)
    Long Thumb to Thumb Veneer to clear_timer 0x1fff4565   Thumb Code    12  anon$$obj.o(Veneer$$Code)
    Long Thumb to Thumb Veneer to LL_evt_schedule 0x1fff4571   Thumb Code    12  anon$$obj.o(Veneer$$Code)
    Long Thumb to Thumb Veneer to osal_init_system 0x1fff457d   Thumb Code    12  anon$$obj.o(Veneer$$Code)
    Long Thumb to Thumb Veneer to osal_pwrmgr_device 0x1fff4589   Thumb Code    12  anon$$obj.o(Veneer$$Code)
    Long Thumb to Thumb Veneer to osal_start_system 0x1fff4595   Thumb Code    12  anon$$obj.o(Veneer$$Code)
    Long Thumb to Thumb Veneer to config_RTC 0x1fff45a1   Thumb Code    12  anon$$obj.o(Veneer$$Code)
    Long Thumb to Thumb Veneer to set_sleep_flag 0x1fff45ad   Thumb Code    12  anon$$obj.o(Veneer$$Code)
    Long Thumb to Thumb Veneer to enter_sleep_off_mode 0x1fff45b9   Thumb Code    12  anon$$obj.o(Veneer$$Code)
    Long Thumb to Thumb Veneer to L2CAP_ConnParamUpdateReq 0x1fff45c5   Thumb Code    12  anon$$obj.o(Veneer$$Code)
    Long Thumb to Thumb Veneer to linkDB_State 0x1fff45d1   Thumb Code    12  anon$$obj.o(Veneer$$Code)
    Long Thumb to Thumb Veneer to ATT_ExecuteWriteRsp 0x1fff45dd   Thumb Code    12  anon$$obj.o(Veneer$$Code)
    Long Thumb to Thumb Veneer to GATT_FindHandleUUID 0x1fff45e9   Thumb Code    12  anon$$obj.o(Veneer$$Code)
    Long Thumb to Thumb Veneer to ATT_FindByTypeValueRsp 0x1fff45f5   Thumb Code    12  anon$$obj.o(Veneer$$Code)
    Long Thumb to Thumb Veneer to ATT_ExchangeMTURsp 0x1fff4601   Thumb Code    12  anon$$obj.o(Veneer$$Code)
    Long Thumb to Thumb Veneer to ATT_ReadRsp 0x1fff460d   Thumb Code    12  anon$$obj.o(Veneer$$Code)
    Long Thumb to Thumb Veneer to ATT_ReadBlobRsp 0x1fff4619   Thumb Code    12  anon$$obj.o(Veneer$$Code)
    Long Thumb to Thumb Veneer to ATT_ErrorRsp 0x1fff4625   Thumb Code    12  anon$$obj.o(Veneer$$Code)
    Long Thumb to Thumb Veneer to GATT_AppCompletedMsg 0x1fff4631   Thumb Code    12  anon$$obj.o(Veneer$$Code)
    Long Thumb to Thumb Veneer to ATT_PrepareWriteRsp 0x1fff463d   Thumb Code    12  anon$$obj.o(Veneer$$Code)
    Long Thumb to Thumb Veneer to GATT_VerifyReadPermissions 0x1fff4649   Thumb Code    12  anon$$obj.o(Veneer$$Code)
    Long Thumb to Thumb Veneer to ATT_ReadByGrpTypeRsp 0x1fff4655   Thumb Code    12  anon$$obj.o(Veneer$$Code)
    Long Thumb to Thumb Veneer to ATT_ReadByTypeRsp 0x1fff4661   Thumb Code    12  anon$$obj.o(Veneer$$Code)
    Long Thumb to Thumb Veneer to ATT_ReadMultiRsp 0x1fff466d   Thumb Code    12  anon$$obj.o(Veneer$$Code)
    Long Thumb to Thumb Veneer to ATT_WriteRsp 0x1fff4679   Thumb Code    12  anon$$obj.o(Veneer$$Code)
    Long Thumb to Thumb Veneer to disableSleep 0x1fff4685   Thumb Code    12  anon$$obj.o(Veneer$$Code)
    Long Thumb to Thumb Veneer to enableSleep 0x1fff4691   Thumb Code    12  anon$$obj.o(Veneer$$Code)
    Long Thumb to Thumb Veneer to boot_init  0x1fff469d   Thumb Code    12  anon$$obj.o(Veneer$$Code)
    Long Thumb to Thumb Veneer to wakeup_init 0x1fff46a9   Thumb Code    12  anon$$obj.o(Veneer$$Code)
    Long Thumb to Thumb Veneer to getRxBufferSize 0x1fff46b5   Thumb Code    12  anon$$obj.o(Veneer$$Code)
    Long Thumb to Thumb Veneer to get_rx_read_ptr 0x1fff46c1   Thumb Code    12  anon$$obj.o(Veneer$$Code)
    Long Thumb to Thumb Veneer to LL_RX_bm_alloc 0x1fff46cd   Thumb Code    12  anon$$obj.o(Veneer$$Code)
    Long Thumb to Thumb Veneer to LL_ENC_Decrypt 0x1fff46d9   Thumb Code    12  anon$$obj.o(Veneer$$Code)
    Long Thumb to Thumb Veneer to LL_RxDataCompleteCback 0x1fff46e5   Thumb Code    12  anon$$obj.o(Veneer$$Code)
    Long Thumb to Thumb Veneer to update_rx_read_ptr 0x1fff46f1   Thumb Code    12  anon$$obj.o(Veneer$$Code)
    Long Thumb to Thumb Veneer to llConnTerminate 0x1fff46fd   Thumb Code    12  anon$$obj.o(Veneer$$Code)
    Long Thumb to Thumb Veneer to osal_bm_free 0x1fff4709   Thumb Code    12  anon$$obj.o(Veneer$$Code)
    Long Thumb to Thumb Veneer to llProcessMasterControlPacket 0x1fff4715   Thumb Code    12  anon$$obj.o(Veneer$$Code)
    Long Thumb to Thumb Veneer to llProcessSlaveControlPacket 0x1fff4721   Thumb Code    12  anon$$obj.o(Veneer$$Code)
    Long Thumb to Thumb Veneer to llMemCopySrc 0x1fff472d   Thumb Code    12  anon$$obj.o(Veneer$$Code)
    Long Thumb to Thumb Veneer to LL_ENC_ReverseBytes 0x1fff4739   Thumb Code    12  anon$$obj.o(Veneer$$Code)
    Long Thumb to Thumb Veneer to LL_ENC_GenDeviceSKD 0x1fff4745   Thumb Code    12  anon$$obj.o(Veneer$$Code)
    Long Thumb to Thumb Veneer to LL_ENC_GenDeviceIV 0x1fff4751   Thumb Code    12  anon$$obj.o(Veneer$$Code)
    Long Thumb to Thumb Veneer to LL_ENC_GenerateTrueRandNum 0x1fff475d   Thumb Code    12  anon$$obj.o(Veneer$$Code)
    Long Thumb to Thumb Veneer to llEnqueueCtrlPkt 0x1fff4769   Thumb Code    12  anon$$obj.o(Veneer$$Code)
    Long Thumb to Thumb Veneer to llDequeueCtrlPkt 0x1fff4775   Thumb Code    12  anon$$obj.o(Veneer$$Code)
    Long Thumb to Thumb Veneer to LL_EncLtkReqCback 0x1fff4781   Thumb Code    12  anon$$obj.o(Veneer$$Code)
    Long Thumb to Thumb Veneer to LL_ENC_AES128_Encrypt 0x1fff478d   Thumb Code    12  anon$$obj.o(Veneer$$Code)
    Long Thumb to Thumb Veneer to llReplaceCtrlPkt 0x1fff4799   Thumb Code    12  anon$$obj.o(Veneer$$Code)
    Long Thumb to Thumb Veneer to llSetupStartEncReq 0x1fff47a5   Thumb Code    12  anon$$obj.o(Veneer$$Code)
    Long Thumb to Thumb Veneer to llSetupStartEncRsp 0x1fff47b1   Thumb Code    12  anon$$obj.o(Veneer$$Code)
    Long Thumb to Thumb Veneer to LL_EncChangeCback 0x1fff47bd   Thumb Code    12  anon$$obj.o(Veneer$$Code)
    Long Thumb to Thumb Veneer to LL_EncKeyRefreshCback 0x1fff47c9   Thumb Code    12  anon$$obj.o(Veneer$$Code)
    Long Thumb to Thumb Veneer to llSetupPauseEncRsp 0x1fff47d5   Thumb Code    12  anon$$obj.o(Veneer$$Code)
    Long Thumb to Thumb Veneer to llSetupFeatureSetReq 0x1fff47e1   Thumb Code    12  anon$$obj.o(Veneer$$Code)
    Long Thumb to Thumb Veneer to LL_ReadRemoteUsedFeaturesCompleteCback 0x1fff47ed   Thumb Code    12  anon$$obj.o(Veneer$$Code)
    Long Thumb to Thumb Veneer to llSetupVersionIndReq 0x1fff47f9   Thumb Code    12  anon$$obj.o(Veneer$$Code)
    Long Thumb to Thumb Veneer to LL_ReadRemoteVersionInfoCback 0x1fff4805   Thumb Code    12  anon$$obj.o(Veneer$$Code)
    Long Thumb to Thumb Veneer to llSetupDirectedAdvEvt 0x1fff4811   Thumb Code    12  anon$$obj.o(Veneer$$Code)
    Long Thumb to Thumb Veneer to llSetupUndirectedAdvEvt 0x1fff481d   Thumb Code    12  anon$$obj.o(Veneer$$Code)
    Long Thumb to Thumb Veneer to llSetupNonConnectableAdvEvt 0x1fff4829   Thumb Code    12  anon$$obj.o(Veneer$$Code)
    Long Thumb to Thumb Veneer to llSetupScannableAdvEvt 0x1fff4835   Thumb Code    12  anon$$obj.o(Veneer$$Code)
    Long Thumb to Thumb Veneer to llGetNextAdvChn 0x1fff4841   Thumb Code    12  anon$$obj.o(Veneer$$Code)
    Long Thumb to Thumb Veneer to LL_Reset   0x1fff484d   Thumb Code    12  anon$$obj.o(Veneer$$Code)
    Long Thumb to Thumb Veneer to set_max_length 0x1fff4859   Thumb Code    12  anon$$obj.o(Veneer$$Code)
    Long Thumb to Thumb Veneer to ll_hw_set_trx 0x1fff4865   Thumb Code    12  anon$$obj.o(Veneer$$Code)
    Long Thumb to Thumb Veneer to getTxBufferSize 0x1fff4871   Thumb Code    12  anon$$obj.o(Veneer$$Code)
    Long Thumb to Thumb Veneer to llMemCopyDst 0x1fff487d   Thumb Code    12  anon$$obj.o(Veneer$$Code)
    Long Thumb to Thumb Veneer to LL_ENC_Encrypt 0x1fff4889   Thumb Code    12  anon$$obj.o(Veneer$$Code)
    Long Thumb to Thumb Veneer to llCheckForLstoDuringSL 0x1fff4895   Thumb Code    12  anon$$obj.o(Veneer$$Code)
    Long Thumb to Thumb Veneer to llEventInRange 0x1fff48a1   Thumb Code    12  anon$$obj.o(Veneer$$Code)
    Long Thumb to Thumb Veneer to llConvertLstoToEvent 0x1fff48ad   Thumb Code    12  anon$$obj.o(Veneer$$Code)
    Long Thumb to Thumb Veneer to llEventDelta 0x1fff48b9   Thumb Code    12  anon$$obj.o(Veneer$$Code)
    Long Thumb to Thumb Veneer to LL_ConnParamUpdateCback 0x1fff48c5   Thumb Code    12  anon$$obj.o(Veneer$$Code)
    Long Thumb to Thumb Veneer to llConvertCtrlProcTimeoutToEvent 0x1fff48d1   Thumb Code    12  anon$$obj.o(Veneer$$Code)
    Long Thumb to Thumb Veneer to llCalcTimerDrift 0x1fff48dd   Thumb Code    12  anon$$obj.o(Veneer$$Code)
    Long Thumb to Thumb Veneer to llSetNextDataChan 0x1fff48e9   Thumb Code    12  anon$$obj.o(Veneer$$Code)
    Long Thumb to Thumb Veneer to get_timer3_count 0x1fff48f5   Thumb Code    12  anon$$obj.o(Veneer$$Code)
    Long Thumb to Thumb Veneer to llProcessRxData 0x1fff4901   Thumb Code    12  anon$$obj.o(Veneer$$Code)
    Long Thumb to Thumb Veneer to llProcessSlaveControlProcedures 0x1fff490d   Thumb Code    12  anon$$obj.o(Veneer$$Code)
    Long Thumb to Thumb Veneer to llProcessTxData 0x1fff4919   Thumb Code    12  anon$$obj.o(Veneer$$Code)
    Long Thumb to Thumb Veneer to llSetupNextSlaveEvent 0x1fff4925   Thumb Code    12  anon$$obj.o(Veneer$$Code)
    Long Thumb to Thumb Veneer to LL_set_default_conn_params 0x1fff4931   Thumb Code    12  anon$$obj.o(Veneer$$Code)
    Long Thumb to Thumb Veneer to reset_conn_buf 0x1fff493d   Thumb Code    12  anon$$obj.o(Veneer$$Code)
    Long Thumb to Thumb Veneer to llProcessChanMap 0x1fff4949   Thumb Code    12  anon$$obj.o(Veneer$$Code)
    Long Thumb to Thumb Veneer to llGetNextDataChan 0x1fff4955   Thumb Code    12  anon$$obj.o(Veneer$$Code)
    Long Thumb to Thumb Veneer to LL_Init    0x1fff4961   Thumb Code    12  anon$$obj.o(Veneer$$Code)
    Long Thumb to Thumb Veneer to HCI_Init   0x1fff496d   Thumb Code    12  anon$$obj.o(Veneer$$Code)
    Long Thumb to Thumb Veneer to L2CAP_Init 0x1fff4979   Thumb Code    12  anon$$obj.o(Veneer$$Code)
    Long Thumb to Thumb Veneer to GAP_Init   0x1fff4985   Thumb Code    12  anon$$obj.o(Veneer$$Code)
    Long Thumb to Thumb Veneer to GATT_Init  0x1fff4991   Thumb Code    12  anon$$obj.o(Veneer$$Code)
    Long Thumb to Thumb Veneer to SM_Init    0x1fff499d   Thumb Code    12  anon$$obj.o(Veneer$$Code)
    Long Thumb to Thumb Veneer to isSleepAllow 0x1fff49a9   Thumb Code    12  anon$$obj.o(Veneer$$Code)
    Long Thumb to Thumb Veneer to osal_next_timeout 0x1fff49b5   Thumb Code    12  anon$$obj.o(Veneer$$Code)
    Long Thumb to Thumb Veneer to read_LL_remainder_time 0x1fff49c1   Thumb Code    12  anon$$obj.o(Veneer$$Code)
    Long Thumb to Thumb Veneer to getSleepMode 0x1fff49cd   Thumb Code    12  anon$$obj.o(Veneer$$Code)
    Long Thumb to Thumb Veneer to enterSleepProcess 0x1fff49d9   Thumb Code    12  anon$$obj.o(Veneer$$Code)
    Long Thumb to Thumb Veneer to strlen     0x1fff49e5   Thumb Code    12  anon$$obj.o(Veneer$$Code)
    Long Thumb to Thumb Veneer to ll_hw_set_rx_tx_interval 0x1fff49f1   Thumb Code    12  anon$$obj.o(Veneer$$Code)
    Long Thumb to Thumb Veneer to ll_hw_set_tx_rx_interval 0x1fff49fd   Thumb Code    12  anon$$obj.o(Veneer$$Code)
    Long Thumb to Thumb Veneer to rf_init    0x1fff4a09   Thumb Code    12  anon$$obj.o(Veneer$$Code)
    Long Thumb to Thumb Veneer to osalTimeUpdate 0x1fff4a15   Thumb Code    12  anon$$obj.o(Veneer$$Code)
    Long Thumb to Thumb Veneer to set_timer1 0x1fff4a21   Thumb Code    12  anon$$obj.o(Veneer$$Code)
    Long Thumb to Thumb Veneer to app_wakeup_process 0x1fff4a2d   Thumb Code    12  anon$$obj.o(Veneer$$Code)
    Long Thumb to Thumb Veneer to set_timer  0x1fff4a39   Thumb Code    12  anon$$obj.o(Veneer$$Code)
    Long Thumb to Thumb Veneer to ll_hw_set_empty_head 0x1fff4a45   Thumb Code    12  anon$$obj.o(Veneer$$Code)
    Long Thumb to Thumb Veneer to ll_hw_set_rx_timeout 0x1fff4a51   Thumb Code    12  anon$$obj.o(Veneer$$Code)
    Long Thumb to Thumb Veneer to ll_hw_set_timing 0x1fff4a5d   Thumb Code    12  anon$$obj.o(Veneer$$Code)
    AdvDataStart                             0x1fff4a69   Thumb Code    50  rawadv.o(i.AdvDataStart)
    DevInfo_AddService                       0x1fff4aa5   Thumb Code    14  devinfoservice.o(i.DevInfo_AddService)
    DevInfo_SetParameter                     0x1fff4abd   Thumb Code    28  devinfoservice.o(i.DevInfo_SetParameter)
    GAPBondMgr_LinkEst                       0x1fff4add   Thumb Code   316  gapbondmgr.o(i.GAPBondMgr_LinkEst)
    GAPBondMgr_ResolveAddr                   0x1fff4c1d   Thumb Code   174  gapbondmgr.o(i.GAPBondMgr_ResolveAddr)
    GAPRole_GetParameter                     0x1fff4cd1   Thumb Code   222  peripheral.o(i.GAPRole_GetParameter)
    GAPRole_Init                             0x1fff4db9   Thumb Code    58  peripheral.o(i.GAPRole_Init)
    GAPRole_ProcessEvent                     0x1fff4dfd   Thumb Code   238  peripheral.o(i.GAPRole_ProcessEvent)
    GAPRole_SendUpdateParam                  0x1fff4ef1   Thumb Code    80  peripheral.o(i.GAPRole_SendUpdateParam)
    GAPRole_SetParameter                     0x1fff4f49   Thumb Code   518  peripheral.o(i.GAPRole_SetParameter)
    GAPRole_StartDevice                      0x1fff515d   Thumb Code    48  peripheral.o(i.GAPRole_StartDevice)
    GAPRole_TerminateConnection              0x1fff5195   Thumb Code    26  peripheral.o(i.GAPRole_TerminateConnection)
    GAP_DeviceInit                           0x1fff51b5   Thumb Code    62  gap.o(i.GAP_DeviceInit)
    GATTServApp_AddService                   0x1fff51f5   Thumb Code    22  gattservapp.o(i.GATTServApp_AddService)
    GATTServApp_Init                         0x1fff5215   Thumb Code    62  gattservapp.o(i.GATTServApp_Init)
    GATTServApp_InitCharCfg                  0x1fff5261   Thumb Code    44  gattservapp.o(i.GATTServApp_InitCharCfg)
    GATTServApp_ProcessCCCWriteReq           0x1fff5291   Thumb Code    88  gattservapp.o(i.GATTServApp_ProcessCCCWriteReq)
    GATTServApp_ProcessEvent                 0x1fff52e9   Thumb Code    50  gattservapp.o(i.GATTServApp_ProcessEvent)
    GATTServApp_ReadAttr                     0x1fff5321   Thumb Code   540  gattservapp.o(i.GATTServApp_ReadAttr)
    GATTServApp_ReadCharCfg                  0x1fff5549   Thumb Code    14  gattservapp.o(i.GATTServApp_ReadCharCfg)
    GATTServApp_RegisterService              0x1fff5559   Thumb Code    86  gattservapp.o(i.GATTServApp_RegisterService)
    GATTServApp_SendCCCUpdatedEvent          0x1fff55b5   Thumb Code    50  gattservapp.o(i.GATTServApp_SendCCCUpdatedEvent)
    GATTServApp_SendServiceChangedInd        0x1fff55ed   Thumb Code    30  gattservapp.o(i.GATTServApp_SendServiceChangedInd)
    GATTServApp_UpdateCharCfg                0x1fff5611   Thumb Code    24  gattservapp.o(i.GATTServApp_UpdateCharCfg)
    GATTServApp_WriteAttr                    0x1fff5629   Thumb Code    66  gattservapp.o(i.GATTServApp_WriteAttr)
    GATTServApp_WriteCharCfg                 0x1fff566d   Thumb Code    40  gattservapp.o(i.GATTServApp_WriteCharCfg)
    GGS_AddService                           0x1fff5699   Thumb Code    22  gapgattserver.o(i.GGS_AddService)
    GGS_SetParameter                         0x1fff56b9   Thumb Code   126  gapgattserver.o(i.GGS_SetParameter)
    LL_ENC_Decrypt0                          0x1fff5741   Thumb Code   318  patch.o(i.LL_ENC_Decrypt0)
    LL_ENC_Encrypt0                          0x1fff5891   Thumb Code   316  patch.o(i.LL_ENC_Encrypt0)
    LL_IRQHandler1                           0x1fff59d9   Thumb Code  1484  patch.o(i.LL_IRQHandler1)
    LL_SetAdvParam1                          0x1fff5fc9   Thumb Code   570  patch.o(i.LL_SetAdvParam1)
    LL_set_default_conn_params1              0x1fff621d   Thumb Code    58  patch.o(i.LL_set_default_conn_params1)
    LL_slave_conn_event1                     0x1fff6261   Thumb Code   346  patch.o(i.LL_slave_conn_event1)
    ProgramWord                              0x1fff63d9   Thumb Code   164  flash_ext.o(i.ProgramWord)
    RawAdv_Init                              0x1fff64cd   Thumb Code   340  rawadv.o(i.RawAdv_Init)
    RawAdv_ProcessEvent                      0x1fff6645   Thumb Code   124  rawadv.o(i.RawAdv_ProcessEvent)
    SystemInit                               0x1fff66ed   Thumb Code     8  system_armcm0.o(i.SystemInit)
    TIM0_IRQHandler1                         0x1fff66fd   Thumb Code   106  patch.o(i.TIM0_IRQHandler1)
    WaitRTCCount                             0x1fff6779   Thumb Code    38  common.o(i.WaitRTCCount)
    __scatterload_copy                       0x1fff6845   Thumb Code    14  handlers.o(i.__scatterload_copy)
    __scatterload_null                       0x1fff6853   Thumb Code     2  handlers.o(i.__scatterload_null)
    __scatterload_zeroinit                   0x1fff6855   Thumb Code    14  handlers.o(i.__scatterload_zeroinit)
    app_main                                 0x1fff6863   Thumb Code    20  rawadv_main.o(i.app_main)
    arry_sort                                0x1fff6877   Thumb Code    54  patch.o(i.arry_sort)
    boot_init1                               0x1fff68ad   Thumb Code    64  patch.o(i.boot_init1)
    check_chip_id                            0x1fff68f9   Thumb Code    26  flash_ext.o(i.check_chip_id)
    check_chip_mAddr                         0x1fff6919   Thumb Code    26  flash_ext.o(i.check_chip_mAddr)
    check_internal_bus_busy                  0x1fff6939   Thumb Code    34  flash_ext.o(i.check_internal_bus_busy)
    clk_gate_enable                          0x1fff69cd   Thumb Code    20  clock.o(i.clk_gate_enable)
    clk_pclk                                 0x1fff69e1   Thumb Code     6  clock.o(i.clk_pclk)
    clk_reset                                0x1fff69ed   Thumb Code    22  clock.o(i.clk_reset)
    clock_time_rtc                           0x1fff6a05   Thumb Code    20  patch.o(i.clock_time_rtc)
    config_RTC1                              0x1fff6a1d   Thumb Code    80  patch.o(i.config_RTC1)
    disable_spif_flash_write                 0x1fff6bb1   Thumb Code    28  flash_ext.o(i.disable_spif_flash_write)
    enable_spif_flash_write                  0x1fff6bd1   Thumb Code    28  flash_ext.o(i.enable_spif_flash_write)
    enterSleepProcess1                       0x1fff6bf1   Thumb Code   264  patch.o(i.enterSleepProcess1)
    flash_read_ucds                          0x1fff6d0d   Thumb Code    20  flash.o(i.flash_read_ucds)
    flash_write_ucds                         0x1fff6d29   Thumb Code    48  flash.o(i.flash_write_ucds)
    getPN23RandNumber                        0x1fff789d   Thumb Code    36  patch.o(i.getPN23RandNumber)
    gpio_pin0to3_pin31to34_control           0x1fff7b01   Thumb Code    36  gpio.o(i.gpio_pin0to3_pin31to34_control)
    hal_GPIO_IRQHandler                      0x1fff7cad   Thumb Code    20  gpio.o(i.hal_GPIO_IRQHandler)
    hal_UART0_IRQHandler                     0x1fff7cc5   Thumb Code    58  uart.o(i.hal_UART0_IRQHandler)
    hal_cpyMem                               0x1fff7d05   Thumb Code    16  common.o(i.hal_cpyMem)
    hal_gpio_fmux                            0x1fff7d15   Thumb Code    34  gpio.o(i.hal_gpio_fmux)
    hal_gpio_fmux_set                        0x1fff7d3d   Thumb Code    42  gpio.o(i.hal_gpio_fmux_set)
    hal_gpio_init                            0x1fff7d6d   Thumb Code    70  gpio.o(i.hal_gpio_init)
    hal_gpio_pin_init                        0x1fff7dc9   Thumb Code    82  gpio.o(i.hal_gpio_pin_init)
    hal_gpio_pull_set                        0x1fff7e21   Thumb Code    52  gpio.o(i.hal_gpio_pull_set)
    hal_gpio_read                            0x1fff7e59   Thumb Code    52  gpio.o(i.hal_gpio_read)
    hal_gpio_wakeup_set                      0x1fff7e91   Thumb Code    76  gpio.o(i.hal_gpio_wakeup_set)
    hal_gpio_write                           0x1fff7ee1   Thumb Code    60  gpio.o(i.hal_gpio_write)
    hal_gpioin_disable                       0x1fff7f21   Thumb Code    64  gpio.o(i.hal_gpioin_disable)
    hal_gpioin_enable                        0x1fff7f69   Thumb Code   104  gpio.o(i.hal_gpioin_enable)
    hal_gpioin_register                      0x1fff7fd5   Thumb Code    44  gpio.o(i.hal_gpioin_register)
    hal_pwrmgr_RAM_retention                 0x1fff8005   Thumb Code    20  pwrmgr.o(i.hal_pwrmgr_RAM_retention)
    hal_pwrmgr_RAM_retention_clr             0x1fff801d   Thumb Code    18  pwrmgr.o(i.hal_pwrmgr_RAM_retention_clr)
    hal_pwrmgr_RAM_retention_set             0x1fff8035   Thumb Code    20  pwrmgr.o(i.hal_pwrmgr_RAM_retention_set)
    hal_pwrmgr_init                          0x1fff8051   Thumb Code    44  pwrmgr.o(i.hal_pwrmgr_init)
    hal_pwrmgr_lock                          0x1fff8085   Thumb Code    74  pwrmgr.o(i.hal_pwrmgr_lock)
    hal_pwrmgr_register                      0x1fff80d9   Thumb Code    62  pwrmgr.o(i.hal_pwrmgr_register)
    hal_pwrmgr_sleep_process                 0x1fff811d   Thumb Code    46  pwrmgr.o(i.hal_pwrmgr_sleep_process)
    hal_pwrmgr_unlock                        0x1fff8151   Thumb Code    86  pwrmgr.o(i.hal_pwrmgr_unlock)
    hal_pwrmgr_wakeup_process                0x1fff81b1   Thumb Code    42  pwrmgr.o(i.hal_pwrmgr_wakeup_process)
    hal_rom_code_ini                         0x1fff8259   Thumb Code    86  patch.o(i.hal_rom_code_ini)
    hal_rtc_clock_config                     0x1fff82bd   Thumb Code   126  clock.o(i.hal_rtc_clock_config)
    hal_system_init                          0x1fff8349   Thumb Code   178  common.o(i.hal_system_init)
    hal_uart_init                            0x1fff841d   Thumb Code    76  uart.o(i.hal_uart_init)
    hal_uart_send_buff                       0x1fff8471   Thumb Code    22  uart.o(i.hal_uart_send_buff)
    init_config                              0x1fff84cd   Thumb Code   328  patch.o(i.init_config)
    llAdjSlaveLatencyValue                   0x1fff8775   Thumb Code    30  patch.o(i.llAdjSlaveLatencyValue)
    llProcessRxData1                         0x1fff8795   Thumb Code   342  patch.o(i.llProcessRxData1)
    llProcessSlaveControlPacket1             0x1fff8901   Thumb Code   536  patch.o(i.llProcessSlaveControlPacket1)
    llProcessSlaveControlProcedures0         0x1fff8b29   Thumb Code   638  patch.o(i.llProcessSlaveControlProcedures0)
    llSetupAdv1                              0x1fff8dad   Thumb Code    98  patch.o(i.llSetupAdv1)
    llSetupDirectedAdvEvt1                   0x1fff8e19   Thumb Code   350  patch.o(i.llSetupDirectedAdvEvt1)
    llSetupEncRsp0                           0x1fff8fad   Thumb Code   120  patch.o(i.llSetupEncRsp0)
    llSetupFeatureSetRsp1                    0x1fff9035   Thumb Code    90  patch.o(i.llSetupFeatureSetRsp1)
    llSetupNextSlaveEvent1                   0x1fff90a1   Thumb Code   314  patch.o(i.llSetupNextSlaveEvent1)
    llSetupRejectInd1                        0x1fff91e9   Thumb Code    38  patch.o(i.llSetupRejectInd1)
    llSetupTermInd1                          0x1fff9221   Thumb Code    96  patch.o(i.llSetupTermInd1)
    llSetupUndirectedAdvEvt1                 0x1fff9291   Thumb Code   210  patch.o(i.llSetupUndirectedAdvEvt1)
    llSetupUnknownRsp1                       0x1fff9389   Thumb Code    76  patch.o(i.llSetupUnknownRsp1)
    llSlaveEvt_TaskEndOk1                    0x1fff93e5   Thumb Code   404  patch.o(i.llSlaveEvt_TaskEndOk1)
    ll_adptive_adj_next_time                 0x1fff959d   Thumb Code    84  patch.o(i.ll_adptive_adj_next_time)
    ll_adptive_smart_window                  0x1fff9601   Thumb Code   134  patch.o(i.ll_adptive_smart_window)
    ll_hw_go1                                0x1fff9699   Thumb Code   112  patch.o(i.ll_hw_go1)
    main                                     0x1fff9729   Thumb Code    92  main.o(i.main)
    move_to_slave_function1                  0x1fff97a5   Thumb Code   508  patch.o(i.move_to_slave_function1)
    osalInitTasks                            0x1fff99d1   Thumb Code    94  osal_rawadv.o(i.osalInitTasks)
    osal_pwrmgr_powerconserve1               0x1fff9a35   Thumb Code   292  patch.o(i.osal_pwrmgr_powerconserve1)
    osal_snv_read                            0x1fff9b81   Thumb Code    58  osal_snv.o(i.osal_snv_read)
    phy_printf                               0x1fff9bd1   Thumb Code    50  my_printf.o(i.phy_printf)
    rc32k_calibration                        0x1fff9e61   Thumb Code    86  patch.o(i.rc32k_calibration)
    rc32k_calibration_check                  0x1fff9ec1   Thumb Code    60  patch.o(i.rc32k_calibration_check)
    rc32k_tracking_check                     0x1fff9f01   Thumb Code   104  patch.o(i.rc32k_tracking_check)
    read_chip_id                             0x1fff9f71   Thumb Code    52  flash_ext.o(i.read_chip_id)
    read_chip_mAddr                          0x1fff9fad   Thumb Code    56  flash_ext.o(i.read_chip_mAddr)
    rf_calibrate1                            0x1fff9fed   Thumb Code    34  patch.o(i.rf_calibrate1)
    rf_phy_ana_cfg                           0x1fffa015   Thumb Code   184  rf_phy_driver.o(i.rf_phy_ana_cfg)
    rf_phy_bb_cfg                            0x1fffa0f1   Thumb Code   180  rf_phy_driver.o(i.rf_phy_bb_cfg)
    rf_phy_get_pktFoot                       0x1fffa201   Thumb Code    42  rf_phy_driver.o(i.rf_phy_get_pktFoot)
    rf_phy_ini                               0x1fffa231   Thumb Code    22  rf_phy_driver.o(i.rf_phy_ini)
    rf_phy_set_txPower                       0x1fffa24d   Thumb Code    42  rf_phy_driver.o(i.rf_phy_set_txPower)
    rf_rxDcoc_cfg                            0x1fffa281   Thumb Code   216  rf_phy_driver.o(i.rf_rxDcoc_cfg)
    rf_tpCal_gen_cap_arrary                  0x1fffa389   Thumb Code   146  rf_phy_driver.o(i.rf_tpCal_gen_cap_arrary)
    rf_tp_cal                                0x1fffa425   Thumb Code   110  rf_phy_driver.o(i.rf_tp_cal)
    subWriteReg                              0x1fffa4f5   Thumb Code    36  common.o(i.subWriteReg)
    updateAdvData                            0x1fffa715   Thumb Code    58  rawadv.o(i.updateAdvData)
    wakeupProcess1                           0x1fffa759   Thumb Code   372  patch.o(i.wakeupProcess1)
    wakeup_init1                             0x1fffa901   Thumb Code   158  patch.o(i.wakeup_init1)
    devInfoServUUID                          0x1fffa9e8   Data           2  devinfoservice.o(.constdata)
    devInfoSystemIdUUID                      0x1fffa9ea   Data           2  devinfoservice.o(.constdata)
    devInfoModelNumberUUID                   0x1fffa9ec   Data           2  devinfoservice.o(.constdata)
    devInfoSerialNumberUUID                  0x1fffa9ee   Data           2  devinfoservice.o(.constdata)
    devInfoFirmwareRevUUID                   0x1fffa9f0   Data           2  devinfoservice.o(.constdata)
    devInfoHardwareRevUUID                   0x1fffa9f2   Data           2  devinfoservice.o(.constdata)
    devInfoSoftwareRevUUID                   0x1fffa9f4   Data           2  devinfoservice.o(.constdata)
    devInfoMfrNameUUID                       0x1fffa9f6   Data           2  devinfoservice.o(.constdata)
    devInfo11073CertUUID                     0x1fffa9f8   Data           2  devinfoservice.o(.constdata)
    devInfoPnpIdUUID                         0x1fffa9fa   Data           2  devinfoservice.o(.constdata)
    devInfoCBs                               0x1fffaa78   Data          12  devinfoservice.o(.constdata)
    gattServiceCBs                           0x1fffaa8c   Data          12  gattservapp.o(.constdata)
    gapServiceCBs                            0x1fffaaa0   Data          12  gapgattserver.o(.constdata)
    tasksArr                                 0x1fffaaac   Data          36  osal_rawadv.o(.constdata)
    tasksCnt                                 0x1fffaad0   Data           1  osal_rawadv.o(.constdata)
    Region$$Table$$Base                      0x1fffaae0   Number         0  anon$$obj.o(Region$$Table)
    Region$$Table$$Limit                     0x1fffab30   Number         0  anon$$obj.o(Region$$Table)
    rx_length                                0x1fffab30   Data           1  main.o(.data)
    appTaskID                                0x1fffac7c   Data           1  gattservapp.o(.data)
    GATTServApp_TaskID                       0x1fffac7e   Data           1  gattservapp.o(.data)
    gapRole_AdvEnabled                       0x1fffad80   Data           1  peripheral.o(.data)
    gapRole_AdvEventType                     0x1fffad88   Data           1  peripheral.o(.data)
    RawAdv_TaskID                            0x1fffade5   Data           1  rawadv.o(.data)
    advertData                               0x1fffae03   Data          21  rawadv.o(.data)
    tasksEvents                              0x1fffae30   Data           4  osal_rawadv.o(.data)
    put_char_size                            0x1fffae34   Data           2  my_printf.o(.data)
    SystemCoreClock                          0x1fffae40   Data           4  system_armcm0.o(.data)
    g_smartWindowRTOCnt                      0x1fffae44   Data           1  patch.o(.data)
    g_same_rf_channel_flag                   0x1fffae45   Data           1  patch.o(.data)
    g_adv_taskID                             0x1fffae46   Data           1  patch.o(.data)
    g_conn_taskID                            0x1fffae47   Data           1  patch.o(.data)
    g_conn_param_carrSens                    0x1fffae48   Data           1  patch.o(.data)
    g_adv_taskEvent                          0x1fffae4a   Data           2  patch.o(.data)
    g_conn_taskEvent                         0x1fffae4c   Data           2  patch.o(.data)
    g_conn_param_foff                        0x1fffae4e   Data           2  patch.o(.data)
    pGlobal_config                           0x1fffae50   Data           4  patch.o(.data)
    g_smartWindowLater                       0x1fffae54   Data           4  patch.o(.data)
    g_smartWindowSize                        0x1fffae58   Data           4  patch.o(.data)
    g_smartWindowActiveCnt                   0x1fffae5c   Data           4  patch.o(.data)
    g_smartWindowPreAnchPoint                0x1fffae60   Data           4  patch.o(.data)
    g_counter_traking_avg                    0x1fffae64   Data           4  patch.o(.data)
    g_wakeup_rtc_tick                        0x1fffae68   Data           4  patch.o(.data)
    g_counter_traking_cnt                    0x1fffae6c   Data           4  patch.o(.data)
    g_TIM2_IRQ_TIM3_CurrCount                0x1fffae70   Data           4  patch.o(.data)
    g_TIM2_IRQ_to_Sleep_DeltTick             0x1fffae74   Data           4  patch.o(.data)
    g_TIM2_IRQ_PendingTick                   0x1fffae78   Data           4  patch.o(.data)
    g_osal_tick_trim                         0x1fffae7c   Data           4  patch.o(.data)
    g_osalTickTrim_mod                       0x1fffae80   Data           4  patch.o(.data)
    accuTimerDrift                           0x1fffae84   Data           4  patch.o(.data)
    LL_PLUS_ScanRequestFilterCBack           0x1fffae88   Data           4  patch.o(.data)
    g_getPn23_cnt                            0x1fffae8c   Data           4  patch.o(.data)
    g_getPn23_seed                           0x1fffae90   Data           4  patch.o(.data)
    pCtrlData                                0x1fffae98   Data           4  patch.o(.data)
    g_rfPhyXtalCap                           0x1fffae9c   Data           1  rf_phy_driver.o(.data)
    g_rfPhyTpCal0                            0x1fffae9d   Data           1  rf_phy_driver.o(.data)
    g_rfPhyTpCal1                            0x1fffae9e   Data           1  rf_phy_driver.o(.data)
    g_rfPhyTxPower                           0x1fffae9f   Data           1  rf_phy_driver.o(.data)
    g_rfPhyPktFmt                            0x1fffaea0   Data           1  rf_phy_driver.o(.data)
    g_rfPhyFreqOffSet                        0x1fffaea1   Data           1  rf_phy_driver.o(.data)
    g_system_clk                             0x1fffaea2   Data           1  rf_phy_driver.o(.data)
    g_rfPhyClkSel                            0x1fffaea3   Data           1  rf_phy_driver.o(.data)
    g_dtmModeType                            0x1fffaea4   Data           1  rf_phy_driver.o(.data)
    g_dtmCmd                                 0x1fffaea5   Data           1  rf_phy_driver.o(.data)
    g_dtmFreq                                0x1fffaea6   Data           1  rf_phy_driver.o(.data)
    g_dtmLength                              0x1fffaea7   Data           1  rf_phy_driver.o(.data)
    g_dtmExtLen                              0x1fffaea8   Data           1  rf_phy_driver.o(.data)
    g_dtmPKT                                 0x1fffaea9   Data           1  rf_phy_driver.o(.data)
    g_dtmCtrl                                0x1fffaeaa   Data           1  rf_phy_driver.o(.data)
    g_dtmPara                                0x1fffaeab   Data           1  rf_phy_driver.o(.data)
    g_dtmEvt                                 0x1fffaeac   Data           1  rf_phy_driver.o(.data)
    g_dtmStatus                              0x1fffaead   Data           1  rf_phy_driver.o(.data)
    g_dtmTxPower                             0x1fffaeae   Data           1  rf_phy_driver.o(.data)
    g_dtmRssi                                0x1fffaeaf   Data           1  rf_phy_driver.o(.data)
    g_dtmCarrSens                            0x1fffaeb0   Data           1  rf_phy_driver.o(.data)
    g_dtmTpCalEnable                         0x1fffaeb1   Data           1  rf_phy_driver.o(.data)
    g_rfPhyDtmCmd                            0x1fffaeb2   Data           2  rf_phy_driver.o(.data)
    g_rfPhyDtmEvt                            0x1fffaeb4   Data           2  rf_phy_driver.o(.data)
    g_dtmPktIntv                             0x1fffaeb6   Data           2  rf_phy_driver.o(.data)
    g_dtmPktCount                            0x1fffaeb8   Data           2  rf_phy_driver.o(.data)
    g_dtmRxCrcNum                            0x1fffaeba   Data           2  rf_phy_driver.o(.data)
    g_dtmRxTONum                             0x1fffaebc   Data           2  rf_phy_driver.o(.data)
    g_dtmRsp                                 0x1fffaebe   Data           2  rf_phy_driver.o(.data)
    g_dtmFoff                                0x1fffaec0   Data           2  rf_phy_driver.o(.data)
    g_rfPhyRxDcIQ                            0x1fffaec4   Data           4  rf_phy_driver.o(.data)
    g_dtmTick                                0x1fffaec8   Data           4  rf_phy_driver.o(.data)
    g_dtmPerAutoIntv                         0x1fffaecc   Data           4  rf_phy_driver.o(.data)
    g_dtmAccessCode                          0x1fffaed0   Data           4  rf_phy_driver.o(.data)
    MID                                      0x1fffaed4   Data           1  flash_ext.o(.data)
    JID8                                     0x1fffaed5   Data           1  flash_ext.o(.data)
    JID0                                     0x1fffaed6   Data           1  flash_ext.o(.data)
    g_chipMAddr                              0x1fffaed7   Data           7  flash_ext.o(.data)
    put_char                                 0x1fffb1eb   Data         120  my_printf.o(.bss)
    m_uartCtx                                0x1fffb264   Data          32  uart.o(.bss)
    g_perStatsByChan                         0x1fffb4c4   Data         444  patch.o(.bss)
    g_rfPhyTpCalCapArry                      0x1fffb680   Data          40  rf_phy_driver.o(.bss)
    g_chipId                                 0x1fffb6a8   Data          65  flash_ext.o(.bss)
    __initial_sp                             0x1fffb8f0   Data           0  startup_armcm0.o(STACK)



==============================================================================

Memory Map of the image

  Image Entry point : 0x1fff40c1

  Load Region LR_IROM1 (Base: 0x1fff4000, Size: 0x00006ee0, Max: 0x00010000, ABSOLUTE, COMPRESSED[0x00006c60])

    Execution Region ER_IROM1 (Exec base: 0x1fff4000, Load base: 0x1fff4000, Size: 0x000078f0, Max: 0x00008000, ABSOLUTE, COMPRESSED[0x00000130])

    Exec Addr    Load Addr    Size         Type   Attr      Idx    E Section Name        Object

    0x1fff4000   0x1fff4000   0x000000c0   Data   RO         1856    RESET               startup_armcm0.o
    0x1fff40c0   0x1fff40c0   0x00000000   Code   RO         2181  * .ARM.Collect$$$$00000000  mc_p.l(entry.o)
    0x1fff40c0   0x1fff40c0   0x00000004   Code   RO         2192    .ARM.Collect$$$$00000001  mc_p.l(entry2.o)
    0x1fff40c4   0x1fff40c4   0x00000004   Code   RO         2195    .ARM.Collect$$$$00000004  mc_p.l(entry5.o)
    0x1fff40c8   0x1fff40c8   0x00000000   Code   RO         2197    .ARM.Collect$$$$00000008  mc_p.l(entry7b.o)
    0x1fff40c8   0x1fff40c8   0x00000000   Code   RO         2199    .ARM.Collect$$$$0000000A  mc_p.l(entry8b.o)
    0x1fff40c8   0x1fff40c8   0x00000008   Code   RO         2200    .ARM.Collect$$$$0000000B  mc_p.l(entry9a.o)
    0x1fff40d0   0x1fff40d0   0x00000000   Code   RO         2202    .ARM.Collect$$$$0000000D  mc_p.l(entry10a.o)
    0x1fff40d0   0x1fff40d0   0x00000000   Code   RO         2204    .ARM.Collect$$$$0000000F  mc_p.l(entry11a.o)
    0x1fff40d0   0x1fff40d0   0x00000004   Code   RO         2193    .ARM.Collect$$$$00002712  mc_p.l(entry2.o)
    0x1fff40d4   0x1fff40d4   0x0000001c   Code   RO         1857    .text               startup_armcm0.o
    0x1fff40f0   0x1fff40f0   0x00000024   Code   RO         2184    .text               mc_p.l(memcpya.o)
    0x1fff4114   0x1fff4114   0x00000024   Code   RO         2186    .text               mc_p.l(memseta.o)
    0x1fff4138   0x1fff4138   0x00000014   Code   RO         2190    .text               mc_p.l(uread4.o)
    0x1fff414c   0x1fff414c   0x00000024   Code   RO         2206    .text               mc_p.l(init.o)
    0x1fff4170   0x1fff4170   0x00000056   Code   RO         2216    .text               mc_p.l(__dczerorl2.o)
    0x1fff41c6   COMPRESSED   0x00000002   PAD
    0x1fff41c8   0x1fff41c8   0x0000000c   Ven    RO         2218    Veneer$$Code        anon$$obj.o
    0x1fff41d4   0x1fff41d4   0x0000000c   Ven    RO         2219    Veneer$$Code        anon$$obj.o
    0x1fff41e0   0x1fff41e0   0x0000000c   Ven    RO         2220    Veneer$$Code        anon$$obj.o
    0x1fff41ec   0x1fff41ec   0x0000000c   Ven    RO         2221    Veneer$$Code        anon$$obj.o
    0x1fff41f8   0x1fff41f8   0x0000000c   Ven    RO         2222    Veneer$$Code        anon$$obj.o
    0x1fff4204   0x1fff4204   0x0000000c   Ven    RO         2223    Veneer$$Code        anon$$obj.o
    0x1fff4210   0x1fff4210   0x0000000c   Ven    RO         2224    Veneer$$Code        anon$$obj.o
    0x1fff421c   0x1fff421c   0x0000000c   Ven    RO         2225    Veneer$$Code        anon$$obj.o
    0x1fff4228   0x1fff4228   0x0000000c   Ven    RO         2226    Veneer$$Code        anon$$obj.o
    0x1fff4234   0x1fff4234   0x0000000c   Ven    RO         2227    Veneer$$Code        anon$$obj.o
    0x1fff4240   0x1fff4240   0x0000000c   Ven    RO         2228    Veneer$$Code        anon$$obj.o
    0x1fff424c   0x1fff424c   0x0000000c   Ven    RO         2229    Veneer$$Code        anon$$obj.o
    0x1fff4258   0x1fff4258   0x0000000c   Ven    RO         2230    Veneer$$Code        anon$$obj.o
    0x1fff4264   0x1fff4264   0x0000000c   Ven    RO         2231    Veneer$$Code        anon$$obj.o
    0x1fff4270   0x1fff4270   0x0000000c   Ven    RO         2232    Veneer$$Code        anon$$obj.o
    0x1fff427c   0x1fff427c   0x0000000c   Ven    RO         2233    Veneer$$Code        anon$$obj.o
    0x1fff4288   0x1fff4288   0x0000000c   Ven    RO         2234    Veneer$$Code        anon$$obj.o
    0x1fff4294   0x1fff4294   0x0000000c   Ven    RO         2235    Veneer$$Code        anon$$obj.o
    0x1fff42a0   0x1fff42a0   0x0000000c   Ven    RO         2236    Veneer$$Code        anon$$obj.o
    0x1fff42ac   0x1fff42ac   0x0000000c   Ven    RO         2237    Veneer$$Code        anon$$obj.o
    0x1fff42b8   0x1fff42b8   0x0000000c   Ven    RO         2238    Veneer$$Code        anon$$obj.o
    0x1fff42c4   0x1fff42c4   0x0000000c   Ven    RO         2239    Veneer$$Code        anon$$obj.o
    0x1fff42d0   0x1fff42d0   0x0000000c   Ven    RO         2240    Veneer$$Code        anon$$obj.o
    0x1fff42dc   0x1fff42dc   0x0000000c   Ven    RO         2241    Veneer$$Code        anon$$obj.o
    0x1fff42e8   0x1fff42e8   0x0000000c   Ven    RO         2242    Veneer$$Code        anon$$obj.o
    0x1fff42f4   0x1fff42f4   0x0000000c   Ven    RO         2243    Veneer$$Code        anon$$obj.o
    0x1fff4300   0x1fff4300   0x0000000c   Ven    RO         2244    Veneer$$Code        anon$$obj.o
    0x1fff430c   0x1fff430c   0x0000000c   Ven    RO         2245    Veneer$$Code        anon$$obj.o
    0x1fff4318   0x1fff4318   0x0000000c   Ven    RO         2246    Veneer$$Code        anon$$obj.o
    0x1fff4324   0x1fff4324   0x0000000c   Ven    RO         2247    Veneer$$Code        anon$$obj.o
    0x1fff4330   0x1fff4330   0x0000000c   Ven    RO         2248    Veneer$$Code        anon$$obj.o
    0x1fff433c   0x1fff433c   0x0000000c   Ven    RO         2249    Veneer$$Code        anon$$obj.o
    0x1fff4348   0x1fff4348   0x0000000c   Ven    RO         2250    Veneer$$Code        anon$$obj.o
    0x1fff4354   0x1fff4354   0x0000000c   Ven    RO         2251    Veneer$$Code        anon$$obj.o
    0x1fff4360   0x1fff4360   0x0000000c   Ven    RO         2252    Veneer$$Code        anon$$obj.o
    0x1fff436c   0x1fff436c   0x0000000c   Ven    RO         2253    Veneer$$Code        anon$$obj.o
    0x1fff4378   0x1fff4378   0x0000000c   Ven    RO         2254    Veneer$$Code        anon$$obj.o
    0x1fff4384   0x1fff4384   0x0000000c   Ven    RO         2255    Veneer$$Code        anon$$obj.o
    0x1fff4390   0x1fff4390   0x0000000c   Ven    RO         2256    Veneer$$Code        anon$$obj.o
    0x1fff439c   0x1fff439c   0x0000000c   Ven    RO         2257    Veneer$$Code        anon$$obj.o
    0x1fff43a8   0x1fff43a8   0x0000000c   Ven    RO         2258    Veneer$$Code        anon$$obj.o
    0x1fff43b4   0x1fff43b4   0x0000000c   Ven    RO         2259    Veneer$$Code        anon$$obj.o
    0x1fff43c0   0x1fff43c0   0x0000000c   Ven    RO         2260    Veneer$$Code        anon$$obj.o
    0x1fff43cc   0x1fff43cc   0x0000000c   Ven    RO         2261    Veneer$$Code        anon$$obj.o
    0x1fff43d8   0x1fff43d8   0x0000000c   Ven    RO         2262    Veneer$$Code        anon$$obj.o
    0x1fff43e4   0x1fff43e4   0x0000000c   Ven    RO         2263    Veneer$$Code        anon$$obj.o
    0x1fff43f0   0x1fff43f0   0x0000000c   Ven    RO         2264    Veneer$$Code        anon$$obj.o
    0x1fff43fc   0x1fff43fc   0x0000000c   Ven    RO         2265    Veneer$$Code        anon$$obj.o
    0x1fff4408   0x1fff4408   0x0000000c   Ven    RO         2266    Veneer$$Code        anon$$obj.o
    0x1fff4414   0x1fff4414   0x0000000c   Ven    RO         2267    Veneer$$Code        anon$$obj.o
    0x1fff4420   0x1fff4420   0x0000000c   Ven    RO         2268    Veneer$$Code        anon$$obj.o
    0x1fff442c   0x1fff442c   0x0000000c   Ven    RO         2269    Veneer$$Code        anon$$obj.o
    0x1fff4438   0x1fff4438   0x0000000c   Ven    RO         2270    Veneer$$Code        anon$$obj.o
    0x1fff4444   0x1fff4444   0x0000000c   Ven    RO         2271    Veneer$$Code        anon$$obj.o
    0x1fff4450   0x1fff4450   0x0000000c   Ven    RO         2272    Veneer$$Code        anon$$obj.o
    0x1fff445c   0x1fff445c   0x0000000c   Ven    RO         2273    Veneer$$Code        anon$$obj.o
    0x1fff4468   0x1fff4468   0x0000000c   Ven    RO         2274    Veneer$$Code        anon$$obj.o
    0x1fff4474   0x1fff4474   0x0000000c   Ven    RO         2275    Veneer$$Code        anon$$obj.o
    0x1fff4480   0x1fff4480   0x0000000c   Ven    RO         2276    Veneer$$Code        anon$$obj.o
    0x1fff448c   0x1fff448c   0x0000000c   Ven    RO         2277    Veneer$$Code        anon$$obj.o
    0x1fff4498   0x1fff4498   0x0000000c   Ven    RO         2278    Veneer$$Code        anon$$obj.o
    0x1fff44a4   0x1fff44a4   0x0000000c   Ven    RO         2279    Veneer$$Code        anon$$obj.o
    0x1fff44b0   0x1fff44b0   0x0000000c   Ven    RO         2280    Veneer$$Code        anon$$obj.o
    0x1fff44bc   0x1fff44bc   0x0000000c   Ven    RO         2281    Veneer$$Code        anon$$obj.o
    0x1fff44c8   0x1fff44c8   0x0000000c   Ven    RO         2282    Veneer$$Code        anon$$obj.o
    0x1fff44d4   0x1fff44d4   0x0000000c   Ven    RO         2283    Veneer$$Code        anon$$obj.o
    0x1fff44e0   0x1fff44e0   0x0000000c   Ven    RO         2284    Veneer$$Code        anon$$obj.o
    0x1fff44ec   0x1fff44ec   0x0000000c   Ven    RO         2285    Veneer$$Code        anon$$obj.o
    0x1fff44f8   0x1fff44f8   0x0000000c   Ven    RO         2286    Veneer$$Code        anon$$obj.o
    0x1fff4504   0x1fff4504   0x0000000c   Ven    RO         2287    Veneer$$Code        anon$$obj.o
    0x1fff4510   0x1fff4510   0x0000000c   Ven    RO         2288    Veneer$$Code        anon$$obj.o
    0x1fff451c   0x1fff451c   0x0000000c   Ven    RO         2289    Veneer$$Code        anon$$obj.o
    0x1fff4528   0x1fff4528   0x0000000c   Ven    RO         2290    Veneer$$Code        anon$$obj.o
    0x1fff4534   0x1fff4534   0x0000000c   Ven    RO         2291    Veneer$$Code        anon$$obj.o
    0x1fff4540   0x1fff4540   0x0000000c   Ven    RO         2292    Veneer$$Code        anon$$obj.o
    0x1fff454c   0x1fff454c   0x0000000c   Ven    RO         2293    Veneer$$Code        anon$$obj.o
    0x1fff4558   0x1fff4558   0x0000000c   Ven    RO         2294    Veneer$$Code        anon$$obj.o
    0x1fff4564   0x1fff4564   0x0000000c   Ven    RO         2295    Veneer$$Code        anon$$obj.o
    0x1fff4570   0x1fff4570   0x0000000c   Ven    RO         2296    Veneer$$Code        anon$$obj.o
    0x1fff457c   0x1fff457c   0x0000000c   Ven    RO         2297    Veneer$$Code        anon$$obj.o
    0x1fff4588   0x1fff4588   0x0000000c   Ven    RO         2298    Veneer$$Code        anon$$obj.o
    0x1fff4594   0x1fff4594   0x0000000c   Ven    RO         2299    Veneer$$Code        anon$$obj.o
    0x1fff45a0   0x1fff45a0   0x0000000c   Ven    RO         2300    Veneer$$Code        anon$$obj.o
    0x1fff45ac   0x1fff45ac   0x0000000c   Ven    RO         2301    Veneer$$Code        anon$$obj.o
    0x1fff45b8   0x1fff45b8   0x0000000c   Ven    RO         2302    Veneer$$Code        anon$$obj.o
    0x1fff45c4   0x1fff45c4   0x0000000c   Ven    RO         2303    Veneer$$Code        anon$$obj.o
    0x1fff45d0   0x1fff45d0   0x0000000c   Ven    RO         2304    Veneer$$Code        anon$$obj.o
    0x1fff45dc   0x1fff45dc   0x0000000c   Ven    RO         2305    Veneer$$Code        anon$$obj.o
    0x1fff45e8   0x1fff45e8   0x0000000c   Ven    RO         2306    Veneer$$Code        anon$$obj.o
    0x1fff45f4   0x1fff45f4   0x0000000c   Ven    RO         2307    Veneer$$Code        anon$$obj.o
    0x1fff4600   0x1fff4600   0x0000000c   Ven    RO         2308    Veneer$$Code        anon$$obj.o
    0x1fff460c   0x1fff460c   0x0000000c   Ven    RO         2309    Veneer$$Code        anon$$obj.o
    0x1fff4618   0x1fff4618   0x0000000c   Ven    RO         2310    Veneer$$Code        anon$$obj.o
    0x1fff4624   0x1fff4624   0x0000000c   Ven    RO         2311    Veneer$$Code        anon$$obj.o
    0x1fff4630   0x1fff4630   0x0000000c   Ven    RO         2312    Veneer$$Code        anon$$obj.o
    0x1fff463c   0x1fff463c   0x0000000c   Ven    RO         2313    Veneer$$Code        anon$$obj.o
    0x1fff4648   0x1fff4648   0x0000000c   Ven    RO         2314    Veneer$$Code        anon$$obj.o
    0x1fff4654   0x1fff4654   0x0000000c   Ven    RO         2315    Veneer$$Code        anon$$obj.o
    0x1fff4660   0x1fff4660   0x0000000c   Ven    RO         2316    Veneer$$Code        anon$$obj.o
    0x1fff466c   0x1fff466c   0x0000000c   Ven    RO         2317    Veneer$$Code        anon$$obj.o
    0x1fff4678   0x1fff4678   0x0000000c   Ven    RO         2318    Veneer$$Code        anon$$obj.o
    0x1fff4684   0x1fff4684   0x0000000c   Ven    RO         2319    Veneer$$Code        anon$$obj.o
    0x1fff4690   0x1fff4690   0x0000000c   Ven    RO         2320    Veneer$$Code        anon$$obj.o
    0x1fff469c   0x1fff469c   0x0000000c   Ven    RO         2321    Veneer$$Code        anon$$obj.o
    0x1fff46a8   0x1fff46a8   0x0000000c   Ven    RO         2322    Veneer$$Code        anon$$obj.o
    0x1fff46b4   0x1fff46b4   0x0000000c   Ven    RO         2323    Veneer$$Code        anon$$obj.o
    0x1fff46c0   0x1fff46c0   0x0000000c   Ven    RO         2324    Veneer$$Code        anon$$obj.o
    0x1fff46cc   0x1fff46cc   0x0000000c   Ven    RO         2325    Veneer$$Code        anon$$obj.o
    0x1fff46d8   0x1fff46d8   0x0000000c   Ven    RO         2326    Veneer$$Code        anon$$obj.o
    0x1fff46e4   0x1fff46e4   0x0000000c   Ven    RO         2327    Veneer$$Code        anon$$obj.o
    0x1fff46f0   0x1fff46f0   0x0000000c   Ven    RO         2328    Veneer$$Code        anon$$obj.o
    0x1fff46fc   0x1fff46fc   0x0000000c   Ven    RO         2329    Veneer$$Code        anon$$obj.o
    0x1fff4708   0x1fff4708   0x0000000c   Ven    RO         2330    Veneer$$Code        anon$$obj.o
    0x1fff4714   0x1fff4714   0x0000000c   Ven    RO         2331    Veneer$$Code        anon$$obj.o
    0x1fff4720   0x1fff4720   0x0000000c   Ven    RO         2332    Veneer$$Code        anon$$obj.o
    0x1fff472c   0x1fff472c   0x0000000c   Ven    RO         2333    Veneer$$Code        anon$$obj.o
    0x1fff4738   0x1fff4738   0x0000000c   Ven    RO         2334    Veneer$$Code        anon$$obj.o
    0x1fff4744   0x1fff4744   0x0000000c   Ven    RO         2335    Veneer$$Code        anon$$obj.o
    0x1fff4750   0x1fff4750   0x0000000c   Ven    RO         2336    Veneer$$Code        anon$$obj.o
    0x1fff475c   0x1fff475c   0x0000000c   Ven    RO         2337    Veneer$$Code        anon$$obj.o
    0x1fff4768   0x1fff4768   0x0000000c   Ven    RO         2338    Veneer$$Code        anon$$obj.o
    0x1fff4774   0x1fff4774   0x0000000c   Ven    RO         2339    Veneer$$Code        anon$$obj.o
    0x1fff4780   0x1fff4780   0x0000000c   Ven    RO         2340    Veneer$$Code        anon$$obj.o
    0x1fff478c   0x1fff478c   0x0000000c   Ven    RO         2341    Veneer$$Code        anon$$obj.o
    0x1fff4798   0x1fff4798   0x0000000c   Ven    RO         2342    Veneer$$Code        anon$$obj.o
    0x1fff47a4   0x1fff47a4   0x0000000c   Ven    RO         2343    Veneer$$Code        anon$$obj.o
    0x1fff47b0   0x1fff47b0   0x0000000c   Ven    RO         2344    Veneer$$Code        anon$$obj.o
    0x1fff47bc   0x1fff47bc   0x0000000c   Ven    RO         2345    Veneer$$Code        anon$$obj.o
    0x1fff47c8   0x1fff47c8   0x0000000c   Ven    RO         2346    Veneer$$Code        anon$$obj.o
    0x1fff47d4   0x1fff47d4   0x0000000c   Ven    RO         2347    Veneer$$Code        anon$$obj.o
    0x1fff47e0   0x1fff47e0   0x0000000c   Ven    RO         2348    Veneer$$Code        anon$$obj.o
    0x1fff47ec   0x1fff47ec   0x0000000c   Ven    RO         2349    Veneer$$Code        anon$$obj.o
    0x1fff47f8   0x1fff47f8   0x0000000c   Ven    RO         2350    Veneer$$Code        anon$$obj.o
    0x1fff4804   0x1fff4804   0x0000000c   Ven    RO         2351    Veneer$$Code        anon$$obj.o
    0x1fff4810   0x1fff4810   0x0000000c   Ven    RO         2352    Veneer$$Code        anon$$obj.o
    0x1fff481c   0x1fff481c   0x0000000c   Ven    RO         2353    Veneer$$Code        anon$$obj.o
    0x1fff4828   0x1fff4828   0x0000000c   Ven    RO         2354    Veneer$$Code        anon$$obj.o
    0x1fff4834   0x1fff4834   0x0000000c   Ven    RO         2355    Veneer$$Code        anon$$obj.o
    0x1fff4840   0x1fff4840   0x0000000c   Ven    RO         2356    Veneer$$Code        anon$$obj.o
    0x1fff484c   0x1fff484c   0x0000000c   Ven    RO         2357    Veneer$$Code        anon$$obj.o
    0x1fff4858   0x1fff4858   0x0000000c   Ven    RO         2358    Veneer$$Code        anon$$obj.o
    0x1fff4864   0x1fff4864   0x0000000c   Ven    RO         2359    Veneer$$Code        anon$$obj.o
    0x1fff4870   0x1fff4870   0x0000000c   Ven    RO         2360    Veneer$$Code        anon$$obj.o
    0x1fff487c   0x1fff487c   0x0000000c   Ven    RO         2361    Veneer$$Code        anon$$obj.o
    0x1fff4888   0x1fff4888   0x0000000c   Ven    RO         2362    Veneer$$Code        anon$$obj.o
    0x1fff4894   0x1fff4894   0x0000000c   Ven    RO         2363    Veneer$$Code        anon$$obj.o
    0x1fff48a0   0x1fff48a0   0x0000000c   Ven    RO         2364    Veneer$$Code        anon$$obj.o
    0x1fff48ac   0x1fff48ac   0x0000000c   Ven    RO         2365    Veneer$$Code        anon$$obj.o
    0x1fff48b8   0x1fff48b8   0x0000000c   Ven    RO         2366    Veneer$$Code        anon$$obj.o
    0x1fff48c4   0x1fff48c4   0x0000000c   Ven    RO         2367    Veneer$$Code        anon$$obj.o
    0x1fff48d0   0x1fff48d0   0x0000000c   Ven    RO         2368    Veneer$$Code        anon$$obj.o
    0x1fff48dc   0x1fff48dc   0x0000000c   Ven    RO         2369    Veneer$$Code        anon$$obj.o
    0x1fff48e8   0x1fff48e8   0x0000000c   Ven    RO         2370    Veneer$$Code        anon$$obj.o
    0x1fff48f4   0x1fff48f4   0x0000000c   Ven    RO         2371    Veneer$$Code        anon$$obj.o
    0x1fff4900   0x1fff4900   0x0000000c   Ven    RO         2372    Veneer$$Code        anon$$obj.o
    0x1fff490c   0x1fff490c   0x0000000c   Ven    RO         2373    Veneer$$Code        anon$$obj.o
    0x1fff4918   0x1fff4918   0x0000000c   Ven    RO         2374    Veneer$$Code        anon$$obj.o
    0x1fff4924   0x1fff4924   0x0000000c   Ven    RO         2375    Veneer$$Code        anon$$obj.o
    0x1fff4930   0x1fff4930   0x0000000c   Ven    RO         2376    Veneer$$Code        anon$$obj.o
    0x1fff493c   0x1fff493c   0x0000000c   Ven    RO         2377    Veneer$$Code        anon$$obj.o
    0x1fff4948   0x1fff4948   0x0000000c   Ven    RO         2378    Veneer$$Code        anon$$obj.o
    0x1fff4954   0x1fff4954   0x0000000c   Ven    RO         2379    Veneer$$Code        anon$$obj.o
    0x1fff4960   0x1fff4960   0x0000000c   Ven    RO         2380    Veneer$$Code        anon$$obj.o
    0x1fff496c   0x1fff496c   0x0000000c   Ven    RO         2381    Veneer$$Code        anon$$obj.o
    0x1fff4978   0x1fff4978   0x0000000c   Ven    RO         2382    Veneer$$Code        anon$$obj.o
    0x1fff4984   0x1fff4984   0x0000000c   Ven    RO         2383    Veneer$$Code        anon$$obj.o
    0x1fff4990   0x1fff4990   0x0000000c   Ven    RO         2384    Veneer$$Code        anon$$obj.o
    0x1fff499c   0x1fff499c   0x0000000c   Ven    RO         2385    Veneer$$Code        anon$$obj.o
    0x1fff49a8   0x1fff49a8   0x0000000c   Ven    RO         2386    Veneer$$Code        anon$$obj.o
    0x1fff49b4   0x1fff49b4   0x0000000c   Ven    RO         2387    Veneer$$Code        anon$$obj.o
    0x1fff49c0   0x1fff49c0   0x0000000c   Ven    RO         2388    Veneer$$Code        anon$$obj.o
    0x1fff49cc   0x1fff49cc   0x0000000c   Ven    RO         2389    Veneer$$Code        anon$$obj.o
    0x1fff49d8   0x1fff49d8   0x0000000c   Ven    RO         2390    Veneer$$Code        anon$$obj.o
    0x1fff49e4   0x1fff49e4   0x0000000c   Ven    RO         2391    Veneer$$Code        anon$$obj.o
    0x1fff49f0   0x1fff49f0   0x0000000c   Ven    RO         2392    Veneer$$Code        anon$$obj.o
    0x1fff49fc   0x1fff49fc   0x0000000c   Ven    RO         2393    Veneer$$Code        anon$$obj.o
    0x1fff4a08   0x1fff4a08   0x0000000c   Ven    RO         2394    Veneer$$Code        anon$$obj.o
    0x1fff4a14   0x1fff4a14   0x0000000c   Ven    RO         2395    Veneer$$Code        anon$$obj.o
    0x1fff4a20   0x1fff4a20   0x0000000c   Ven    RO         2396    Veneer$$Code        anon$$obj.o
    0x1fff4a2c   0x1fff4a2c   0x0000000c   Ven    RO         2397    Veneer$$Code        anon$$obj.o
    0x1fff4a38   0x1fff4a38   0x0000000c   Ven    RO         2398    Veneer$$Code        anon$$obj.o
    0x1fff4a44   0x1fff4a44   0x0000000c   Ven    RO         2399    Veneer$$Code        anon$$obj.o
    0x1fff4a50   0x1fff4a50   0x0000000c   Ven    RO         2400    Veneer$$Code        anon$$obj.o
    0x1fff4a5c   0x1fff4a5c   0x0000000c   Ven    RO         2401    Veneer$$Code        anon$$obj.o
    0x1fff4a68   0x1fff4a68   0x0000003c   Code   RO          973    i.AdvDataStart      rawadv.o
    0x1fff4aa4   0x1fff4aa4   0x00000018   Code   RO          179    i.DevInfo_AddService  devinfoservice.o
    0x1fff4abc   0x1fff4abc   0x00000020   Code   RO          181    i.DevInfo_SetParameter  devinfoservice.o
    0x1fff4adc   0x1fff4adc   0x00000140   Code   RO          502    i.GAPBondMgr_LinkEst  gapbondmgr.o
    0x1fff4c1c   0x1fff4c1c   0x000000b4   Code   RO          507    i.GAPBondMgr_ResolveAddr  gapbondmgr.o
    0x1fff4cd0   0x1fff4cd0   0x000000e8   Code   RO          751    i.GAPRole_GetParameter  peripheral.o
    0x1fff4db8   0x1fff4db8   0x00000044   Code   RO          752    i.GAPRole_Init      peripheral.o
    0x1fff4dfc   0x1fff4dfc   0x000000f4   Code   RO          753    i.GAPRole_ProcessEvent  peripheral.o
    0x1fff4ef0   0x1fff4ef0   0x00000058   Code   RO          755    i.GAPRole_SendUpdateParam  peripheral.o
    0x1fff4f48   0x1fff4f48   0x00000214   Code   RO          756    i.GAPRole_SetParameter  peripheral.o
    0x1fff515c   0x1fff515c   0x00000038   Code   RO          757    i.GAPRole_StartDevice  peripheral.o
    0x1fff5194   0x1fff5194   0x00000020   Code   RO          758    i.GAPRole_TerminateConnection  peripheral.o
    0x1fff51b4   0x1fff51b4   0x0000003e   Code   RO          481    i.GAP_DeviceInit    gap.o
    0x1fff51f2   COMPRESSED   0x00000002   PAD
    0x1fff51f4   0x1fff51f4   0x00000020   Code   RO          263    i.GATTServApp_AddService  gattservapp.o
    0x1fff5214   0x1fff5214   0x0000004c   Code   RO          269    i.GATTServApp_Init  gattservapp.o
    0x1fff5260   0x1fff5260   0x00000030   Code   RO          270    i.GATTServApp_InitCharCfg  gattservapp.o
    0x1fff5290   0x1fff5290   0x00000058   Code   RO          271    i.GATTServApp_ProcessCCCWriteReq  gattservapp.o
    0x1fff52e8   0x1fff52e8   0x00000038   Code   RO          273    i.GATTServApp_ProcessEvent  gattservapp.o
    0x1fff5320   0x1fff5320   0x00000228   Code   RO          274    i.GATTServApp_ReadAttr  gattservapp.o
    0x1fff5548   0x1fff5548   0x0000000e   Code   RO          275    i.GATTServApp_ReadCharCfg  gattservapp.o
    0x1fff5556   COMPRESSED   0x00000002   PAD
    0x1fff5558   0x1fff5558   0x0000005c   Code   RO          277    i.GATTServApp_RegisterService  gattservapp.o
    0x1fff55b4   0x1fff55b4   0x00000038   Code   RO          278    i.GATTServApp_SendCCCUpdatedEvent  gattservapp.o
    0x1fff55ec   0x1fff55ec   0x00000024   Code   RO          279    i.GATTServApp_SendServiceChangedInd  gattservapp.o
    0x1fff5610   0x1fff5610   0x00000018   Code   RO          282    i.GATTServApp_UpdateCharCfg  gattservapp.o
    0x1fff5628   0x1fff5628   0x00000042   Code   RO          283    i.GATTServApp_WriteAttr  gattservapp.o
    0x1fff566a   COMPRESSED   0x00000002   PAD
    0x1fff566c   0x1fff566c   0x0000002c   Code   RO          284    i.GATTServApp_WriteCharCfg  gattservapp.o
    0x1fff5698   0x1fff5698   0x00000020   Code   RO          677    i.GGS_AddService    gapgattserver.o
    0x1fff56b8   0x1fff56b8   0x00000088   Code   RO          683    i.GGS_SetParameter  gapgattserver.o
    0x1fff5740   0x1fff5740   0x00000150   Code   RO         1898    i.LL_ENC_Decrypt0   rf.lib(patch.o)
    0x1fff5890   0x1fff5890   0x00000148   Code   RO         1899    i.LL_ENC_Encrypt0   rf.lib(patch.o)
    0x1fff59d8   0x1fff59d8   0x000005f0   Code   RO         1900    i.LL_IRQHandler1    rf.lib(patch.o)
    0x1fff5fc8   0x1fff5fc8   0x00000254   Code   RO         1910    i.LL_SetAdvParam1   rf.lib(patch.o)
    0x1fff621c   0x1fff621c   0x00000044   Code   RO         1911    i.LL_set_default_conn_params1  rf.lib(patch.o)
    0x1fff6260   0x1fff6260   0x00000178   Code   RO         1912    i.LL_slave_conn_event1  rf.lib(patch.o)
    0x1fff63d8   0x1fff63d8   0x000000a8   Code   RO         2093    i.ProgramWord       rf.lib(flash_ext.o)
    0x1fff6480   0x1fff6480   0x0000004c   Code   RO          975    i.RawAdvNotificationCB  rawadv.o
    0x1fff64cc   0x1fff64cc   0x00000178   Code   RO          976    i.RawAdv_Init       rawadv.o
    0x1fff6644   0x1fff6644   0x000000a8   Code   RO          977    i.RawAdv_ProcessEvent  rawadv.o
    0x1fff66ec   0x1fff66ec   0x00000010   Code   RO         1864    i.SystemInit        system_armcm0.o
    0x1fff66fc   0x1fff66fc   0x0000007c   Code   RO         1914    i.TIM0_IRQHandler1  rf.lib(patch.o)
    0x1fff6778   0x1fff6778   0x0000002c   Code   RO         1675    i.WaitRTCCount      common.o
    0x1fff67a4   0x1fff67a4   0x00000018   Code   RO         1470    i.__NVIC_EnableIRQ  gpio.o
    0x1fff67bc   0x1fff67bc   0x00000044   Code   RO            3    i.__NVIC_SetPriority  main.o
    0x1fff6800   0x1fff6800   0x00000044   Code   RO         1471    i.__NVIC_SetPriority  gpio.o
    0x1fff6844   0x1fff6844   0x0000000e   Code   RO         2210    i.__scatterload_copy  mc_p.l(handlers.o)
    0x1fff6852   0x1fff6852   0x00000002   Code   RO         2211    i.__scatterload_null  mc_p.l(handlers.o)
    0x1fff6854   0x1fff6854   0x0000000e   Code   RO         2212    i.__scatterload_zeroinit  mc_p.l(handlers.o)
    0x1fff6862   0x1fff6862   0x00000014   Code   RO         1039    i.app_main          rawadv_main.o
    0x1fff6876   0x1fff6876   0x00000036   Code   RO         1915    i.arry_sort         rf.lib(patch.o)
    0x1fff68ac   0x1fff68ac   0x0000004c   Code   RO         1916    i.boot_init1        rf.lib(patch.o)
    0x1fff68f8   0x1fff68f8   0x00000020   Code   RO         2097    i.check_chip_id     rf.lib(flash_ext.o)
    0x1fff6918   0x1fff6918   0x00000020   Code   RO         2098    i.check_chip_mAddr  rf.lib(flash_ext.o)
    0x1fff6938   0x1fff6938   0x00000028   Code   RO         2099    i.check_internal_bus_busy  rf.lib(flash_ext.o)
    0x1fff6960   0x1fff6960   0x0000006c   Code   RO         2100    i.chip_id_one_bit_hot_convter  rf.lib(flash_ext.o)
    0x1fff69cc   0x1fff69cc   0x00000014   Code   RO         1236    i.clk_gate_enable   clock.o
    0x1fff69e0   0x1fff69e0   0x0000000c   Code   RO         1238    i.clk_pclk          clock.o
    0x1fff69ec   0x1fff69ec   0x00000016   Code   RO         1239    i.clk_reset         clock.o
    0x1fff6a02   COMPRESSED   0x00000002   PAD
    0x1fff6a04   0x1fff6a04   0x00000018   Code   RO         1918    i.clock_time_rtc    rf.lib(patch.o)
    0x1fff6a1c   0x1fff6a1c   0x00000060   Code   RO         1919    i.config_RTC1       rf.lib(patch.o)
    0x1fff6a7c   0x1fff6a7c   0x00000134   Code   RO          182    i.devInfo_ReadAttrCB  devinfoservice.o
    0x1fff6bb0   0x1fff6bb0   0x00000020   Code   RO         2102    i.disable_spif_flash_write  rf.lib(flash_ext.o)
    0x1fff6bd0   0x1fff6bd0   0x00000020   Code   RO         2103    i.enable_spif_flash_write  rf.lib(flash_ext.o)
    0x1fff6bf0   0x1fff6bf0   0x0000011c   Code   RO         1920    i.enterSleepProcess1  rf.lib(patch.o)
    0x1fff6d0c   0x1fff6d0c   0x0000001c   Code   RO         1410    i.flash_read_ucds   flash.o
    0x1fff6d28   0x1fff6d28   0x00000034   Code   RO         1413    i.flash_write_ucds  flash.o
    0x1fff6d5c   0x1fff6d5c   0x00000030   Code   RO          518    i.gapBondMgrFindAddr  gapbondmgr.o
    0x1fff6d8c   0x1fff6d8c   0x00000036   Code   RO          520    i.gapBondMgrGetPublicAddr  gapbondmgr.o
    0x1fff6dc2   0x1fff6dc2   0x0000001c   Code   RO          521    i.gapBondMgrInvertCharCfgItem  gapbondmgr.o
    0x1fff6dde   COMPRESSED   0x00000002   PAD
    0x1fff6de0   0x1fff6de0   0x000001f4   Code   RO          759    i.gapRole_ProcessGAPMsg  peripheral.o
    0x1fff6fd4   0x1fff6fd4   0x00000080   Code   RO          760    i.gapRole_ProcessOSALMsg  peripheral.o
    0x1fff7054   0x1fff7054   0x00000058   Code   RO          761    i.gapRole_startConnUpdate  peripheral.o
    0x1fff70ac   0x1fff70ac   0x0000000e   Code   RO          285    i.gattServApp_FindAuthorizeAttrCB  gattservapp.o
    0x1fff70ba   0x1fff70ba   0x0000001c   Code   RO          286    i.gattServApp_FindCharCfgItem  gattservapp.o
    0x1fff70d6   COMPRESSED   0x00000002   PAD
    0x1fff70d8   0x1fff70d8   0x00000024   Code   RO          287    i.gattServApp_FindPrepareWriteQ  gattservapp.o
    0x1fff70fc   0x1fff70fc   0x00000020   Code   RO          288    i.gattServApp_FindServiceCBs  gattservapp.o
    0x1fff711c   0x1fff711c   0x0000005c   Code   RO          289    i.gattServApp_HandleConnStatusCB  gattservapp.o
    0x1fff7178   0x1fff7178   0x00000088   Code   RO          290    i.gattServApp_ProcessExecuteWriteReq  gattservapp.o
    0x1fff7200   0x1fff7200   0x000000dc   Code   RO          291    i.gattServApp_ProcessFindByTypeValueReq  gattservapp.o
    0x1fff72dc   0x1fff72dc   0x00000134   Code   RO          292    i.gattServApp_ProcessMsg  gattservapp.o
    0x1fff7410   0x1fff7410   0x000000a4   Code   RO          293    i.gattServApp_ProcessPrepareWriteReq  gattservapp.o
    0x1fff74b4   0x1fff74b4   0x00000128   Code   RO          294    i.gattServApp_ProcessReadByGrpTypeReq  gattservapp.o
    0x1fff75dc   0x1fff75dc   0x00000100   Code   RO          295    i.gattServApp_ProcessReadByTypeReq  gattservapp.o
    0x1fff76dc   0x1fff76dc   0x000000a8   Code   RO          296    i.gattServApp_ProcessReadMultiReq  gattservapp.o
    0x1fff7784   0x1fff7784   0x00000070   Code   RO          297    i.gattServApp_ProcessWriteReq  gattservapp.o
    0x1fff77f4   0x1fff77f4   0x00000078   Code   RO          298    i.gattServApp_SetNumPrepareWrites  gattservapp.o
    0x1fff786c   0x1fff786c   0x00000030   Code   RO          299    i.gattServApp_WriteAttrCB  gattservapp.o
    0x1fff789c   0x1fff789c   0x00000028   Code   RO         1922    i.getPN23RandNumber  rf.lib(patch.o)
    0x1fff78c4   0x1fff78c4   0x000000c2   Code   RO          684    i.ggs_ReadAttrCB    gapgattserver.o
    0x1fff7986   0x1fff7986   0x00000058   Code   RO          685    i.ggs_SetAttrWPermit  gapgattserver.o
    0x1fff79de   COMPRESSED   0x00000002   PAD
    0x1fff79e0   0x1fff79e0   0x000000e4   Code   RO          686    i.ggs_WriteAttrCB   gapgattserver.o
    0x1fff7ac4   0x1fff7ac4   0x0000003c   Code   RO         1472    i.gpio_interrupt_enable  gpio.o
    0x1fff7b00   0x1fff7b00   0x00000028   Code   RO         1473    i.gpio_pin0to3_pin31to34_control  gpio.o
    0x1fff7b28   0x1fff7b28   0x00000058   Code   RO            4    i.gpio_pos_wakeuphandler  main.o
    0x1fff7b80   0x1fff7b80   0x00000044   Code   RO         1474    i.gpio_sleep_handler  gpio.o
    0x1fff7bc4   0x1fff7bc4   0x0000005c   Code   RO         1475    i.gpio_wakeup_handler  gpio.o
    0x1fff7c20   0x1fff7c20   0x00000068   Code   RO         1476    i.gpioin_event      gpio.o
    0x1fff7c88   0x1fff7c88   0x00000024   Code   RO         1477    i.gpioin_event_pin  gpio.o
    0x1fff7cac   0x1fff7cac   0x00000018   Code   RO         1478    i.hal_GPIO_IRQHandler  gpio.o
    0x1fff7cc4   0x1fff7cc4   0x00000040   Code   RO         1147    i.hal_UART0_IRQHandler  uart.o
    0x1fff7d04   0x1fff7d04   0x00000010   Code   RO         1683    i.hal_cpyMem        common.o
    0x1fff7d14   0x1fff7d14   0x00000028   Code   RO         1481    i.hal_gpio_fmux     gpio.o
    0x1fff7d3c   0x1fff7d3c   0x00000030   Code   RO         1482    i.hal_gpio_fmux_set  gpio.o
    0x1fff7d6c   0x1fff7d6c   0x0000005c   Code   RO         1483    i.hal_gpio_init     gpio.o
    0x1fff7dc8   0x1fff7dc8   0x00000058   Code   RO         1492    i.hal_gpio_pin_init  gpio.o
    0x1fff7e20   0x1fff7e20   0x00000038   Code   RO         1493    i.hal_gpio_pull_set  gpio.o
    0x1fff7e58   0x1fff7e58   0x00000038   Code   RO         1494    i.hal_gpio_read     gpio.o
    0x1fff7e90   0x1fff7e90   0x00000050   Code   RO         1496    i.hal_gpio_wakeup_set  gpio.o
    0x1fff7ee0   0x1fff7ee0   0x00000040   Code   RO         1497    i.hal_gpio_write    gpio.o
    0x1fff7f20   0x1fff7f20   0x00000048   Code   RO         1498    i.hal_gpioin_disable  gpio.o
    0x1fff7f68   0x1fff7f68   0x0000006c   Code   RO         1499    i.hal_gpioin_enable  gpio.o
    0x1fff7fd4   0x1fff7fd4   0x00000030   Code   RO         1500    i.hal_gpioin_register  gpio.o
    0x1fff8004   0x1fff8004   0x00000018   Code   RO         1300    i.hal_pwrmgr_RAM_retention  pwrmgr.o
    0x1fff801c   0x1fff801c   0x00000018   Code   RO         1301    i.hal_pwrmgr_RAM_retention_clr  pwrmgr.o
    0x1fff8034   0x1fff8034   0x0000001c   Code   RO         1302    i.hal_pwrmgr_RAM_retention_set  pwrmgr.o
    0x1fff8050   0x1fff8050   0x00000034   Code   RO         1303    i.hal_pwrmgr_init   pwrmgr.o
    0x1fff8084   0x1fff8084   0x00000054   Code   RO         1305    i.hal_pwrmgr_lock   pwrmgr.o
    0x1fff80d8   0x1fff80d8   0x00000044   Code   RO         1307    i.hal_pwrmgr_register  pwrmgr.o
    0x1fff811c   0x1fff811c   0x00000034   Code   RO         1308    i.hal_pwrmgr_sleep_process  pwrmgr.o
    0x1fff8150   0x1fff8150   0x00000060   Code   RO         1309    i.hal_pwrmgr_unlock  pwrmgr.o
    0x1fff81b0   0x1fff81b0   0x00000030   Code   RO         1311    i.hal_pwrmgr_wakeup_process  pwrmgr.o
    0x1fff81e0   0x1fff81e0   0x00000078   Code   RO            5    i.hal_rfphy_init    main.o
    0x1fff8258   0x1fff8258   0x00000064   Code   RO         1924    i.hal_rom_code_ini  rf.lib(patch.o)
    0x1fff82bc   0x1fff82bc   0x0000008c   Code   RO         1241    i.hal_rtc_clock_config  clock.o
    0x1fff8348   0x1fff8348   0x000000d4   Code   RO         1691    i.hal_system_init   common.o
    0x1fff841c   0x1fff841c   0x00000054   Code   RO         1149    i.hal_uart_init     uart.o
    0x1fff8470   0x1fff8470   0x0000001c   Code   RO         1150    i.hal_uart_send_buff  uart.o
    0x1fff848c   0x1fff848c   0x00000040   Code   RO          925    i.hard_fault        jump_table.o
    0x1fff84cc   0x1fff84cc   0x000001dc   Code   RO         1925    i.init_config       rf.lib(patch.o)
    0x1fff86a8   0x1fff86a8   0x00000050   Code   RO         1153    i.irq_rx_handler    uart.o
    0x1fff86f8   0x1fff86f8   0x0000007c   Code   RO         1154    i.irq_tx_empty_handler  uart.o
    0x1fff8774   0x1fff8774   0x0000001e   Code   RO         1926    i.llAdjSlaveLatencyValue  rf.lib(patch.o)
    0x1fff8792   COMPRESSED   0x00000002   PAD
    0x1fff8794   0x1fff8794   0x0000016c   Code   RO         1927    i.llProcessRxData1  rf.lib(patch.o)
    0x1fff8900   0x1fff8900   0x00000228   Code   RO         1928    i.llProcessSlaveControlPacket1  rf.lib(patch.o)
    0x1fff8b28   0x1fff8b28   0x00000284   Code   RO         1929    i.llProcessSlaveControlProcedures0  rf.lib(patch.o)
    0x1fff8dac   0x1fff8dac   0x0000006c   Code   RO         1930    i.llSetupAdv1       rf.lib(patch.o)
    0x1fff8e18   0x1fff8e18   0x00000194   Code   RO         1931    i.llSetupDirectedAdvEvt1  rf.lib(patch.o)
    0x1fff8fac   0x1fff8fac   0x00000088   Code   RO         1932    i.llSetupEncRsp0    rf.lib(patch.o)
    0x1fff9034   0x1fff9034   0x0000006c   Code   RO         1933    i.llSetupFeatureSetRsp1  rf.lib(patch.o)
    0x1fff90a0   0x1fff90a0   0x00000148   Code   RO         1934    i.llSetupNextSlaveEvent1  rf.lib(patch.o)
    0x1fff91e8   0x1fff91e8   0x00000038   Code   RO         1935    i.llSetupRejectInd1  rf.lib(patch.o)
    0x1fff9220   0x1fff9220   0x00000070   Code   RO         1936    i.llSetupTermInd1   rf.lib(patch.o)
    0x1fff9290   0x1fff9290   0x000000f8   Code   RO         1937    i.llSetupUndirectedAdvEvt1  rf.lib(patch.o)
    0x1fff9388   0x1fff9388   0x0000005c   Code   RO         1938    i.llSetupUnknownRsp1  rf.lib(patch.o)
    0x1fff93e4   0x1fff93e4   0x000001b8   Code   RO         1939    i.llSlaveEvt_TaskEndOk1  rf.lib(patch.o)
    0x1fff959c   0x1fff959c   0x00000064   Code   RO         1940    i.ll_adptive_adj_next_time  rf.lib(patch.o)
    0x1fff9600   0x1fff9600   0x00000098   Code   RO         1941    i.ll_adptive_smart_window  rf.lib(patch.o)
    0x1fff9698   0x1fff9698   0x00000090   Code   RO         1942    i.ll_hw_go1         rf.lib(patch.o)
    0x1fff9728   0x1fff9728   0x0000007c   Code   RO            6    i.main              main.o
    0x1fff97a4   0x1fff97a4   0x0000022c   Code   RO         1943    i.move_to_slave_function1  rf.lib(patch.o)
    0x1fff99d0   0x1fff99d0   0x00000064   Code   RO         1059    i.osalInitTasks     osal_rawadv.o
    0x1fff9a34   0x1fff9a34   0x0000014c   Code   RO         1944    i.osal_pwrmgr_powerconserve1  rf.lib(patch.o)
    0x1fff9b80   0x1fff9b80   0x00000050   Code   RO         1805    i.osal_snv_read     osal_snv.o
    0x1fff9bd0   0x1fff9bd0   0x0000003c   Code   RO         1087    i.phy_printf        my_printf.o
    0x1fff9c0c   0x1fff9c0c   0x000000f0   Code   RO         1089    i.print             my_printf.o
    0x1fff9cfc   0x1fff9cfc   0x00000034   Code   RO         1807    i.print_hex         osal_snv.o
    0x1fff9d30   0x1fff9d30   0x0000002c   Code   RO         1090    i.printchar         my_printf.o
    0x1fff9d5c   0x1fff9d5c   0x00000092   Code   RO         1091    i.printi            my_printf.o
    0x1fff9dee   0x1fff9dee   0x00000070   Code   RO         1092    i.prints            my_printf.o
    0x1fff9e5e   COMPRESSED   0x00000002   PAD
    0x1fff9e60   0x1fff9e60   0x00000060   Code   RO         1947    i.rc32k_calibration  rf.lib(patch.o)
    0x1fff9ec0   0x1fff9ec0   0x00000040   Code   RO         1948    i.rc32k_calibration_check  rf.lib(patch.o)
    0x1fff9f00   0x1fff9f00   0x00000070   Code   RO         1949    i.rc32k_tracking_check  rf.lib(patch.o)
    0x1fff9f70   0x1fff9f70   0x0000003c   Code   RO         2107    i.read_chip_id      rf.lib(flash_ext.o)
    0x1fff9fac   0x1fff9fac   0x00000040   Code   RO         2108    i.read_chip_mAddr   rf.lib(flash_ext.o)
    0x1fff9fec   0x1fff9fec   0x00000028   Code   RO         1950    i.rf_calibrate1     rf.lib(patch.o)
    0x1fffa014   0x1fffa014   0x000000dc   Code   RO         2034    i.rf_phy_ana_cfg    rf.lib(rf_phy_driver.o)
    0x1fffa0f0   0x1fffa0f0   0x00000110   Code   RO         2035    i.rf_phy_bb_cfg     rf.lib(rf_phy_driver.o)
    0x1fffa200   0x1fffa200   0x00000030   Code   RO         2049    i.rf_phy_get_pktFoot  rf.lib(rf_phy_driver.o)
    0x1fffa230   0x1fffa230   0x0000001c   Code   RO         2050    i.rf_phy_ini        rf.lib(rf_phy_driver.o)
    0x1fffa24c   0x1fffa24c   0x00000034   Code   RO         2051    i.rf_phy_set_txPower  rf.lib(rf_phy_driver.o)
    0x1fffa280   0x1fffa280   0x00000108   Code   RO         2052    i.rf_rxDcoc_cfg     rf.lib(rf_phy_driver.o)
    0x1fffa388   0x1fffa388   0x0000009c   Code   RO         2055    i.rf_tpCal_gen_cap_arrary  rf.lib(rf_phy_driver.o)
    0x1fffa424   0x1fffa424   0x00000094   Code   RO         2056    i.rf_tp_cal         rf.lib(rf_phy_driver.o)
    0x1fffa4b8   0x1fffa4b8   0x00000014   Code   RO            7    i.rf_wakeup_handler  main.o
    0x1fffa4cc   0x1fffa4cc   0x00000028   Code   RO         1808    i.snv_calc_addr     osal_snv.o
    0x1fffa4f4   0x1fffa4f4   0x00000024   Code   RO         1693    i.subWriteReg       common.o
    0x1fffa518   0x1fffa518   0x00000068   Code   RO         1155    i.txmit_buf_polling  uart.o
    0x1fffa580   0x1fffa580   0x00000080   Code   RO         1156    i.txmit_buf_use_tx_buf  uart.o
    0x1fffa600   0x1fffa600   0x00000098   Code   RO         1157    i.uart_hw_config    uart.o
    0x1fffa698   0x1fffa698   0x0000007c   Code   RO            8    i.uart_tst_evt      main.o
    0x1fffa714   0x1fffa714   0x00000044   Code   RO          980    i.updateAdvData     rawadv.o
    0x1fffa758   0x1fffa758   0x000001a8   Code   RO         1954    i.wakeupProcess1    rf.lib(patch.o)
    0x1fffa900   0x1fffa900   0x000000d8   Code   RO         1955    i.wakeup_init1      rf.lib(patch.o)
    0x1fffa9d8   0x1fffa9d8   0x00000010   Data   RO            9    .constdata          main.o
    0x1fffa9e8   0x1fffa9e8   0x00000002   Data   RO          183    .constdata          devinfoservice.o
    0x1fffa9ea   0x1fffa9ea   0x00000002   Data   RO          184    .constdata          devinfoservice.o
    0x1fffa9ec   0x1fffa9ec   0x00000002   Data   RO          185    .constdata          devinfoservice.o
    0x1fffa9ee   0x1fffa9ee   0x00000002   Data   RO          186    .constdata          devinfoservice.o
    0x1fffa9f0   0x1fffa9f0   0x00000002   Data   RO          187    .constdata          devinfoservice.o
    0x1fffa9f2   0x1fffa9f2   0x00000002   Data   RO          188    .constdata          devinfoservice.o
    0x1fffa9f4   0x1fffa9f4   0x00000002   Data   RO          189    .constdata          devinfoservice.o
    0x1fffa9f6   0x1fffa9f6   0x00000002   Data   RO          190    .constdata          devinfoservice.o
    0x1fffa9f8   0x1fffa9f8   0x00000002   Data   RO          191    .constdata          devinfoservice.o
    0x1fffa9fa   0x1fffa9fa   0x00000002   Data   RO          192    .constdata          devinfoservice.o
    0x1fffa9fc   0x1fffa9fc   0x00000008   Data   RO          193    .constdata          devinfoservice.o
    0x1fffaa04   0x1fffaa04   0x00000080   Data   RO          194    .constdata          devinfoservice.o
    0x1fffaa84   0x1fffaa84   0x00000008   Data   RO          301    .constdata          gattservapp.o
    0x1fffaa8c   0x1fffaa8c   0x0000000c   Data   RO          302    .constdata          gattservapp.o
    0x1fffaa98   0x1fffaa98   0x00000008   Data   RO          688    .constdata          gapgattserver.o
    0x1fffaaa0   0x1fffaaa0   0x0000000c   Data   RO          689    .constdata          gapgattserver.o
    0x1fffaaac   0x1fffaaac   0x00000024   Data   RO         1060    .constdata          osal_rawadv.o
    0x1fffaad0   0x1fffaad0   0x00000001   Data   RO         1061    .constdata          osal_rawadv.o
    0x1fffaad1   COMPRESSED   0x00000003   PAD
    0x1fffaad4   0x1fffaad4   0x0000000c   Data   RO         1159    .constdata          uart.o
    0x1fffaae0   0x1fffaae0   0x00000050   Data   RO         2208    Region$$Table       anon$$obj.o
    0x1fffab30   COMPRESSED   0x00000001   Data   RW           10    .data               main.o
    0x1fffab31   COMPRESSED   0x00000001   Data   RW          195    .data               devinfoservice.o
    0x1fffab32   COMPRESSED   0x00000002   PAD
    0x1fffab34   COMPRESSED   0x00000140   Data   RW          196    .data               devinfoservice.o
    0x1fffac74   COMPRESSED   0x00000001   Data   RW          197    .data               devinfoservice.o
    0x1fffac75   COMPRESSED   0x00000001   Data   RW          198    .data               devinfoservice.o
    0x1fffac76   COMPRESSED   0x00000001   Data   RW          199    .data               devinfoservice.o
    0x1fffac77   COMPRESSED   0x00000001   Data   RW          200    .data               devinfoservice.o
    0x1fffac78   COMPRESSED   0x00000001   Data   RW          201    .data               devinfoservice.o
    0x1fffac79   COMPRESSED   0x00000001   Data   RW          202    .data               devinfoservice.o
    0x1fffac7a   COMPRESSED   0x00000001   Data   RW          203    .data               devinfoservice.o
    0x1fffac7b   COMPRESSED   0x00000001   Data   RW          204    .data               devinfoservice.o
    0x1fffac7c   COMPRESSED   0x00000058   Data   RW          303    .data               gattservapp.o
    0x1fffacd4   COMPRESSED   0x00000001   Data   RW          304    .data               gattservapp.o
    0x1fffacd5   COMPRESSED   0x00000003   PAD
    0x1fffacd8   COMPRESSED   0x00000024   Data   RW          529    .data               gapbondmgr.o
    0x1fffacfc   COMPRESSED   0x00000080   Data   RW          690    .data               gapgattserver.o
    0x1fffad7c   COMPRESSED   0x00000001   Data   RW          691    .data               gapgattserver.o
    0x1fffad7d   COMPRESSED   0x00000001   Data   RW          692    .data               gapgattserver.o
    0x1fffad7e   COMPRESSED   0x00000001   Data   RW          693    .data               gapgattserver.o
    0x1fffad7f   COMPRESSED   0x00000001   PAD
    0x1fffad80   COMPRESSED   0x00000061   Data   RW          763    .data               peripheral.o
    0x1fffade1   COMPRESSED   0x00000003   PAD
    0x1fffade4   COMPRESSED   0x00000049   Data   RW          982    .data               rawadv.o
    0x1fffae2d   COMPRESSED   0x00000003   PAD
    0x1fffae30   COMPRESSED   0x00000004   Data   RW         1062    .data               osal_rawadv.o
    0x1fffae34   COMPRESSED   0x00000002   Data   RW         1095    .data               my_printf.o
    0x1fffae36   COMPRESSED   0x00000002   PAD
    0x1fffae38   COMPRESSED   0x00000008   Data   RW         1314    .data               pwrmgr.o
    0x1fffae40   COMPRESSED   0x00000004   Data   RW         1865    .data               system_armcm0.o
    0x1fffae44   COMPRESSED   0x00000058   Data   RW         1960    .data               rf.lib(patch.o)
    0x1fffae9c   COMPRESSED   0x00000038   Data   RW         2059    .data               rf.lib(rf_phy_driver.o)
    0x1fffaed4   COMPRESSED   0x0000000a   Data   RW         2115    .data               rf.lib(flash_ext.o)
    0x1fffaede   COMPRESSED   0x00000002   PAD
    0x1fffaee0        -       0x00000210   Zero   RW          300    .bss                gattservapp.o
    0x1fffb0f0        -       0x000000a6   Zero   RW          528    .bss                gapbondmgr.o
    0x1fffb196        -       0x00000016   Zero   RW          687    .bss                gapgattserver.o
    0x1fffb1ac        -       0x0000003f   Zero   RW          762    .bss                peripheral.o
    0x1fffb1eb        -       0x00000078   Zero   RW         1093    .bss                my_printf.o
    0x1fffb263   COMPRESSED   0x00000001   PAD
    0x1fffb264        -       0x00000020   Zero   RW         1158    .bss                uart.o
    0x1fffb284        -       0x00000078   Zero   RW         1313    .bss                pwrmgr.o
    0x1fffb2fc        -       0x000001c8   Zero   RW         1502    .bss                gpio.o
    0x1fffb4c4        -       0x000001bc   Zero   RW         1956    .bss                rf.lib(patch.o)
    0x1fffb680        -       0x00000028   Zero   RW         2058    .bss                rf.lib(rf_phy_driver.o)
    0x1fffb6a8        -       0x00000041   Zero   RW         2114    .bss                rf.lib(flash_ext.o)
    0x1fffb6e9   COMPRESSED   0x00000007   PAD
    0x1fffb6f0        -       0x00000200   Zero   RW         1854    STACK               startup_armcm0.o



  Load Region LR_IROM2 (Base: 0x1fff0800, Size: 0x00000800, Max: 0x00000800, ABSOLUTE, COMPRESSED[0x0000040c])

    Execution Region JUMP_TABLE (Exec base: 0x1fff0800, Load base: 0x1fff0800, Size: 0x00000400, Max: 0x00000400, ABSOLUTE)

    Exec Addr    Load Addr    Size         Type   Attr      Idx    E Section Name        Object

    0x1fff0800   0x1fff0800   0x00000400   Data   RO          927    jump_table_mem_area  jump_table.o


    Execution Region GOLBAL_CONFIG (Exec base: 0x1fff0c00, Load base: 0x1fff0c00, Size: 0x00000400, Max: 0x00000400, ABSOLUTE, COMPRESSED[0x0000000c])

    Exec Addr    Load Addr    Size         Type   Attr      Idx    E Section Name        Object

    0x1fff0c00   COMPRESSED   0x00000400   Data   RW          926    global_config_area  jump_table.o


==============================================================================

Image component sizes


      Code (inc. data)   RO Data    RW Data    ZI Data      Debug   Object Name

       194         20          0          0          0       2124   clock.o
       308         40          0          0          0       3825   common.o
       364         32        156        329          0      21215   devinfoservice.o
        80         12          0          0          0       1881   flash.o
        62         12          0          0          0      10997   gap.o
       630         16          0         36        166      23554   gapbondmgr.o
       678         44         20        131         22       5924   gapgattserver.o
      3214        152         20         89        528      29083   gattservapp.o
      1268        122          0          0        456      22789   gpio.o
        64         34       1024       1024          0       1808   jump_table.o
       544        108         16          1          0      20820   main.o
       602         26          0          2        120       6174   my_printf.o
       100          6         37          4          0       1968   osal_rawadv.o
       172         44          0          0          0       2544   osal_snv.o
      1968        152          0         97         63      13816   peripheral.o
       476         64          0          8        120       7922   pwrmgr.o
       748        108          0         73          0       5541   rawadv.o
        20          0          0          0          0        475   rawadv_main.o
        28          8        192          0        512        636   startup_armcm0.o
        16          8          0          4          0        707   system_armcm0.o
       764         78         12          0         32      14752   uart.o

    ----------------------------------------------------------------------
     14524       1822       1560       1812       2020     198555   Object Totals
      2208        736         80          0          0          0   (incl. Generated)
        16          0          3         14          1          0   (incl. Padding)

    ----------------------------------------------------------------------

      Code (inc. data)   RO Data    RW Data    ZI Data      Debug   Library Member Name

        86          0          0          0          0          0   __dczerorl2.o
         0          0          0          0          0          0   entry.o
         0          0          0          0          0          0   entry10a.o
         0          0          0          0          0          0   entry11a.o
         8          4          0          0          0          0   entry2.o
         4          0          0          0          0          0   entry5.o
         0          0          0          0          0          0   entry7b.o
         0          0          0          0          0          0   entry8b.o
         8          4          0          0          0          0   entry9a.o
        30          0          0          0          0          0   handlers.o
        36          8          0          0          0         68   init.o
        36          0          0          0          0         60   memcpya.o
        36          0          0          0          0        100   memseta.o
        20          0          0          0          0         60   uread4.o
       568         46          0         10         65        620   flash_ext.o
     10356       1070          0         88        444       2952   patch.o
      1188        266          0         56         40        576   rf_phy_driver.o

    ----------------------------------------------------------------------
     12380       1398          0        156        556       4436   Library Totals
         4          0          0          2          7          0   (incl. Padding)

    ----------------------------------------------------------------------

      Code (inc. data)   RO Data    RW Data    ZI Data      Debug   Library Name

       264         16          0          0          0        288   mc_p.l
     12112       1382          0        154        549       4148   rf.lib

    ----------------------------------------------------------------------
     12380       1398          0        156        556       4436   Library Totals

    ----------------------------------------------------------------------

==============================================================================


      Code (inc. data)   RO Data    RW Data    ZI Data      Debug   

     26904       3220       1560       1968       2576     195427   Grand Totals
     26904       3220       1560        316       2576     195427   ELF Image Totals (compressed)
     26904       3220       1560        316          0          0   ROM Totals

==============================================================================

    Total RO  Size (Code + RO Data)                28464 (  27.80kB)
    Total RW  Size (RW Data + ZI Data)              4544 (   4.44kB)
    Total ROM Size (Code + RO Data + RW Data)      28780 (  28.11kB)

==============================================================================

